Archive member included because of file (symbol)

c:/program files (x86)/gnu tools arm embedded/4.9 2015q2/bin/../lib/gcc/arm-none-eabi/4.9.3/../../../../arm-none-eabi/lib/armv7e-m/fpu\libc_nano.a(lib_a-exit.o)
                              c:/program files (x86)/gnu tools arm embedded/4.9 2015q2/bin/../lib/gcc/arm-none-eabi/4.9.3/../../../../arm-none-eabi/lib/armv7e-m/fpu/crt0.o (exit)
c:/program files (x86)/gnu tools arm embedded/4.9 2015q2/bin/../lib/gcc/arm-none-eabi/4.9.3/../../../../arm-none-eabi/lib/armv7e-m/fpu\libc_nano.a(lib_a-impure.o)
                              c:/program files (x86)/gnu tools arm embedded/4.9 2015q2/bin/../lib/gcc/arm-none-eabi/4.9.3/../../../../arm-none-eabi/lib/armv7e-m/fpu\libc_nano.a(lib_a-exit.o) (_global_impure_ptr)
c:/program files (x86)/gnu tools arm embedded/4.9 2015q2/bin/../lib/gcc/arm-none-eabi/4.9.3/../../../../arm-none-eabi/lib/armv7e-m/fpu\libc_nano.a(lib_a-init.o)
                              c:/program files (x86)/gnu tools arm embedded/4.9 2015q2/bin/../lib/gcc/arm-none-eabi/4.9.3/../../../../arm-none-eabi/lib/armv7e-m/fpu/crt0.o (__libc_init_array)
c:/program files (x86)/gnu tools arm embedded/4.9 2015q2/bin/../lib/gcc/arm-none-eabi/4.9.3/../../../../arm-none-eabi/lib/armv7e-m/fpu\libc_nano.a(lib_a-malloc.o)
                              build/USART_IT_F302R8_04.o (malloc)
c:/program files (x86)/gnu tools arm embedded/4.9 2015q2/bin/../lib/gcc/arm-none-eabi/4.9.3/../../../../arm-none-eabi/lib/armv7e-m/fpu\libc_nano.a(lib_a-memcpy.o)
                              build/cstblk4_m.o (memcpy)
c:/program files (x86)/gnu tools arm embedded/4.9 2015q2/bin/../lib/gcc/arm-none-eabi/4.9.3/../../../../arm-none-eabi/lib/armv7e-m/fpu\libc_nano.a(lib_a-memset.o)
                              c:/program files (x86)/gnu tools arm embedded/4.9 2015q2/bin/../lib/gcc/arm-none-eabi/4.9.3/../../../../arm-none-eabi/lib/armv7e-m/fpu/crt0.o (memset)
c:/program files (x86)/gnu tools arm embedded/4.9 2015q2/bin/../lib/gcc/arm-none-eabi/4.9.3/../../../../arm-none-eabi/lib/armv7e-m/fpu\libc_nano.a(lib_a-nano-freer.o)
                              c:/program files (x86)/gnu tools arm embedded/4.9 2015q2/bin/../lib/gcc/arm-none-eabi/4.9.3/../../../../arm-none-eabi/lib/armv7e-m/fpu\libc_nano.a(lib_a-malloc.o) (_free_r)
c:/program files (x86)/gnu tools arm embedded/4.9 2015q2/bin/../lib/gcc/arm-none-eabi/4.9.3/../../../../arm-none-eabi/lib/armv7e-m/fpu\libc_nano.a(lib_a-nano-mallocr.o)
                              c:/program files (x86)/gnu tools arm embedded/4.9 2015q2/bin/../lib/gcc/arm-none-eabi/4.9.3/../../../../arm-none-eabi/lib/armv7e-m/fpu\libc_nano.a(lib_a-malloc.o) (_malloc_r)
c:/program files (x86)/gnu tools arm embedded/4.9 2015q2/bin/../lib/gcc/arm-none-eabi/4.9.3/../../../../arm-none-eabi/lib/armv7e-m/fpu\libc_nano.a(lib_a-sbrkr.o)
                              c:/program files (x86)/gnu tools arm embedded/4.9 2015q2/bin/../lib/gcc/arm-none-eabi/4.9.3/../../../../arm-none-eabi/lib/armv7e-m/fpu\libc_nano.a(lib_a-nano-mallocr.o) (_sbrk_r)
c:/program files (x86)/gnu tools arm embedded/4.9 2015q2/bin/../lib/gcc/arm-none-eabi/4.9.3/../../../../arm-none-eabi/lib/armv7e-m/fpu\libc_nano.a(lib_a-reent.o)
                              c:/program files (x86)/gnu tools arm embedded/4.9 2015q2/bin/../lib/gcc/arm-none-eabi/4.9.3/../../../../arm-none-eabi/lib/armv7e-m/fpu\libc_nano.a(lib_a-sbrkr.o) (errno)
c:/program files (x86)/gnu tools arm embedded/4.9 2015q2/bin/../lib/gcc/arm-none-eabi/4.9.3/../../../../arm-none-eabi/lib/armv7e-m/fpu\libnosys.a(sbrk.o)
                              c:/program files (x86)/gnu tools arm embedded/4.9 2015q2/bin/../lib/gcc/arm-none-eabi/4.9.3/../../../../arm-none-eabi/lib/armv7e-m/fpu\libc_nano.a(lib_a-sbrkr.o) (_sbrk)
c:/program files (x86)/gnu tools arm embedded/4.9 2015q2/bin/../lib/gcc/arm-none-eabi/4.9.3/../../../../arm-none-eabi/lib/armv7e-m/fpu\libnosys.a(_exit.o)
                              c:/program files (x86)/gnu tools arm embedded/4.9 2015q2/bin/../lib/gcc/arm-none-eabi/4.9.3/../../../../arm-none-eabi/lib/armv7e-m/fpu\libc_nano.a(lib_a-exit.o) (_exit)
c:/program files (x86)/gnu tools arm embedded/4.9 2015q2/bin/../lib/gcc/arm-none-eabi/4.9.3/armv7e-m/fpu\libgcc.a(_arm_addsubdf3.o)
                              build/convert.o (__aeabi_dsub)
c:/program files (x86)/gnu tools arm embedded/4.9 2015q2/bin/../lib/gcc/arm-none-eabi/4.9.3/armv7e-m/fpu\libgcc.a(_arm_muldivdf3.o)
                              build/main.o (__aeabi_dmul)
c:/program files (x86)/gnu tools arm embedded/4.9 2015q2/bin/../lib/gcc/arm-none-eabi/4.9.3/armv7e-m/fpu\libgcc.a(_arm_cmpdf2.o)
                              build/convert.o (__aeabi_dcmplt)
c:/program files (x86)/gnu tools arm embedded/4.9 2015q2/bin/../lib/gcc/arm-none-eabi/4.9.3/armv7e-m/fpu\libgcc.a(_arm_fixdfsi.o)
                              build/convert.o (__aeabi_d2iz)
c:/program files (x86)/gnu tools arm embedded/4.9 2015q2/bin/../lib/gcc/arm-none-eabi/4.9.3/armv7e-m/fpu\libgcc.a(_arm_fixunsdfsi.o)
[...]
Memory Configuration

Name             Origin             Length             Attributes
RAM              0x20000000         0x00004000         xrw
FLASH            0x08000000         0x00010000         xr
*default*        0x00000000         0xffffffff

Linker script and memory map

LOAD c:/program files (x86)/gnu tools arm embedded/4.9 2015q2/bin/../lib/gcc/arm-none-eabi/4.9.3/armv7e-m/fpu/crti.o
LOAD c:/program files (x86)/gnu tools arm embedded/4.9 2015q2/bin/../lib/gcc/arm-none-eabi/4.9.3/armv7e-m/fpu/crtbegin.o
LOAD c:/program files (x86)/gnu tools arm embedded/4.9 2015q2/bin/../lib/gcc/arm-none-eabi/4.9.3/../../../../arm-none-eabi/lib/armv7e-m/fpu/crt0.o
LOAD build/main.o
LOAD build/stm32f3xx_it.o
LOAD build/stm32f3xx_hal_msp.o
LOAD build/stm32f3xx_hal_tim.o
LOAD build/stm32f3xx_hal_tim_ex.o
LOAD build/stm32f3xx_hal_uart.o
LOAD build/stm32f3xx_hal_uart_ex.o
LOAD build/stm32f3xx_hal.o
LOAD build/stm32f3xx_hal_rcc.o
LOAD build/stm32f3xx_hal_rcc_ex.o
LOAD build/stm32f3xx_hal_gpio.o
LOAD build/stm32f3xx_hal_dma.o
LOAD build/stm32f3xx_hal_cortex.o
LOAD build/stm32f3xx_hal_pwr.o
LOAD build/stm32f3xx_hal_pwr_ex.o
LOAD build/stm32f3xx_hal_flash.o
LOAD build/stm32f3xx_hal_flash_ex.o
LOAD build/stm32f3xx_hal_i2c.o
LOAD build/stm32f3xx_hal_i2c_ex.o
LOAD build/system_stm32f3xx.o
LOAD build/USART_IT_F302R8_04_USART.o
LOAD build/USART_IT_F302R8_04_it.o
LOAD build/USART_IT_F302R8_04.o
LOAD build/bidon.o
LOAD build/cstblk4_m.o
LOAD build/convert.o
LOAD build/startup_stm32f302x8.o
LOAD c:/program files (x86)/gnu tools arm embedded/4.9 2015q2/bin/../lib/gcc/arm-none-eabi/4.9.3/../../../../arm-none-eabi/lib/armv7e-m/fpu\libc_nano.a
LOAD c:/program files (x86)/gnu tools arm embedded/4.9 2015q2/bin/../lib/gcc/arm-none-eabi/4.9.3/../../../../arm-none-eabi/lib/armv7e-m/fpu\libm.a
LOAD c:/program files (x86)/gnu tools arm embedded/4.9 2015q2/bin/../lib/gcc/arm-none-eabi/4.9.3/../../../../arm-none-eabi/lib/armv7e-m/fpu\libnosys.a
START GROUP
LOAD c:/program files (x86)/gnu tools arm embedded/4.9 2015q2/bin/../lib/gcc/arm-none-eabi/4.9.3/armv7e-m/fpu\libgcc.a
LOAD c:/program files (x86)/gnu tools arm embedded/4.9 2015q2/bin/../lib/gcc/arm-none-eabi/4.9.3/../../../../arm-none-eabi/lib/armv7e-m/fpu\libc_nano.a
END GROUP
START GROUP
LOAD c:/program files (x86)/gnu tools arm embedded/4.9 2015q2/bin/../lib/gcc/arm-none-eabi/4.9.3/armv7e-m/fpu\libgcc.a
LOAD c:/program files (x86)/gnu tools arm embedded/4.9 2015q2/bin/../lib/gcc/arm-none-eabi/4.9.3/../../../../arm-none-eabi/lib/armv7e-m/fpu\libc_nano.a
END GROUP
LOAD c:/program files (x86)/gnu tools arm embedded/4.9 2015q2/bin/../lib/gcc/arm-none-eabi/4.9.3/armv7e-m/fpu/crtend.o
LOAD c:/program files (x86)/gnu tools arm embedded/4.9 2015q2/bin/../lib/gcc/arm-none-eabi/4.9.3/armv7e-m/fpu/crtn.o
                0x20004000                _estack = 0x20004000
                0x00000200                _Min_Heap_Size = 0x200
                0x00000400                _Min_Stack_Size = 0x400

.isr_vector     0x08000000      0x188
                0x08000000                . = ALIGN (0x4)
 *(.isr_vector)
 .isr_vector    0x08000000      0x188 build/startup_stm32f302x8.o
                0x08000000                g_pfnVectors
                0x08000188                . = ALIGN (0x4)

.text           0x08000188     0x4580
                0x08000188                . = ALIGN (0x4)
 *(.text)
 .text          0x08000188       0x5c c:/program files (x86)/gnu tools arm embedded/4.9 2015q2/bin/../lib/gcc/arm-none-eabi/4.9.3/armv7e-m/fpu/crtbegin.o
 .text          0x080001e4      0x370 c:/program files (x86)/gnu tools arm embedded/4.9 2015q2/bin/../lib/gcc/arm-none-eabi/4.9.3/armv7e-m/fpu\libgcc.a(_arm_addsubdf3.o)
                0x080001e4                __aeabi_drsub
                0x080001ec                __aeabi_dsub
                0x080001ec                __subdf3
                0x080001f0                __aeabi_dadd
                0x080001f0                __adddf3
                0x08000468                __floatunsidf
                0x08000468                __aeabi_ui2d
                0x08000488                __floatsidf
                0x08000488                __aeabi_i2d
                0x080004ac                __aeabi_f2d
                0x080004ac                __extendsfdf2
                0x080004e8                __floatundidf
                0x080004e8                __aeabi_ul2d
                0x080004f8                __floatdidf
                0x080004f8                __aeabi_l2d
 .text          0x08000554      0x424 c:/program files (x86)/gnu tools arm embedded/4.9 2015q2/bin/../lib/gcc/arm-none-eabi/4.9.3/armv7e-m/fpu\libgcc.a(_arm_muldivdf3.o)
                0x08000554                __aeabi_dmul
                0x08000554                __muldf3
                0x080007a8                __divdf3
                0x080007a8                __aeabi_ddiv
 .text          0x08000978      0x110 c:/program files (x86)/gnu tools arm embedded/4.9 2015q2/bin/../lib/gcc/arm-none-eabi/4.9.3/armv7e-m/fpu\libgcc.a(_arm_cmpdf2.o)
                0x08000978                __gtdf2
                0x08000978                __gedf2
                0x08000980                __ltdf2
                0x08000980                __ledf2
                0x08000988                __nedf2
                0x08000988                __eqdf2
                0x08000988                __cmpdf2
                0x08000a04                __aeabi_cdrcmple
                0x08000a14                __aeabi_cdcmpeq
                0x08000a14                __aeabi_cdcmple
                0x08000a24                __aeabi_dcmpeq
                0x08000a38                __aeabi_dcmplt
                0x08000a4c                __aeabi_dcmple
                0x08000a60                __aeabi_dcmpge
                0x08000a74                __aeabi_dcmpgt
 .text          0x08000a88       0x50 c:/program files (x86)/gnu tools arm embedded/4.9 2015q2/bin/../lib/gcc/arm-none-eabi/4.9.3/armv7e-m/fpu\libgcc.a(_arm_fixdfsi.o)
                0x08000a88                __aeabi_d2iz
                0x08000a88                __fixdfsi
 .text          0x08000ad8       0x40 c:/program files (x86)/gnu tools arm embedded/4.9 2015q2/bin/../lib/gcc/arm-none-eabi/4.9.3/armv7e-m/fpu\libgcc.a(_arm_fixunsdfsi.o)
                0x08000ad8                __aeabi_d2uiz
                0x08000ad8                __fixunsdfsi
 *(.text*)
 .text.MX_GPIO_Init
                0x08000b18       0xa8 build/main.o
 .text.HAL_SYSTICK_Callback
                0x08000bc0       0x34 build/main.o
                0x08000bc0                HAL_SYSTICK_Callback
 .text._Error_Handler
                0x08000bf4        0x4 build/main.o
                0x08000bf4                _Error_Handler
 .text.MX_USART2_UART_Init
                0x08000bf8       0x40 build/main.o
 .text.SystemClock_Config
                0x08000c38       0x80 build/main.o
                0x08000c38                SystemClock_Config
 .text.main     0x08000cb8       0xe0 build/main.o
                0x08000cb8                main
 .text.SysTick_Handler
                0x08000d98        0xc build/stm32f3xx_it.o
                0x08000d98                SysTick_Handler
 .text.USART2_IRQHandler
                0x08000da4       0x10 build/stm32f3xx_it.o
                0x08000da4                USART2_IRQHandler
 .text.EXTI15_10_IRQHandler
                0x08000db4        0xc build/stm32f3xx_it.o
                0x08000db4                EXTI15_10_IRQHandler
 .text.HAL_MspInit
                0x08000dc0       0x7c build/stm32f3xx_hal_msp.o
                0x08000dc0                HAL_MspInit
 .text.HAL_UART_MspInit
                0x08000e3c       0x58 build/stm32f3xx_hal_msp.o
                0x08000e3c                HAL_UART_MspInit
 .text.UART_EndRxTransfer
                0x08000e94       0x1c build/stm32f3xx_hal_uart.o
 .text.HAL_UART_Receive_IT
                0x08000eb0       0xac build/stm32f3xx_hal_uart.o
                0x08000eb0                HAL_UART_Receive_IT
 .text.HAL_UART_TxCpltCallback
                0x08000f5c        0x4 build/stm32f3xx_hal_uart.o
                0x08000f5c                HAL_UART_TxCpltCallback
 .text.HAL_UART_ErrorCallback
                0x08000f60        0x4 build/stm32f3xx_hal_uart.o
                0x08000f60                HAL_UART_ErrorCallback
 .text.UART_DMAAbortOnError
                0x08000f64       0x14 build/stm32f3xx_hal_uart.o
 .text.UART_SetConfig
                0x08000f78      0x1b0 build/stm32f3xx_hal_uart.o
                0x08000f78                UART_SetConfig
 .text.UART_AdvFeatureConfig
                0x08001128       0xc8 build/stm32f3xx_hal_uart.o
                0x08001128                UART_AdvFeatureConfig
 .text.UART_WaitOnFlagUntilTimeout
                0x080011f0       0x68 build/stm32f3xx_hal_uart.o
                0x080011f0                UART_WaitOnFlagUntilTimeout
 .text.UART_CheckIdleState
                0x08001258       0x6c build/stm32f3xx_hal_uart.o
                0x08001258                UART_CheckIdleState
 .text.HAL_UART_Init
                0x080012c4       0x6c build/stm32f3xx_hal_uart.o
                0x080012c4                HAL_UART_Init
 .text.UART_Transmit_IT
                0x08001330       0x6c build/stm32f3xx_hal_uart.o
                0x08001330                UART_Transmit_IT
 .text.UART_EndTransmit_IT
                0x0800139c       0x1c build/stm32f3xx_hal_uart.o
                0x0800139c                UART_EndTransmit_IT
 .text.UART_Receive_IT
                0x080013b8       0x7c build/stm32f3xx_hal_uart.o
                0x080013b8                UART_Receive_IT
 .text.HAL_UART_IRQHandler
                0x08001434      0x158 build/stm32f3xx_hal_uart.o
                0x08001434                HAL_UART_IRQHandler
 .text.HAL_UARTEx_WakeupCallback
                0x0800158c        0x4 build/stm32f3xx_hal_uart_ex.o
                0x0800158c                HAL_UARTEx_WakeupCallback
 .text.HAL_InitTick
                0x08001590       0x2c build/stm32f3xx_hal.o
                0x08001590                HAL_InitTick
 .text.HAL_Init
                0x080015bc       0x24 build/stm32f3xx_hal.o
                0x080015bc                HAL_Init
 .text.HAL_IncTick
                0x080015e0       0x10 build/stm32f3xx_hal.o
                0x080015e0                HAL_IncTick
 .text.HAL_GetTick
                0x080015f0        0xc build/stm32f3xx_hal.o
                0x080015f0                HAL_GetTick
 .text.HAL_RCC_OscConfig
                0x080015fc      0x61c build/stm32f3xx_hal_rcc.o
                0x080015fc                HAL_RCC_OscConfig
 .text.HAL_RCC_GetSysClockFreq
                0x08001c18       0x70 build/stm32f3xx_hal_rcc.o
                0x08001c18                HAL_RCC_GetSysClockFreq
 .text.HAL_RCC_ClockConfig
                0x08001c88      0x1e0 build/stm32f3xx_hal_rcc.o
                0x08001c88                HAL_RCC_ClockConfig
 .text.HAL_RCC_GetHCLKFreq
                0x08001e68        0xc build/stm32f3xx_hal_rcc.o
                0x08001e68                HAL_RCC_GetHCLKFreq
 .text.HAL_RCC_GetPCLK1Freq
                0x08001e74       0x2c build/stm32f3xx_hal_rcc.o
                0x08001e74                HAL_RCC_GetPCLK1Freq
 .text.HAL_RCC_GetPCLK2Freq
                0x08001ea0       0x2c build/stm32f3xx_hal_rcc.o
                0x08001ea0                HAL_RCC_GetPCLK2Freq
 .text.HAL_GPIO_Init
                0x08001ecc      0x1a0 build/stm32f3xx_hal_gpio.o
                0x08001ecc                HAL_GPIO_Init
 .text.HAL_GPIO_WritePin
                0x0800206c        0xc build/stm32f3xx_hal_gpio.o
                0x0800206c                HAL_GPIO_WritePin
 .text.HAL_GPIO_EXTI_Callback
                0x08002078        0x4 build/stm32f3xx_hal_gpio.o
                0x08002078                HAL_GPIO_EXTI_Callback
 .text.HAL_GPIO_EXTI_IRQHandler
                0x0800207c       0x18 build/stm32f3xx_hal_gpio.o
                0x0800207c                HAL_GPIO_EXTI_IRQHandler
 .text.HAL_DMA_Abort_IT
                0x08002094       0x4c build/stm32f3xx_hal_dma.o
                0x08002094                HAL_DMA_Abort_IT
 .text.HAL_NVIC_SetPriorityGrouping
                0x080020e0       0x24 build/stm32f3xx_hal_cortex.o
                0x080020e0                HAL_NVIC_SetPriorityGrouping
 .text.HAL_NVIC_SetPriority
                0x08002104       0x64 build/stm32f3xx_hal_cortex.o
                0x08002104                HAL_NVIC_SetPriority
 .text.HAL_NVIC_EnableIRQ
                0x08002168       0x18 build/stm32f3xx_hal_cortex.o
                0x08002168                HAL_NVIC_EnableIRQ
 .text.HAL_SYSTICK_Config
                0x08002180       0x2c build/stm32f3xx_hal_cortex.o
                0x08002180                HAL_SYSTICK_Config
 .text.HAL_SYSTICK_CLKSourceConfig
                0x080021ac       0x20 build/stm32f3xx_hal_cortex.o
                0x080021ac                HAL_SYSTICK_CLKSourceConfig
 .text.HAL_SYSTICK_IRQHandler
                0x080021cc        0x8 build/stm32f3xx_hal_cortex.o
                0x080021cc                HAL_SYSTICK_IRQHandler
 .text.SystemInit
                0x080021d4       0x68 build/system_stm32f3xx.o
                0x080021d4                SystemInit
 .text.HAL_UART_RxCpltCallback
                0x0800223c       0x1c build/USART_IT_F302R8_04_USART.o
                0x0800223c                HAL_UART_RxCpltCallback
 .text.USART2_Rx_Initialization
                0x08002258       0x38 build/USART_IT_F302R8_04_USART.o
                0x08002258                USART2_Rx_Initialization
 .text.USART_Initialize
                0x08002290       0x1c build/USART_IT_F302R8_04_USART.o
                0x08002290                USART_Initialize
 .text.USART_IT_F302R8_04_Initialize
                0x080022ac      0x2bc build/USART_IT_F302R8_04.o
                0x080022ac                USART_IT_F302R8_04_Initialize
 .text.USART_IT_F302R8_04_Step1
                0x08002568       0x60 build/USART_IT_F302R8_04.o
                0x08002568                USART_IT_F302R8_04_Step1
 .text.cstblk4_m
                0x080025c8       0x68 build/cstblk4_m.o
                0x080025c8                cstblk4_m
 .text.convert  0x08002630     0x1e78 build/convert.o
                0x08002630                convert
 .text.Reset_Handler
                0x080044a8       0x50 build/startup_stm32f302x8.o
                0x080044a8                Reset_Handler
 .text.Default_Handler
                0x080044f8        0x2 build/startup_stm32f302x8.o
                0x080044f8                RTC_Alarm_IRQHandler
                0x080044f8                DebugMon_Handler
                0x080044f8                TIM1_CC_IRQHandler
                0x080044f8                HardFault_Handler
                0x080044f8                USB_HP_IRQHandler
                0x080044f8                PVD_IRQHandler
                0x080044f8                TAMP_STAMP_IRQHandler
                0x080044f8                PendSV_Handler
                0x080044f8                NMI_Handler
                0x080044f8                EXTI3_IRQHandler
                0x080044f8                I2C3_ER_IRQHandler
                0x080044f8                USB_HP_CAN_TX_IRQHandler
                0x080044f8                EXTI0_IRQHandler
                0x080044f8                I2C2_EV_IRQHandler
                0x080044f8                FPU_IRQHandler
                0x080044f8                TIM1_UP_TIM16_IRQHandler
                0x080044f8                UsageFault_Handler
                0x080044f8                CAN_SCE_IRQHandler
                0x080044f8                TIM6_DAC_IRQHandler
                0x080044f8                DMA1_Channel4_IRQHandler
                0x080044f8                ADC1_IRQHandler
                0x080044f8                USART3_IRQHandler
                0x080044f8                DMA1_Channel7_IRQHandler
                0x080044f8                CAN_RX1_IRQHandler
                0x080044f8                I2C1_EV_IRQHandler
                0x080044f8                DMA1_Channel6_IRQHandler
                0x080044f8                RCC_IRQHandler
                0x080044f8                DMA1_Channel1_IRQHandler
                0x080044f8                Default_Handler
                0x080044f8                USBWakeUp_RMP_IRQHandler
                0x080044f8                COMP2_IRQHandler
                0x080044f8                I2C3_EV_IRQHandler
                0x080044f8                EXTI9_5_IRQHandler
                0x080044f8                RTC_WKUP_IRQHandler
                0x080044f8                SPI2_IRQHandler
                0x080044f8                USB_LP_CAN_RX0_IRQHandler
                0x080044f8                MemManage_Handler
                0x080044f8                SVC_Handler
                0x080044f8                DMA1_Channel5_IRQHandler
                0x080044f8                USB_LP_IRQHandler
                0x080044f8                EXTI4_IRQHandler
                0x080044f8                TIM1_TRG_COM_TIM17_IRQHandler
                0x080044f8                DMA1_Channel3_IRQHandler
                0x080044f8                WWDG_IRQHandler
                0x080044f8                TIM2_IRQHandler
                0x080044f8                EXTI1_IRQHandler
                0x080044f8                COMP4_6_IRQHandler
                0x080044f8                I2C2_ER_IRQHandler
                0x080044f8                DMA1_Channel2_IRQHandler
                0x080044f8                FLASH_IRQHandler
                0x080044f8                BusFault_Handler
                0x080044f8                USART1_IRQHandler
                0x080044f8                SPI3_IRQHandler
                0x080044f8                I2C1_ER_IRQHandler
                0x080044f8                USBWakeUp_IRQHandler
                0x080044f8                EXTI2_TSC_IRQHandler
                0x080044f8                TIM1_BRK_TIM15_IRQHandler
 *fill*         0x080044fa        0x2 
 .text.__libc_init_array
                0x080044fc       0x4c c:/program files (x86)/gnu tools arm embedded/4.9 2015q2/bin/../lib/gcc/arm-none-eabi/4.9.3/../../../../arm-none-eabi/lib/armv7e-m/fpu\libc_nano.a(lib_a-init.o)
                0x080044fc                __libc_init_array
 .text.malloc   0x08004548       0x10 c:/program files (x86)/gnu tools arm embedded/4.9 2015q2/bin/../lib/gcc/arm-none-eabi/4.9.3/../../../../arm-none-eabi/lib/armv7e-m/fpu\libc_nano.a(lib_a-malloc.o)
                0x08004548                malloc
 .text.free     0x08004558       0x10 c:/program files (x86)/gnu tools arm embedded/4.9 2015q2/bin/../lib/gcc/arm-none-eabi/4.9.3/../../../../arm-none-eabi/lib/armv7e-m/fpu\libc_nano.a(lib_a-malloc.o)
                0x08004558                free
 .text.memcpy   0x08004568       0x16 c:/program files (x86)/gnu tools arm embedded/4.9 2015q2/bin/../lib/gcc/arm-none-eabi/4.9.3/../../../../arm-none-eabi/lib/armv7e-m/fpu\libc_nano.a(lib_a-memcpy.o)
                0x08004568                memcpy
 *fill*         0x0800457e        0x2 
 .text._free_r  0x08004580       0x88 c:/program files (x86)/gnu tools arm embedded/4.9 2015q2/bin/../lib/gcc/arm-none-eabi/4.9.3/../../../../arm-none-eabi/lib/armv7e-m/fpu\libc_nano.a(lib_a-nano-freer.o)
                0x08004580                _free_r
 .text._malloc_r
                0x08004608       0xac c:/program files (x86)/gnu tools arm embedded/4.9 2015q2/bin/../lib/gcc/arm-none-eabi/4.9.3/../../../../arm-none-eabi/lib/armv7e-m/fpu\libc_nano.a(lib_a-nano-mallocr.o)
                0x08004608                _malloc_r
 .text._sbrk_r  0x080046b4       0x20 c:/program files (x86)/gnu tools arm embedded/4.9 2015q2/bin/../lib/gcc/arm-none-eabi/4.9.3/../../../../arm-none-eabi/lib/armv7e-m/fpu\libc_nano.a(lib_a-sbrkr.o)
                0x080046b4                _sbrk_r
 .text._sbrk    0x080046d4       0x1c c:/program files (x86)/gnu tools arm embedded/4.9 2015q2/bin/../lib/gcc/arm-none-eabi/4.9.3/../../../../arm-none-eabi/lib/armv7e-m/fpu\libnosys.a(sbrk.o)
                0x080046d4                _sbrk
 *(.glue_7)
 .glue_7        0x00000000        0x0 linker stubs
 *(.glue_7t)
 .glue_7t       0x00000000        0x0 linker stubs
 *(.eh_frame)
 .eh_frame      0x080046f0        0x0 c:/program files (x86)/gnu tools arm embedded/4.9 2015q2/bin/../lib/gcc/arm-none-eabi/4.9.3/armv7e-m/fpu/crtbegin.o
 *(.init)
 .init          0x080046f0        0x4 c:/program files (x86)/gnu tools arm embedded/4.9 2015q2/bin/../lib/gcc/arm-none-eabi/4.9.3/armv7e-m/fpu/crti.o
                0x080046f0                _init
 .init          0x080046f4        0x8 c:/program files (x86)/gnu tools arm embedded/4.9 2015q2/bin/../lib/gcc/arm-none-eabi/4.9.3/armv7e-m/fpu/crtn.o
 *(.fini)
 .fini          0x080046fc        0x4 c:/program files (x86)/gnu tools arm embedded/4.9 2015q2/bin/../lib/gcc/arm-none-eabi/4.9.3/armv7e-m/fpu/crti.o
                0x080046fc                _fini
 .fini          0x08004700        0x8 c:/program files (x86)/gnu tools arm embedded/4.9 2015q2/bin/../lib/gcc/arm-none-eabi/4.9.3/armv7e-m/fpu/crtn.o
                0x08004708                . = ALIGN (0x4)
                0x08004708                _etext = .

.vfp11_veneer   0x08004708        0x0
 .vfp11_veneer  0x00000000        0x0 linker stubs

.v4_bx          0x08004708        0x0
 .v4_bx         0x00000000        0x0 linker stubs

.iplt           0x08004708        0x0
 .iplt          0x00000000        0x0 c:/program files (x86)/gnu tools arm embedded/4.9 2015q2/bin/../lib/gcc/arm-none-eabi/4.9.3/armv7e-m/fpu/crtbegin.o

.rodata         0x08004708       0x4c
                0x08004708                . = ALIGN (0x4)
 *(.rodata)
 *(.rodata*)
 .rodata.str1.4
                0x08004708        0xc build/main.o
                                  0xb (size before relaxing)
 .rodata.aPredivFactorTable
                0x08004714       0x10 build/stm32f3xx_hal_rcc.o
                0x08004714                aPredivFactorTable
 .rodata.aPLLMULFactorTable
                0x08004724       0x10 build/stm32f3xx_hal_rcc.o
                0x08004724                aPLLMULFactorTable
 .rodata.AHBPrescTable
                0x08004734       0x10 build/system_stm32f3xx.o
                0x08004734                AHBPrescTable
 .rodata.APBPrescTable
                0x08004744        0x8 build/system_stm32f3xx.o
                0x08004744                APBPrescTable
 .rodata.IPAR1  0x0800474c        0x4 build/USART_IT_F302R8_04.o
                0x0800474c                IPAR1
 .rodata.str1.1
                0x08004750        0x2 c:/program files (x86)/gnu tools arm embedded/4.9 2015q2/bin/../lib/gcc/arm-none-eabi/4.9.3/../../../../arm-none-eabi/lib/armv7e-m/fpu\libc_nano.a(lib_a-impure.o)
                0x08004754                . = ALIGN (0x4)
 *fill*         0x08004752        0x2 

.rel.dyn        0x08004754        0x0
 .rel.iplt      0x00000000        0x0 c:/program files (x86)/gnu tools arm embedded/4.9 2015q2/bin/../lib/gcc/arm-none-eabi/4.9.3/armv7e-m/fpu/crtbegin.o

.ARM.extab
 *(.ARM.extab* .gnu.linkonce.armextab.*)

.ARM            0x08004754        0x0
                0x08004754                __exidx_start = .
 *(.ARM.exidx*)
                0x08004754                __exidx_end = .

.preinit_array  0x08004754        0x0
                0x08004754                PROVIDE (__preinit_array_start, .)
 *(.preinit_array*)
                0x08004754                PROVIDE (__preinit_array_end, .)

.init_array     0x08004754        0x4
                0x08004754                PROVIDE (__init_array_start, .)
 *(SORT(.init_array.*))
 *(.init_array*)
 .init_array    0x08004754        0x4 c:/program files (x86)/gnu tools arm embedded/4.9 2015q2/bin/../lib/gcc/arm-none-eabi/4.9.3/armv7e-m/fpu/crtbegin.o
                0x08004758                PROVIDE (__init_array_end, .)

.fini_array     0x08004758        0x4
                0x08004758                PROVIDE (__fini_array_start, .)
 *(SORT(.fini_array.*))
 *(.fini_array*)
 .fini_array    0x08004758        0x4 c:/program files (x86)/gnu tools arm embedded/4.9 2015q2/bin/../lib/gcc/arm-none-eabi/4.9.3/armv7e-m/fpu/crtbegin.o
                0x0800475c                PROVIDE (__fini_array_end, .)
                0x0800475c                _sidata = LOADADDR (.data)

.data           0x20000000       0x84 load address 0x0800475c
                0x20000000                . = ALIGN (0x4)
                0x20000000                _sdata = .
 *(.data)
 *(.data*)
 .data.remainAutoReloadTimerLoopVal_S
                0x20000000        0x4 build/main.o
 .data.autoReloadTimerLoopVal_S
                0x20000004        0x4 build/main.o
 .data.autoReloadTimerLoopStep1_S
                0x20000008        0x4 build/main.o
 .data.SystemCoreClock
                0x2000000c        0x4 build/system_stm32f3xx.o
                0x2000000c                SystemCoreClock
 .data.local_flag
                0x20000010        0x4 build/USART_IT_F302R8_04.o
                0x20000010                local_flag
 *fill*         0x20000014        0x4 
 .data.OPAR_1   0x20000018        0x8 build/USART_IT_F302R8_04.o
 .data.impure_data
                0x20000020       0x60 c:/program files (x86)/gnu tools arm embedded/4.9 2015q2/bin/../lib/gcc/arm-none-eabi/4.9.3/../../../../arm-none-eabi/lib/armv7e-m/fpu\libc_nano.a(lib_a-impure.o)
 .data._impure_ptr
                0x20000080        0x4 c:/program files (x86)/gnu tools arm embedded/4.9 2015q2/bin/../lib/gcc/arm-none-eabi/4.9.3/../../../../arm-none-eabi/lib/armv7e-m/fpu\libc_nano.a(lib_a-impure.o)
                0x20000080                _impure_ptr
                0x20000084                . = ALIGN (0x4)
                0x20000084                _edata = .

.jcr            0x20000084        0x0 load address 0x080047e0
 .jcr           0x20000084        0x0 c:/program files (x86)/gnu tools arm embedded/4.9 2015q2/bin/../lib/gcc/arm-none-eabi/4.9.3/armv7e-m/fpu/crtbegin.o

.igot.plt       0x20000084        0x0 load address 0x080047e0
 .igot.plt      0x00000000        0x0 c:/program files (x86)/gnu tools arm embedded/4.9 2015q2/bin/../lib/gcc/arm-none-eabi/4.9.3/armv7e-m/fpu/crtbegin.o
                0x20000084                . = ALIGN (0x4)

.bss            0x20000088      0x220 load address 0x080047e0
                0x20000088                _sbss = .
                0x20000088                __bss_start__ = _sbss
 *(.bss)
 .bss           0x20000088       0x1c c:/program files (x86)/gnu tools arm embedded/4.9 2015q2/bin/../lib/gcc/arm-none-eabi/4.9.3/armv7e-m/fpu/crtbegin.o
 *(.bss*)
 *fill*         0x200000a4        0x4 
 .bss.z         0x200000a8       0x48 build/USART_IT_F302R8_04.o
                0x200000a8                z
 .bss.outtb_1   0x200000f0        0x8 build/USART_IT_F302R8_04.o
                0x200000f0                outtb_1
 .bss.outtb_2   0x200000f8        0x2 build/USART_IT_F302R8_04.o
                0x200000f8                outtb_2
 *fill*         0x200000fa        0x2 
 .bss.__malloc_sbrk_start
                0x200000fc        0x4 c:/program files (x86)/gnu tools arm embedded/4.9 2015q2/bin/../lib/gcc/arm-none-eabi/4.9.3/../../../../arm-none-eabi/lib/armv7e-m/fpu\libc_nano.a(lib_a-nano-mallocr.o)
                0x200000fc                __malloc_sbrk_start
 .bss.__malloc_free_list
                0x20000100        0x4 c:/program files (x86)/gnu tools arm embedded/4.9 2015q2/bin/../lib/gcc/arm-none-eabi/4.9.3/../../../../arm-none-eabi/lib/armv7e-m/fpu\libc_nano.a(lib_a-nano-mallocr.o)
                0x20000100                __malloc_free_list
 .bss.heap_end.4079
                0x20000104        0x4 c:/program files (x86)/gnu tools arm embedded/4.9 2015q2/bin/../lib/gcc/arm-none-eabi/4.9.3/../../../../arm-none-eabi/lib/armv7e-m/fpu\libnosys.a(sbrk.o)
 *(COMMON)
 COMMON         0x20000108       0x70 build/main.o
                0x20000108                huart2
 COMMON         0x20000178        0x4 build/stm32f3xx_hal.o
                0x20000178                uwTick
 COMMON         0x2000017c       0x30 build/USART_IT_F302R8_04_USART.o
                0x2000017c                USART2_RxDataLink
                0x20000184                G_USART2_RxDataBuffer
                0x200001a4                G_Usart_RxHandler
                0x200001a8                G_Usart_RxData
 *fill*         0x200001ac        0x4 
 COMMON         0x200001b0       0xf4 build/USART_IT_F302R8_04.o
                0x200001b0                inszptr
                0x200001c0                t
                0x200001c8                outszptr
                0x200001e0                block_USART_IT_F302R8_04
                0x20000280                evoutptr
                0x20000284                outptr
                0x20000290                sci_time
                0x20000298                USART_IT_F302R8_04_block_outtbptr
                0x2000029c                inptr
                0x200002a0                work
 COMMON         0x200002a4        0x4 c:/program files (x86)/gnu tools arm embedded/4.9 2015q2/bin/../lib/gcc/arm-none-eabi/4.9.3/../../../../arm-none-eabi/lib/armv7e-m/fpu\libc_nano.a(lib_a-reent.o)
                0x200002a4                errno
                0x200002a8                . = ALIGN (0x4)
                0x200002a8                _ebss = .
                0x200002a8                __bss_end__ = _ebss

._user_heap_stack
                0x200002a8      0x600 load address 0x080047e0
                0x200002a8                . = ALIGN (0x8)
                0x200002a8                PROVIDE (end, .)
                0x200002a8                PROVIDE (_end, .)
                0x200004a8                . = (. + _Min_Heap_Size)
 *fill*         0x200002a8      0x200 
                0x200008a8                . = (. + _Min_Stack_Size)
 *fill*         0x200004a8      0x400 
                0x200008a8                . = ALIGN (0x8)

/DISCARD/
 libc.a(*)
 libm.a(*)
 libgcc.a(*)

.ARM.attributes
                0x00000000       0x30
 *(.ARM.attributes)
 .ARM.attributes
                0x00000000       0x22 c:/program files (x86)/gnu tools arm embedded/4.9 2015q2/bin/../lib/gcc/arm-none-eabi/4.9.3/armv7e-m/fpu/crti.o
 .ARM.attributes
                0x00000022       0x34 c:/program files (x86)/gnu tools arm embedded/4.9 2015q2/bin/../lib/gcc/arm-none-eabi/4.9.3/armv7e-m/fpu/crtbegin.o
 .ARM.attributes
                0x00000056       0x39 build/main.o
 .ARM.attributes
                0x0000008f       0x39 build/stm32f3xx_it.o
 .ARM.attributes
                0x000000c8       0x39 build/stm32f3xx_hal_msp.o
 .ARM.attributes
                0x00000101       0x39 build/stm32f3xx_hal_uart.o
 .ARM.attributes
                0x0000013a       0x39 build/stm32f3xx_hal_uart_ex.o
 .ARM.attributes
                0x00000173       0x39 build/stm32f3xx_hal.o
 .ARM.attributes
                0x000001ac       0x39 build/stm32f3xx_hal_rcc.o
 .ARM.attributes
                0x000001e5       0x39 build/stm32f3xx_hal_gpio.o
 .ARM.attributes
                0x0000021e       0x39 build/stm32f3xx_hal_dma.o
 .ARM.attributes
                0x00000257       0x39 build/stm32f3xx_hal_cortex.o
 .ARM.attributes
                0x00000290       0x39 build/system_stm32f3xx.o
 .ARM.attributes
                0x000002c9       0x39 build/USART_IT_F302R8_04_USART.o
 .ARM.attributes
                0x00000302       0x39 build/USART_IT_F302R8_04.o
 .ARM.attributes
                0x0000033b       0x39 build/cstblk4_m.o
 .ARM.attributes
                0x00000374       0x39 build/convert.o
 .ARM.attributes
                0x000003ad       0x21 build/startup_stm32f302x8.o
 .ARM.attributes
                0x000003ce       0x34 c:/program files (x86)/gnu tools arm embedded/4.9 2015q2/bin/../lib/gcc/arm-none-eabi/4.9.3/../../../../arm-none-eabi/lib/armv7e-m/fpu\libc_nano.a(lib_a-impure.o)
 .ARM.attributes
                0x00000402       0x34 c:/program files (x86)/gnu tools arm embedded/4.9 2015q2/bin/../lib/gcc/arm-none-eabi/4.9.3/../../../../arm-none-eabi/lib/armv7e-m/fpu\libc_nano.a(lib_a-init.o)
 .ARM.attributes
                0x00000436       0x34 c:/program files (x86)/gnu tools arm embedded/4.9 2015q2/bin/../lib/gcc/arm-none-eabi/4.9.3/../../../../arm-none-eabi/lib/armv7e-m/fpu\libc_nano.a(lib_a-malloc.o)
 .ARM.attributes
                0x0000046a       0x34 c:/program files (x86)/gnu tools arm embedded/4.9 2015q2/bin/../lib/gcc/arm-none-eabi/4.9.3/../../../../arm-none-eabi/lib/armv7e-m/fpu\libc_nano.a(lib_a-memcpy.o)
 .ARM.attributes
                0x0000049e       0x34 c:/program files (x86)/gnu tools arm embedded/4.9 2015q2/bin/../lib/gcc/arm-none-eabi/4.9.3/../../../../arm-none-eabi/lib/armv7e-m/fpu\libc_nano.a(lib_a-nano-freer.o)
 .ARM.attributes
                0x000004d2       0x34 c:/program files (x86)/gnu tools arm embedded/4.9 2015q2/bin/../lib/gcc/arm-none-eabi/4.9.3/../../../../arm-none-eabi/lib/armv7e-m/fpu\libc_nano.a(lib_a-nano-mallocr.o)
 .ARM.attributes
                0x00000506       0x34 c:/program files (x86)/gnu tools arm embedded/4.9 2015q2/bin/../lib/gcc/arm-none-eabi/4.9.3/../../../../arm-none-eabi/lib/armv7e-m/fpu\libc_nano.a(lib_a-sbrkr.o)
 .ARM.attributes
                0x0000053a       0x34 c:/program files (x86)/gnu tools arm embedded/4.9 2015q2/bin/../lib/gcc/arm-none-eabi/4.9.3/../../../../arm-none-eabi/lib/armv7e-m/fpu\libc_nano.a(lib_a-reent.o)
 .ARM.attributes
                0x0000056e       0x34 c:/program files (x86)/gnu tools arm embedded/4.9 2015q2/bin/../lib/gcc/arm-none-eabi/4.9.3/../../../../arm-none-eabi/lib/armv7e-m/fpu\libnosys.a(sbrk.o)
 .ARM.attributes
                0x000005a2       0x22 c:/program files (x86)/gnu tools arm embedded/4.9 2015q2/bin/../lib/gcc/arm-none-eabi/4.9.3/armv7e-m/fpu\libgcc.a(_arm_addsubdf3.o)
 .ARM.attributes
                0x000005c4       0x22 c:/program files (x86)/gnu tools arm embedded/4.9 2015q2/bin/../lib/gcc/arm-none-eabi/4.9.3/armv7e-m/fpu\libgcc.a(_arm_muldivdf3.o)
 .ARM.attributes
                0x000005e6       0x22 c:/program files (x86)/gnu tools arm embedded/4.9 2015q2/bin/../lib/gcc/arm-none-eabi/4.9.3/armv7e-m/fpu\libgcc.a(_arm_cmpdf2.o)
 .ARM.attributes
                0x00000608       0x22 c:/program files (x86)/gnu tools arm embedded/4.9 2015q2/bin/../lib/gcc/arm-none-eabi/4.9.3/armv7e-m/fpu\libgcc.a(_arm_fixdfsi.o)
 .ARM.attributes
                0x0000062a       0x22 c:/program files (x86)/gnu tools arm embedded/4.9 2015q2/bin/../lib/gcc/arm-none-eabi/4.9.3/armv7e-m/fpu\libgcc.a(_arm_fixunsdfsi.o)
 .ARM.attributes
                0x0000064c       0x22 c:/program files (x86)/gnu tools arm embedded/4.9 2015q2/bin/../lib/gcc/arm-none-eabi/4.9.3/armv7e-m/fpu/crtn.o
OUTPUT(build/USART_IT_F302R8_04.elf elf32-littlearm)

.debug_info     0x00000000     0xbc15
 .debug_info    0x00000000     0x1437 build/main.o
 .debug_info    0x00001437      0x742 build/stm32f3xx_it.o
 .debug_info    0x00001b79      0xc92 build/stm32f3xx_hal_msp.o
 .debug_info    0x0000280b     0x1b65 build/stm32f3xx_hal_uart.o
 .debug_info    0x00004370      0x9e4 build/stm32f3xx_hal_uart_ex.o
 .debug_info    0x00004d54      0x75a build/stm32f3xx_hal.o
 .debug_info    0x000054ae     0x14ec build/stm32f3xx_hal_rcc.o
 .debug_info    0x0000699a      0x6dd build/stm32f3xx_hal_gpio.o
 .debug_info    0x00007077      0x850 build/stm32f3xx_hal_dma.o
 .debug_info    0x000078c7      0xceb build/stm32f3xx_hal_cortex.o
 .debug_info    0x000085b2      0x435 build/system_stm32f3xx.o
 .debug_info    0x000089e7      0x8d4 build/USART_IT_F302R8_04_USART.o
 .debug_info    0x000092bb     0x1172 build/USART_IT_F302R8_04.o
 .debug_info    0x0000a42d      0x430 build/cstblk4_m.o
 .debug_info    0x0000a85d     0x1341 build/convert.o
 .debug_info    0x0000bb9e       0x77 build/startup_stm32f302x8.o

.debug_abbrev   0x00000000     0x1eb8
 .debug_abbrev  0x00000000      0x2ee build/main.o
 .debug_abbrev  0x000002ee      0x16c build/stm32f3xx_it.o
 .debug_abbrev  0x0000045a      0x196 build/stm32f3xx_hal_msp.o
 .debug_abbrev  0x000005f0      0x278 build/stm32f3xx_hal_uart.o
 .debug_abbrev  0x00000868      0x229 build/stm32f3xx_hal_uart_ex.o
 .debug_abbrev  0x00000a91      0x1e4 build/stm32f3xx_hal.o
 .debug_abbrev  0x00000c75      0x309 build/stm32f3xx_hal_rcc.o
 .debug_abbrev  0x00000f7e      0x200 build/stm32f3xx_hal_gpio.o
 .debug_abbrev  0x0000117e      0x234 build/stm32f3xx_hal_dma.o
 .debug_abbrev  0x000013b2      0x2a3 build/stm32f3xx_hal_cortex.o
 .debug_abbrev  0x00001655      0x103 build/system_stm32f3xx.o
 .debug_abbrev  0x00001758      0x1a2 build/USART_IT_F302R8_04_USART.o
 .debug_abbrev  0x000018fa      0x359 build/USART_IT_F302R8_04.o
 .debug_abbrev  0x00001c53      0x118 build/cstblk4_m.o
 .debug_abbrev  0x00001d6b      0x13b build/convert.o
 .debug_abbrev  0x00001ea6       0x12 build/startup_stm32f302x8.o

.debug_loc      0x00000000     0x85c7
 .debug_loc     0x00000000      0x156 build/main.o
 .debug_loc     0x00000156       0x60 build/stm32f3xx_it.o
 .debug_loc     0x000001b6       0xe9 build/stm32f3xx_hal_msp.o
 .debug_loc     0x0000029f     0x1992 build/stm32f3xx_hal_uart.o
 .debug_loc     0x00001c31      0x357 build/stm32f3xx_hal_uart_ex.o
 .debug_loc     0x00001f88       0xe3 build/stm32f3xx_hal.o
 .debug_loc     0x0000206b      0xff5 build/stm32f3xx_hal_rcc.o
 .debug_loc     0x00003060      0x398 build/stm32f3xx_hal_gpio.o
 .debug_loc     0x000033f8      0x787 build/stm32f3xx_hal_dma.o
 .debug_loc     0x00003b7f      0x545 build/stm32f3xx_hal_cortex.o
 .debug_loc     0x000040c4      0x104 build/system_stm32f3xx.o
 .debug_loc     0x000041c8       0x42 build/USART_IT_F302R8_04_USART.o
 .debug_loc     0x0000420a       0xc2 build/USART_IT_F302R8_04.o
 .debug_loc     0x000042cc      0x108 build/cstblk4_m.o
 .debug_loc     0x000043d4     0x41f3 build/convert.o

.debug_aranges  0x00000000      0x6b8
 .debug_aranges
                0x00000000       0x48 build/main.o
 .debug_aranges
                0x00000048       0x30 build/stm32f3xx_it.o
 .debug_aranges
                0x00000078       0x30 build/stm32f3xx_hal_msp.o
 .debug_aranges
                0x000000a8      0x1f0 build/stm32f3xx_hal_uart.o
 .debug_aranges
                0x00000298       0x48 build/stm32f3xx_hal_uart_ex.o
 .debug_aranges
                0x000002e0       0xb0 build/stm32f3xx_hal.o
 .debug_aranges
                0x00000390       0x88 build/stm32f3xx_hal_rcc.o
 .debug_aranges
                0x00000418       0x58 build/stm32f3xx_hal_gpio.o
 .debug_aranges
                0x00000470       0x88 build/stm32f3xx_hal_dma.o
 .debug_aranges
                0x000004f8       0x90 build/stm32f3xx_hal_cortex.o
 .debug_aranges
                0x00000588       0x28 build/system_stm32f3xx.o
 .debug_aranges
                0x000005b0       0x30 build/USART_IT_F302R8_04_USART.o
 .debug_aranges
                0x000005e0       0x70 build/USART_IT_F302R8_04.o
 .debug_aranges
                0x00000650       0x20 build/cstblk4_m.o
 .debug_aranges
                0x00000670       0x20 build/convert.o
 .debug_aranges
                0x00000690       0x28 build/startup_stm32f302x8.o

.debug_ranges   0x00000000      0x5d8
 .debug_ranges  0x00000000       0x38 build/main.o
 .debug_ranges  0x00000038       0x20 build/stm32f3xx_it.o
 .debug_ranges  0x00000058       0x20 build/stm32f3xx_hal_msp.o
 .debug_ranges  0x00000078      0x1e0 build/stm32f3xx_hal_uart.o
 .debug_ranges  0x00000258       0x38 build/stm32f3xx_hal_uart_ex.o
 .debug_ranges  0x00000290       0xa0 build/stm32f3xx_hal.o
 .debug_ranges  0x00000330       0x90 build/stm32f3xx_hal_rcc.o
 .debug_ranges  0x000003c0       0x48 build/stm32f3xx_hal_gpio.o
 .debug_ranges  0x00000408       0x78 build/stm32f3xx_hal_dma.o
 .debug_ranges  0x00000480       0x80 build/stm32f3xx_hal_cortex.o
 .debug_ranges  0x00000500       0x18 build/system_stm32f3xx.o
 .debug_ranges  0x00000518       0x20 build/USART_IT_F302R8_04_USART.o
 .debug_ranges  0x00000538       0x60 build/USART_IT_F302R8_04.o
 .debug_ranges  0x00000598       0x10 build/cstblk4_m.o
 .debug_ranges  0x000005a8       0x10 build/convert.o
 .debug_ranges  0x000005b8       0x20 build/startup_stm32f302x8.o

.debug_line     0x00000000     0x417e
 .debug_line    0x00000000      0x35b build/main.o
 .debug_line    0x0000035b      0x23c build/stm32f3xx_it.o
 .debug_line    0x00000597      0x246 build/stm32f3xx_hal_msp.o
 .debug_line    0x000007dd      0xc0a build/stm32f3xx_hal_uart.o
 .debug_line    0x000013e7      0x30d build/stm32f3xx_hal_uart_ex.o
 .debug_line    0x000016f4      0x33b build/stm32f3xx_hal.o
 .debug_line    0x00001a2f      0x6ea build/stm32f3xx_hal_rcc.o
 .debug_line    0x00002119      0x31b build/stm32f3xx_hal_gpio.o
 .debug_line    0x00002434      0x426 build/stm32f3xx_hal_dma.o
 .debug_line    0x0000285a      0x32b build/stm32f3xx_hal_cortex.o
 .debug_line    0x00002b85      0x19d build/system_stm32f3xx.o
 .debug_line    0x00002d22      0x28f build/USART_IT_F302R8_04_USART.o
 .debug_line    0x00002fb1      0x4b6 build/USART_IT_F302R8_04.o
 .debug_line    0x00003467      0x1e7 build/cstblk4_m.o
 .debug_line    0x0000364e      0xabc build/convert.o
 .debug_line    0x0000410a       0x74 build/startup_stm32f302x8.o

.debug_str      0x00000000     0x24d6
 .debug_str     0x00000000      0xe24 build/main.o
                                0xecc (size before relaxing)
 .debug_str     0x00000e24       0x8e build/stm32f3xx_it.o
                                0x6da (size before relaxing)
 .debug_str     0x00000eb2       0x8f build/stm32f3xx_hal_msp.o
                                0xb18 (size before relaxing)
 .debug_str     0x00000f41      0x713 build/stm32f3xx_hal_uart.o
                                0xe6d (size before relaxing)
 .debug_str     0x00001654       0xf3 build/stm32f3xx_hal_uart_ex.o
                                0x87c (size before relaxing)
 .debug_str     0x00001747      0x1c1 build/stm32f3xx_hal.o
                                0x813 (size before relaxing)
 .debug_str     0x00001908      0x19e build/stm32f3xx_hal_rcc.o
                                0x684 (size before relaxing)
 .debug_str     0x00001aa6      0x104 build/stm32f3xx_hal_gpio.o
                                0x470 (size before relaxing)
 .debug_str     0x00001baa      0x215 build/stm32f3xx_hal_dma.o
                                0x64e (size before relaxing)
 .debug_str     0x00001dbf      0x190 build/stm32f3xx_hal_cortex.o
                                0x95d (size before relaxing)
 .debug_str     0x00001f4f       0x57 build/system_stm32f3xx.o
                                0x301 (size before relaxing)
 .debug_str     0x00001fa6      0x18b build/USART_IT_F302R8_04_USART.o
                                0x83c (size before relaxing)
 .debug_str     0x00002131      0x2ec build/USART_IT_F302R8_04.o
                                0xb0a (size before relaxing)
 .debug_str     0x0000241d       0x61 build/cstblk4_m.o
                                0x375 (size before relaxing)
 .debug_str     0x0000247e       0x58 build/convert.o
                                0x36c (size before relaxing)

.comment        0x00000000       0x70
 .comment       0x00000000       0x70 build/main.o
                                 0x71 (size before relaxing)
 .comment       0x00000000       0x71 build/stm32f3xx_it.o
 .comment       0x00000000       0x71 build/stm32f3xx_hal_msp.o
 .comment       0x00000000       0x71 build/stm32f3xx_hal_uart.o
 .comment       0x00000000       0x71 build/stm32f3xx_hal_uart_ex.o
 .comment       0x00000000       0x71 build/stm32f3xx_hal.o
 .comment       0x00000000       0x71 build/stm32f3xx_hal_rcc.o
 .comment       0x00000000       0x71 build/stm32f3xx_hal_gpio.o
 .comment       0x00000000       0x71 build/stm32f3xx_hal_dma.o
 .comment       0x00000000       0x71 build/stm32f3xx_hal_cortex.o
 .comment       0x00000000       0x71 build/system_stm32f3xx.o
 .comment       0x00000000       0x71 build/USART_IT_F302R8_04_USART.o
 .comment       0x00000000       0x71 build/USART_IT_F302R8_04.o
 .comment       0x00000000       0x71 build/cstblk4_m.o
 .comment       0x00000000       0x71 build/convert.o

.debug_frame    0x00000000     0x1270
 .debug_frame   0x00000000       0xb8 build/main.o
 .debug_frame   0x000000b8       0x64 build/stm32f3xx_it.o
 .debug_frame   0x0000011c       0x70 build/stm32f3xx_hal_msp.o
 .debug_frame   0x0000018c      0x624 build/stm32f3xx_hal_uart.o
 .debug_frame   0x000007b0       0xcc build/stm32f3xx_hal_uart_ex.o
 .debug_frame   0x0000087c      0x174 build/stm32f3xx_hal.o
 .debug_frame   0x000009f0      0x154 build/stm32f3xx_hal_rcc.o
 .debug_frame   0x00000b44       0xd4 build/stm32f3xx_hal_gpio.o
 .debug_frame   0x00000c18      0x18c build/stm32f3xx_hal_dma.o
 .debug_frame   0x00000da4      0x138 build/stm32f3xx_hal_cortex.o
 .debug_frame   0x00000edc       0x30 build/system_stm32f3xx.o
 .debug_frame   0x00000f0c       0x4c build/USART_IT_F302R8_04_USART.o
 .debug_frame   0x00000f58      0x108 build/USART_IT_F302R8_04.o
 .debug_frame   0x00001060       0x30 build/cstblk4_m.o
 .debug_frame   0x00001090       0x5c build/convert.o
 .debug_frame   0x000010ec       0x2c c:/program files (x86)/gnu tools arm embedded/4.9 2015q2/bin/../lib/gcc/arm-none-eabi/4.9.3/../../../../arm-none-eabi/lib/armv7e-m/fpu\libc_nano.a(lib_a-init.o)
 .debug_frame   0x00001118       0x30 c:/program files (x86)/gnu tools arm embedded/4.9 2015q2/bin/../lib/gcc/arm-none-eabi/4.9.3/../../../../arm-none-eabi/lib/armv7e-m/fpu\libc_nano.a(lib_a-malloc.o)
 .debug_frame   0x00001148       0x28 c:/program files (x86)/gnu tools arm embedded/4.9 2015q2/bin/../lib/gcc/arm-none-eabi/4.9.3/../../../../arm-none-eabi/lib/armv7e-m/fpu\libc_nano.a(lib_a-memcpy.o)
 .debug_frame   0x00001170       0x2c c:/program files (x86)/gnu tools arm embedded/4.9 2015q2/bin/../lib/gcc/arm-none-eabi/4.9.3/../../../../arm-none-eabi/lib/armv7e-m/fpu\libc_nano.a(lib_a-nano-freer.o)
 .debug_frame   0x0000119c       0x2c c:/program files (x86)/gnu tools arm embedded/4.9 2015q2/bin/../lib/gcc/arm-none-eabi/4.9.3/../../../../arm-none-eabi/lib/armv7e-m/fpu\libc_nano.a(lib_a-nano-mallocr.o)
 .debug_frame   0x000011c8       0x2c c:/program files (x86)/gnu tools arm embedded/4.9 2015q2/bin/../lib/gcc/arm-none-eabi/4.9.3/../../../../arm-none-eabi/lib/armv7e-m/fpu\libc_nano.a(lib_a-sbrkr.o)
 .debug_frame   0x000011f4       0x5c c:/program files (x86)/gnu tools arm embedded/4.9 2015q2/bin/../lib/gcc/arm-none-eabi/4.9.3/../../../../arm-none-eabi/lib/armv7e-m/fpu\libc_nano.a(lib_a-reent.o)
 .debug_frame   0x00001250       0x20 c:/program files (x86)/gnu tools arm embedded/4.9 2015q2/bin/../lib/gcc/arm-none-eabi/4.9.3/../../../../arm-none-eabi/lib/armv7e-m/fpu\libnosys.a(sbrk.o)

Cross Reference Table

Symbol                                            File
ADC1_IRQHandler                                   build/startup_stm32f302x8.o
AHBPrescTable                                     build/system_stm32f3xx.o
                                                  build/stm32f3xx_hal_rcc.o
APBPrescTable                                     build/system_stm32f3xx.o
                                                  build/stm32f3xx_hal_rcc.o
BusFault_Handler                                  build/startup_stm32f302x8.o
CAN_RX1_IRQHandler                                build/startup_stm32f302x8.o
CAN_SCE_IRQHandler                                build/startup_stm32f302x8.o
COMP2_IRQHandler                                  build/startup_stm32f302x8.o
COMP4_6_IRQHandler                                build/startup_stm32f302x8.o
DMA1_Channel1_IRQHandler                          build/startup_stm32f302x8.o
DMA1_Channel2_IRQHandler                          build/startup_stm32f302x8.o
DMA1_Channel3_IRQHandler                          build/startup_stm32f302x8.o
DMA1_Channel4_IRQHandler                          build/startup_stm32f302x8.o
DMA1_Channel5_IRQHandler                          build/startup_stm32f302x8.o
DMA1_Channel6_IRQHandler                          build/startup_stm32f302x8.o
DMA1_Channel7_IRQHandler                          build/startup_stm32f302x8.o
DebugMon_Handler                                  build/startup_stm32f302x8.o
Default_Handler                                   build/startup_stm32f302x8.o
EXTI0_IRQHandler                                  build/startup_stm32f302x8.o
EXTI15_10_IRQHandler                              build/stm32f3xx_it.o
EXTI1_IRQHandler                                  build/startup_stm32f302x8.o
EXTI2_TSC_IRQHandler                              build/startup_stm32f302x8.o
EXTI3_IRQHandler                                  build/startup_stm32f302x8.o
EXTI4_IRQHandler                                  build/startup_stm32f302x8.o
EXTI9_5_IRQHandler                                build/startup_stm32f302x8.o
FLASH_IRQHandler                                  build/startup_stm32f302x8.o
FLASH_PageErase                                   build/stm32f3xx_hal_flash_ex.o
                                                  build/stm32f3xx_hal_flash.o
FLASH_WaitForLastOperation                        build/stm32f3xx_hal_flash.o
                                                  build/stm32f3xx_hal_flash_ex.o
FPU_IRQHandler                                    build/startup_stm32f302x8.o
G_USART2_RxDataBuffer                             build/USART_IT_F302R8_04_USART.o
                                                  build/USART_IT_F302R8_04.o
G_Usart_RxData                                    build/USART_IT_F302R8_04_USART.o
G_Usart_RxHandler                                 build/USART_IT_F302R8_04_USART.o
HAL_DBGMCU_DisableDBGSleepMode                    build/stm32f3xx_hal.o
HAL_DBGMCU_DisableDBGStandbyMode                  build/stm32f3xx_hal.o
HAL_DBGMCU_DisableDBGStopMode                     build/stm32f3xx_hal.o
HAL_DBGMCU_EnableDBGSleepMode                     build/stm32f3xx_hal.o
HAL_DBGMCU_EnableDBGStandbyMode                   build/stm32f3xx_hal.o
HAL_DBGMCU_EnableDBGStopMode                      build/stm32f3xx_hal.o
HAL_DMA_Abort                                     build/stm32f3xx_hal_dma.o
                                                  build/stm32f3xx_hal_uart.o
HAL_DMA_Abort_IT                                  build/stm32f3xx_hal_dma.o
                                                  build/stm32f3xx_hal_i2c.o
                                                  build/stm32f3xx_hal_uart.o
HAL_DMA_DeInit                                    build/stm32f3xx_hal_dma.o
HAL_DMA_GetError                                  build/stm32f3xx_hal_dma.o
HAL_DMA_GetState                                  build/stm32f3xx_hal_dma.o
HAL_DMA_IRQHandler                                build/stm32f3xx_hal_dma.o
HAL_DMA_Init                                      build/stm32f3xx_hal_dma.o
HAL_DMA_PollForTransfer                           build/stm32f3xx_hal_dma.o
HAL_DMA_RegisterCallback                          build/stm32f3xx_hal_dma.o
HAL_DMA_Start                                     build/stm32f3xx_hal_dma.o
HAL_DMA_Start_IT                                  build/stm32f3xx_hal_dma.o
                                                  build/stm32f3xx_hal_i2c.o
                                                  build/stm32f3xx_hal_uart.o
HAL_DMA_UnRegisterCallback                        build/stm32f3xx_hal_dma.o
HAL_DeInit                                        build/stm32f3xx_hal.o
HAL_Delay                                         build/stm32f3xx_hal.o
HAL_FLASHEx_Erase                                 build/stm32f3xx_hal_flash_ex.o
HAL_FLASHEx_Erase_IT                              build/stm32f3xx_hal_flash_ex.o
HAL_FLASHEx_OBErase                               build/stm32f3xx_hal_flash_ex.o
HAL_FLASHEx_OBGetConfig                           build/stm32f3xx_hal_flash_ex.o
HAL_FLASHEx_OBGetUserData                         build/stm32f3xx_hal_flash_ex.o
HAL_FLASHEx_OBProgram                             build/stm32f3xx_hal_flash_ex.o
HAL_FLASH_EndOfOperationCallback                  build/stm32f3xx_hal_flash.o
HAL_FLASH_GetError                                build/stm32f3xx_hal_flash.o
HAL_FLASH_IRQHandler                              build/stm32f3xx_hal_flash.o
HAL_FLASH_Lock                                    build/stm32f3xx_hal_flash.o
HAL_FLASH_OB_Launch                               build/stm32f3xx_hal_flash.o
HAL_FLASH_OB_Lock                                 build/stm32f3xx_hal_flash.o
HAL_FLASH_OB_Unlock                               build/stm32f3xx_hal_flash.o
HAL_FLASH_OperationErrorCallback                  build/stm32f3xx_hal_flash.o
HAL_FLASH_Program                                 build/stm32f3xx_hal_flash.o
HAL_FLASH_Program_IT                              build/stm32f3xx_hal_flash.o
HAL_FLASH_Unlock                                  build/stm32f3xx_hal_flash.o
HAL_GPIO_DeInit                                   build/stm32f3xx_hal_gpio.o
                                                  build/stm32f3xx_hal_msp.o
HAL_GPIO_EXTI_Callback                            build/stm32f3xx_hal_gpio.o
HAL_GPIO_EXTI_IRQHandler                          build/stm32f3xx_hal_gpio.o
                                                  build/stm32f3xx_it.o
HAL_GPIO_Init                                     build/stm32f3xx_hal_gpio.o
                                                  build/stm32f3xx_hal_rcc.o
                                                  build/stm32f3xx_hal_msp.o
                                                  build/main.o
HAL_GPIO_LockPin                                  build/stm32f3xx_hal_gpio.o
HAL_GPIO_ReadPin                                  build/stm32f3xx_hal_gpio.o
HAL_GPIO_TogglePin                                build/stm32f3xx_hal_gpio.o
HAL_GPIO_WritePin                                 build/stm32f3xx_hal_gpio.o
                                                  build/main.o
HAL_GetDEVID                                      build/stm32f3xx_hal.o
HAL_GetHalVersion                                 build/stm32f3xx_hal.o
HAL_GetREVID                                      build/stm32f3xx_hal.o
HAL_GetTick                                       build/stm32f3xx_hal.o
                                                  build/stm32f3xx_hal_i2c.o
                                                  build/stm32f3xx_hal_flash.o
                                                  build/stm32f3xx_hal_dma.o
                                                  build/stm32f3xx_hal_rcc_ex.o
                                                  build/stm32f3xx_hal_rcc.o
                                                  build/stm32f3xx_hal_uart_ex.o
                                                  build/stm32f3xx_hal_uart.o
HAL_HalfDuplex_EnableReceiver                     build/stm32f3xx_hal_uart.o
HAL_HalfDuplex_EnableTransmitter                  build/stm32f3xx_hal_uart.o
HAL_HalfDuplex_Init                               build/stm32f3xx_hal_uart.o
HAL_I2CEx_ConfigAnalogFilter                      build/stm32f3xx_hal_i2c_ex.o
HAL_I2CEx_ConfigDigitalFilter                     build/stm32f3xx_hal_i2c_ex.o
HAL_I2CEx_DisableFastModePlus                     build/stm32f3xx_hal_i2c_ex.o
HAL_I2CEx_DisableWakeUp                           build/stm32f3xx_hal_i2c_ex.o
HAL_I2CEx_EnableFastModePlus                      build/stm32f3xx_hal_i2c_ex.o
HAL_I2CEx_EnableWakeUp                            build/stm32f3xx_hal_i2c_ex.o
HAL_I2C_AbortCpltCallback                         build/stm32f3xx_hal_i2c.o
HAL_I2C_AddrCallback                              build/stm32f3xx_hal_i2c.o
HAL_I2C_DeInit                                    build/stm32f3xx_hal_i2c.o
HAL_I2C_DisableListen_IT                          build/stm32f3xx_hal_i2c.o
HAL_I2C_ER_IRQHandler                             build/stm32f3xx_hal_i2c.o
HAL_I2C_EV_IRQHandler                             build/stm32f3xx_hal_i2c.o
HAL_I2C_EnableListen_IT                           build/stm32f3xx_hal_i2c.o
HAL_I2C_ErrorCallback                             build/stm32f3xx_hal_i2c.o
HAL_I2C_GetError                                  build/stm32f3xx_hal_i2c.o
HAL_I2C_GetMode                                   build/stm32f3xx_hal_i2c.o
HAL_I2C_GetState                                  build/stm32f3xx_hal_i2c.o
HAL_I2C_Init                                      build/stm32f3xx_hal_i2c.o
HAL_I2C_IsDeviceReady                             build/stm32f3xx_hal_i2c.o
HAL_I2C_ListenCpltCallback                        build/stm32f3xx_hal_i2c.o
HAL_I2C_MasterRxCpltCallback                      build/stm32f3xx_hal_i2c.o
HAL_I2C_MasterTxCpltCallback                      build/stm32f3xx_hal_i2c.o
HAL_I2C_Master_Abort_IT                           build/stm32f3xx_hal_i2c.o
HAL_I2C_Master_Receive                            build/stm32f3xx_hal_i2c.o
HAL_I2C_Master_Receive_DMA                        build/stm32f3xx_hal_i2c.o
HAL_I2C_Master_Receive_IT                         build/stm32f3xx_hal_i2c.o
HAL_I2C_Master_Sequential_Receive_IT              build/stm32f3xx_hal_i2c.o
HAL_I2C_Master_Sequential_Transmit_IT             build/stm32f3xx_hal_i2c.o
HAL_I2C_Master_Transmit                           build/stm32f3xx_hal_i2c.o
HAL_I2C_Master_Transmit_DMA                       build/stm32f3xx_hal_i2c.o
HAL_I2C_Master_Transmit_IT                        build/stm32f3xx_hal_i2c.o
HAL_I2C_MemRxCpltCallback                         build/stm32f3xx_hal_i2c.o
HAL_I2C_MemTxCpltCallback                         build/stm32f3xx_hal_i2c.o
HAL_I2C_Mem_Read                                  build/stm32f3xx_hal_i2c.o
HAL_I2C_Mem_Read_DMA                              build/stm32f3xx_hal_i2c.o
HAL_I2C_Mem_Read_IT                               build/stm32f3xx_hal_i2c.o
HAL_I2C_Mem_Write                                 build/stm32f3xx_hal_i2c.o
HAL_I2C_Mem_Write_DMA                             build/stm32f3xx_hal_i2c.o
HAL_I2C_Mem_Write_IT                              build/stm32f3xx_hal_i2c.o
HAL_I2C_MspDeInit                                 build/stm32f3xx_hal_i2c.o
HAL_I2C_MspInit                                   build/stm32f3xx_hal_i2c.o
HAL_I2C_SlaveRxCpltCallback                       build/stm32f3xx_hal_i2c.o
HAL_I2C_SlaveTxCpltCallback                       build/stm32f3xx_hal_i2c.o
HAL_I2C_Slave_Receive                             build/stm32f3xx_hal_i2c.o
HAL_I2C_Slave_Receive_DMA                         build/stm32f3xx_hal_i2c.o
HAL_I2C_Slave_Receive_IT                          build/stm32f3xx_hal_i2c.o
HAL_I2C_Slave_Sequential_Receive_IT               build/stm32f3xx_hal_i2c.o
HAL_I2C_Slave_Sequential_Transmit_IT              build/stm32f3xx_hal_i2c.o
HAL_I2C_Slave_Transmit                            build/stm32f3xx_hal_i2c.o
HAL_I2C_Slave_Transmit_DMA                        build/stm32f3xx_hal_i2c.o
HAL_I2C_Slave_Transmit_IT                         build/stm32f3xx_hal_i2c.o
HAL_IncTick                                       build/stm32f3xx_hal.o
                                                  build/stm32f3xx_it.o
                                                  build/main.o
HAL_Init                                          build/stm32f3xx_hal.o
                                                  build/main.o
HAL_InitTick                                      build/stm32f3xx_hal.o
                                                  build/stm32f3xx_hal_rcc.o
HAL_LIN_Init                                      build/stm32f3xx_hal_uart.o
HAL_LIN_SendBreak                                 build/stm32f3xx_hal_uart.o
HAL_MspDeInit                                     build/stm32f3xx_hal.o
HAL_MspInit                                       build/stm32f3xx_hal_msp.o
HAL_MultiProcessorEx_AddressLength_Set            build/stm32f3xx_hal_uart_ex.o
HAL_MultiProcessor_DisableMuteMode                build/stm32f3xx_hal_uart.o
HAL_MultiProcessor_EnableMuteMode                 build/stm32f3xx_hal_uart.o
HAL_MultiProcessor_EnterMuteMode                  build/stm32f3xx_hal_uart.o
HAL_MultiProcessor_Init                           build/stm32f3xx_hal_uart.o
HAL_NVIC_ClearPendingIRQ                          build/stm32f3xx_hal_cortex.o
HAL_NVIC_DisableIRQ                               build/stm32f3xx_hal_cortex.o
                                                  build/stm32f3xx_hal_msp.o
HAL_NVIC_EnableIRQ                                build/stm32f3xx_hal_cortex.o
                                                  build/stm32f3xx_hal_msp.o
                                                  build/main.o
HAL_NVIC_GetActive                                build/stm32f3xx_hal_cortex.o
HAL_NVIC_GetPendingIRQ                            build/stm32f3xx_hal_cortex.o
HAL_NVIC_GetPriority                              build/stm32f3xx_hal_cortex.o
HAL_NVIC_GetPriorityGrouping                      build/stm32f3xx_hal_cortex.o
HAL_NVIC_SetPendingIRQ                            build/stm32f3xx_hal_cortex.o
HAL_NVIC_SetPriority                              build/stm32f3xx_hal_cortex.o
                                                  build/stm32f3xx_hal.o
                                                  build/stm32f3xx_hal_msp.o
                                                  build/main.o
HAL_NVIC_SetPriorityGrouping                      build/stm32f3xx_hal_cortex.o
                                                  build/stm32f3xx_hal.o
                                                  build/stm32f3xx_hal_msp.o
HAL_NVIC_SystemReset                              build/stm32f3xx_hal_cortex.o
HAL_PWR_ConfigPVD                                 build/stm32f3xx_hal_pwr_ex.o
HAL_PWR_DeInit                                    build/stm32f3xx_hal_pwr.o
HAL_PWR_DisableBkUpAccess                         build/stm32f3xx_hal_pwr.o
HAL_PWR_DisablePVD                                build/stm32f3xx_hal_pwr_ex.o
HAL_PWR_DisableSEVOnPend                          build/stm32f3xx_hal_pwr.o
HAL_PWR_DisableSleepOnExit                        build/stm32f3xx_hal_pwr.o
HAL_PWR_DisableWakeUpPin                          build/stm32f3xx_hal_pwr.o
HAL_PWR_EnableBkUpAccess                          build/stm32f3xx_hal_pwr.o
HAL_PWR_EnablePVD                                 build/stm32f3xx_hal_pwr_ex.o
HAL_PWR_EnableSEVOnPend                           build/stm32f3xx_hal_pwr.o
HAL_PWR_EnableSleepOnExit                         build/stm32f3xx_hal_pwr.o
HAL_PWR_EnableWakeUpPin                           build/stm32f3xx_hal_pwr.o
HAL_PWR_EnterSLEEPMode                            build/stm32f3xx_hal_pwr.o
HAL_PWR_EnterSTANDBYMode                          build/stm32f3xx_hal_pwr.o
HAL_PWR_EnterSTOPMode                             build/stm32f3xx_hal_pwr.o
HAL_PWR_PVDCallback                               build/stm32f3xx_hal_pwr_ex.o
HAL_PWR_PVD_IRQHandler                            build/stm32f3xx_hal_pwr_ex.o
HAL_RCCEx_GetPeriphCLKConfig                      build/stm32f3xx_hal_rcc_ex.o
HAL_RCCEx_GetPeriphCLKFreq                        build/stm32f3xx_hal_rcc_ex.o
HAL_RCCEx_PeriphCLKConfig                         build/stm32f3xx_hal_rcc_ex.o
HAL_RCC_CSSCallback                               build/stm32f3xx_hal_rcc.o
HAL_RCC_ClockConfig                               build/stm32f3xx_hal_rcc.o
                                                  build/main.o
HAL_RCC_DeInit                                    build/stm32f3xx_hal_rcc.o
HAL_RCC_DisableCSS                                build/stm32f3xx_hal_rcc.o
HAL_RCC_EnableCSS                                 build/stm32f3xx_hal_rcc.o
HAL_RCC_GetClockConfig                            build/stm32f3xx_hal_rcc.o
HAL_RCC_GetHCLKFreq                               build/stm32f3xx_hal_rcc.o
                                                  build/main.o
HAL_RCC_GetOscConfig                              build/stm32f3xx_hal_rcc.o
HAL_RCC_GetPCLK1Freq                              build/stm32f3xx_hal_rcc.o
                                                  build/stm32f3xx_hal_rcc_ex.o
                                                  build/stm32f3xx_hal_uart.o
HAL_RCC_GetPCLK2Freq                              build/stm32f3xx_hal_rcc.o
                                                  build/stm32f3xx_hal_uart.o
HAL_RCC_GetSysClockFreq                           build/stm32f3xx_hal_rcc.o
                                                  build/stm32f3xx_hal_rcc_ex.o
                                                  build/stm32f3xx_hal_uart.o
HAL_RCC_MCOConfig                                 build/stm32f3xx_hal_rcc.o
HAL_RCC_NMI_IRQHandler                            build/stm32f3xx_hal_rcc.o
HAL_RCC_OscConfig                                 build/stm32f3xx_hal_rcc.o
                                                  build/main.o
HAL_RS485Ex_Init                                  build/stm32f3xx_hal_uart_ex.o
HAL_ResumeTick                                    build/stm32f3xx_hal.o
HAL_SYSTICK_CLKSourceConfig                       build/stm32f3xx_hal_cortex.o
                                                  build/main.o
HAL_SYSTICK_Callback                              build/main.o
HAL_SYSTICK_Config                                build/stm32f3xx_hal_cortex.o
                                                  build/stm32f3xx_hal.o
                                                  build/main.o
HAL_SYSTICK_IRQHandler                            build/stm32f3xx_hal_cortex.o
                                                  build/stm32f3xx_it.o
HAL_SuspendTick                                   build/stm32f3xx_hal.o
HAL_UARTEx_DisableStopMode                        build/stm32f3xx_hal_uart_ex.o
HAL_UARTEx_EnableStopMode                         build/stm32f3xx_hal_uart_ex.o
HAL_UARTEx_StopModeWakeUpSourceConfig             build/stm32f3xx_hal_uart_ex.o
HAL_UARTEx_WakeupCallback                         build/stm32f3xx_hal_uart_ex.o
                                                  build/stm32f3xx_hal_uart.o
HAL_UART_Abort                                    build/stm32f3xx_hal_uart.o
HAL_UART_AbortCpltCallback                        build/stm32f3xx_hal_uart.o
HAL_UART_AbortReceive                             build/stm32f3xx_hal_uart.o
HAL_UART_AbortReceiveCpltCallback                 build/stm32f3xx_hal_uart.o
HAL_UART_AbortReceive_IT                          build/stm32f3xx_hal_uart.o
HAL_UART_AbortTransmit                            build/stm32f3xx_hal_uart.o
HAL_UART_AbortTransmitCpltCallback                build/stm32f3xx_hal_uart.o
HAL_UART_AbortTransmit_IT                         build/stm32f3xx_hal_uart.o
HAL_UART_Abort_IT                                 build/stm32f3xx_hal_uart.o
HAL_UART_DMAPause                                 build/stm32f3xx_hal_uart.o
HAL_UART_DMAResume                                build/stm32f3xx_hal_uart.o
HAL_UART_DMAStop                                  build/stm32f3xx_hal_uart.o
HAL_UART_DeInit                                   build/stm32f3xx_hal_uart.o
HAL_UART_ErrorCallback                            build/stm32f3xx_hal_uart.o
HAL_UART_GetError                                 build/stm32f3xx_hal_uart.o
HAL_UART_GetState                                 build/stm32f3xx_hal_uart.o
HAL_UART_IRQHandler                               build/stm32f3xx_hal_uart.o
                                                  build/stm32f3xx_it.o
HAL_UART_Init                                     build/stm32f3xx_hal_uart.o
                                                  build/main.o
HAL_UART_MspDeInit                                build/stm32f3xx_hal_msp.o
HAL_UART_MspInit                                  build/stm32f3xx_hal_msp.o
                                                  build/stm32f3xx_hal_uart_ex.o
HAL_UART_Receive                                  build/stm32f3xx_hal_uart.o
HAL_UART_Receive_DMA                              build/stm32f3xx_hal_uart.o
HAL_UART_Receive_IT                               build/stm32f3xx_hal_uart.o
                                                  build/USART_IT_F302R8_04.o
HAL_UART_RxCpltCallback                           build/USART_IT_F302R8_04_USART.o
                                                  build/stm32f3xx_hal_uart.o
HAL_UART_RxHalfCpltCallback                       build/stm32f3xx_hal_uart.o
HAL_UART_Transmit                                 build/stm32f3xx_hal_uart.o
HAL_UART_Transmit_DMA                             build/stm32f3xx_hal_uart.o
HAL_UART_Transmit_IT                              build/stm32f3xx_hal_uart.o
HAL_UART_TxCpltCallback                           build/stm32f3xx_hal_uart.o
HAL_UART_TxHalfCpltCallback                       build/stm32f3xx_hal_uart.o
HardFault_Handler                                 build/startup_stm32f302x8.o
I2C1_ER_IRQHandler                                build/startup_stm32f302x8.o
I2C1_EV_IRQHandler                                build/startup_stm32f302x8.o
I2C2_ER_IRQHandler                                build/startup_stm32f302x8.o
I2C2_EV_IRQHandler                                build/startup_stm32f302x8.o
I2C3_ER_IRQHandler                                build/startup_stm32f302x8.o
I2C3_EV_IRQHandler                                build/startup_stm32f302x8.o
IPAR1                                             build/USART_IT_F302R8_04.o
MemManage_Handler                                 build/startup_stm32f302x8.o
NMI_Handler                                       build/startup_stm32f302x8.o
PVD_IRQHandler                                    build/startup_stm32f302x8.o
PendSV_Handler                                    build/startup_stm32f302x8.o
RCC_IRQHandler                                    build/startup_stm32f302x8.o
RPAR1                                             build/USART_IT_F302R8_04.o
RTC_Alarm_IRQHandler                              build/startup_stm32f302x8.o
RTC_WKUP_IRQHandler                               build/startup_stm32f302x8.o
Reset_Handler                                     build/startup_stm32f302x8.o
SPI2_IRQHandler                                   build/startup_stm32f302x8.o
SPI3_IRQHandler                                   build/startup_stm32f302x8.o
SVC_Handler                                       build/startup_stm32f302x8.o
SysTick_Handler                                   build/stm32f3xx_it.o
SystemClock_Config                                build/main.o
SystemCoreClock                                   build/system_stm32f3xx.o
                                                  build/stm32f3xx_hal_rcc_ex.o
                                                  build/stm32f3xx_hal_rcc.o
                                                  build/stm32f3xx_hal.o
                                                  build/main.o
SystemCoreClockUpdate                             build/system_stm32f3xx.o
SystemInit                                        build/system_stm32f3xx.o
                                                  build/startup_stm32f302x8.o
TAMP_STAMP_IRQHandler                             build/startup_stm32f302x8.o
TIM1_BRK_TIM15_IRQHandler                         build/startup_stm32f302x8.o
TIM1_CC_IRQHandler                                build/startup_stm32f302x8.o
TIM1_TRG_COM_TIM17_IRQHandler                     build/startup_stm32f302x8.o
TIM1_UP_TIM16_IRQHandler                          build/startup_stm32f302x8.o
TIM2_IRQHandler                                   build/startup_stm32f302x8.o
TIM6_DAC_IRQHandler                               build/startup_stm32f302x8.o
UART_AdvFeatureConfig                             build/stm32f3xx_hal_uart.o
                                                  build/stm32f3xx_hal_uart_ex.o
UART_CheckIdleState                               build/stm32f3xx_hal_uart.o
                                                  build/stm32f3xx_hal_uart_ex.o
UART_EndTransmit_IT                               build/stm32f3xx_hal_uart.o
UART_Receive_IT                                   build/stm32f3xx_hal_uart.o
UART_SetConfig                                    build/stm32f3xx_hal_uart.o
                                                  build/stm32f3xx_hal_uart_ex.o
UART_Transmit_IT                                  build/stm32f3xx_hal_uart.o
UART_WaitOnFlagUntilTimeout                       build/stm32f3xx_hal_uart.o
                                                  build/stm32f3xx_hal_uart_ex.o
UART_Wakeup_AddressConfig                         build/stm32f3xx_hal_uart.o
                                                  build/stm32f3xx_hal_uart_ex.o
USART1_IRQHandler                                 build/startup_stm32f302x8.o
USART2_IRQHandler                                 build/stm32f3xx_it.o
USART2_RxDataLink                                 build/USART_IT_F302R8_04_USART.o
                                                  build/USART_IT_F302R8_04.o
USART2_Rx_Initialization                          build/USART_IT_F302R8_04_USART.o
USART3_IRQHandler                                 build/startup_stm32f302x8.o
USART_IT_F302R8_04_Initialize                     build/USART_IT_F302R8_04.o
                                                  build/main.o
USART_IT_F302R8_04_Step1                          build/USART_IT_F302R8_04.o
                                                  build/main.o
USART_IT_F302R8_04_block_outtbptr                 build/USART_IT_F302R8_04.o
                                                  build/USART_IT_F302R8_04_USART.o
USART_Initialize                                  build/USART_IT_F302R8_04_USART.o
                                                  build/USART_IT_F302R8_04.o
USBWakeUp_IRQHandler                              build/startup_stm32f302x8.o
USBWakeUp_RMP_IRQHandler                          build/startup_stm32f302x8.o
USB_HP_CAN_TX_IRQHandler                          build/startup_stm32f302x8.o
USB_HP_IRQHandler                                 build/startup_stm32f302x8.o
USB_LP_CAN_RX0_IRQHandler                         build/startup_stm32f302x8.o
USB_LP_IRQHandler                                 build/startup_stm32f302x8.o
UsageFault_Handler                                build/startup_stm32f302x8.o
WWDG_IRQHandler                                   build/startup_stm32f302x8.o
_Error_Handler                                    build/main.o
_Jv_RegisterClasses                               c:/program files (x86)/gnu tools arm embedded/4.9 2015q2/bin/../lib/gcc/arm-none-eabi/4.9.3/armv7e-m/fpu/crtbegin.o
__adddf3                                          c:/program files (x86)/gnu tools arm embedded/4.9 2015q2/bin/../lib/gcc/arm-none-eabi/4.9.3/armv7e-m/fpu\libgcc.a(_arm_addsubdf3.o)
__aeabi_cdcmpeq                                   c:/program files (x86)/gnu tools arm embedded/4.9 2015q2/bin/../lib/gcc/arm-none-eabi/4.9.3/armv7e-m/fpu\libgcc.a(_arm_cmpdf2.o)
__aeabi_cdcmple                                   c:/program files (x86)/gnu tools arm embedded/4.9 2015q2/bin/../lib/gcc/arm-none-eabi/4.9.3/armv7e-m/fpu\libgcc.a(_arm_cmpdf2.o)
__aeabi_cdrcmple                                  c:/program files (x86)/gnu tools arm embedded/4.9 2015q2/bin/../lib/gcc/arm-none-eabi/4.9.3/armv7e-m/fpu\libgcc.a(_arm_cmpdf2.o)
__aeabi_d2iz                                      c:/program files (x86)/gnu tools arm embedded/4.9 2015q2/bin/../lib/gcc/arm-none-eabi/4.9.3/armv7e-m/fpu\libgcc.a(_arm_fixdfsi.o)
                                                  build/convert.o
__aeabi_d2uiz                                     c:/program files (x86)/gnu tools arm embedded/4.9 2015q2/bin/../lib/gcc/arm-none-eabi/4.9.3/armv7e-m/fpu\libgcc.a(_arm_fixunsdfsi.o)
                                                  build/convert.o
                                                  build/main.o
__aeabi_dadd                                      c:/program files (x86)/gnu tools arm embedded/4.9 2015q2/bin/../lib/gcc/arm-none-eabi/4.9.3/armv7e-m/fpu\libgcc.a(_arm_addsubdf3.o)
                                                  build/main.o
__aeabi_dcmpeq                                    c:/program files (x86)/gnu tools arm embedded/4.9 2015q2/bin/../lib/gcc/arm-none-eabi/4.9.3/armv7e-m/fpu\libgcc.a(_arm_cmpdf2.o)
__aeabi_dcmpge                                    c:/program files (x86)/gnu tools arm embedded/4.9 2015q2/bin/../lib/gcc/arm-none-eabi/4.9.3/armv7e-m/fpu\libgcc.a(_arm_cmpdf2.o)
                                                  build/convert.o
__aeabi_dcmpgt                                    c:/program files (x86)/gnu tools arm embedded/4.9 2015q2/bin/../lib/gcc/arm-none-eabi/4.9.3/armv7e-m/fpu\libgcc.a(_arm_cmpdf2.o)
                                                  build/convert.o
__aeabi_dcmple                                    c:/program files (x86)/gnu tools arm embedded/4.9 2015q2/bin/../lib/gcc/arm-none-eabi/4.9.3/armv7e-m/fpu\libgcc.a(_arm_cmpdf2.o)
__aeabi_dcmplt                                    c:/program files (x86)/gnu tools arm embedded/4.9 2015q2/bin/../lib/gcc/arm-none-eabi/4.9.3/armv7e-m/fpu\libgcc.a(_arm_cmpdf2.o)
                                                  build/convert.o
__aeabi_ddiv                                      c:/program files (x86)/gnu tools arm embedded/4.9 2015q2/bin/../lib/gcc/arm-none-eabi/4.9.3/armv7e-m/fpu\libgcc.a(_arm_muldivdf3.o)
__aeabi_dmul                                      c:/program files (x86)/gnu tools arm embedded/4.9 2015q2/bin/../lib/gcc/arm-none-eabi/4.9.3/armv7e-m/fpu\libgcc.a(_arm_muldivdf3.o)
                                                  build/convert.o
                                                  build/main.o
__aeabi_drsub                                     c:/program files (x86)/gnu tools arm embedded/4.9 2015q2/bin/../lib/gcc/arm-none-eabi/4.9.3/armv7e-m/fpu\libgcc.a(_arm_addsubdf3.o)
__aeabi_dsub                                      c:/program files (x86)/gnu tools arm embedded/4.9 2015q2/bin/../lib/gcc/arm-none-eabi/4.9.3/armv7e-m/fpu\libgcc.a(_arm_addsubdf3.o)
                                                  build/convert.o
__aeabi_f2d                                       c:/program files (x86)/gnu tools arm embedded/4.9 2015q2/bin/../lib/gcc/arm-none-eabi/4.9.3/armv7e-m/fpu\libgcc.a(_arm_addsubdf3.o)
__aeabi_i2d                                       c:/program files (x86)/gnu tools arm embedded/4.9 2015q2/bin/../lib/gcc/arm-none-eabi/4.9.3/armv7e-m/fpu\libgcc.a(_arm_addsubdf3.o)
                                                  build/convert.o
__aeabi_l2d                                       c:/program files (x86)/gnu tools arm embedded/4.9 2015q2/bin/../lib/gcc/arm-none-eabi/4.9.3/armv7e-m/fpu\libgcc.a(_arm_addsubdf3.o)
__aeabi_ui2d                                      c:/program files (x86)/gnu tools arm embedded/4.9 2015q2/bin/../lib/gcc/arm-none-eabi/4.9.3/armv7e-m/fpu\libgcc.a(_arm_addsubdf3.o)
                                                  build/convert.o
                                                  build/main.o
__aeabi_ul2d                                      c:/program files (x86)/gnu tools arm embedded/4.9 2015q2/bin/../lib/gcc/arm-none-eabi/4.9.3/armv7e-m/fpu\libgcc.a(_arm_addsubdf3.o)
__bss_end__                                       c:/program files (x86)/gnu tools arm embedded/4.9 2015q2/bin/../lib/gcc/arm-none-eabi/4.9.3/../../../../arm-none-eabi/lib/armv7e-m/fpu/crt0.o
__bss_start__                                     c:/program files (x86)/gnu tools arm embedded/4.9 2015q2/bin/../lib/gcc/arm-none-eabi/4.9.3/../../../../arm-none-eabi/lib/armv7e-m/fpu/crt0.o
__call_exitprocs                                  c:/program files (x86)/gnu tools arm embedded/4.9 2015q2/bin/../lib/gcc/arm-none-eabi/4.9.3/../../../../arm-none-eabi/lib/armv7e-m/fpu\libc_nano.a(lib_a-exit.o)
__cmpdf2                                          c:/program files (x86)/gnu tools arm embedded/4.9 2015q2/bin/../lib/gcc/arm-none-eabi/4.9.3/armv7e-m/fpu\libgcc.a(_arm_cmpdf2.o)
__deregister_frame_info                           c:/program files (x86)/gnu tools arm embedded/4.9 2015q2/bin/../lib/gcc/arm-none-eabi/4.9.3/armv7e-m/fpu/crtbegin.o
__divdf3                                          c:/program files (x86)/gnu tools arm embedded/4.9 2015q2/bin/../lib/gcc/arm-none-eabi/4.9.3/armv7e-m/fpu\libgcc.a(_arm_muldivdf3.o)
__dso_handle                                      c:/program files (x86)/gnu tools arm embedded/4.9 2015q2/bin/../lib/gcc/arm-none-eabi/4.9.3/armv7e-m/fpu/crtbegin.o
__eqdf2                                           c:/program files (x86)/gnu tools arm embedded/4.9 2015q2/bin/../lib/gcc/arm-none-eabi/4.9.3/armv7e-m/fpu\libgcc.a(_arm_cmpdf2.o)
__extendsfdf2                                     c:/program files (x86)/gnu tools arm embedded/4.9 2015q2/bin/../lib/gcc/arm-none-eabi/4.9.3/armv7e-m/fpu\libgcc.a(_arm_addsubdf3.o)
__fixdfsi                                         c:/program files (x86)/gnu tools arm embedded/4.9 2015q2/bin/../lib/gcc/arm-none-eabi/4.9.3/armv7e-m/fpu\libgcc.a(_arm_fixdfsi.o)
__fixunsdfsi                                      c:/program files (x86)/gnu tools arm embedded/4.9 2015q2/bin/../lib/gcc/arm-none-eabi/4.9.3/armv7e-m/fpu\libgcc.a(_arm_fixunsdfsi.o)
__floatdidf                                       c:/program files (x86)/gnu tools arm embedded/4.9 2015q2/bin/../lib/gcc/arm-none-eabi/4.9.3/armv7e-m/fpu\libgcc.a(_arm_addsubdf3.o)
__floatsidf                                       c:/program files (x86)/gnu tools arm embedded/4.9 2015q2/bin/../lib/gcc/arm-none-eabi/4.9.3/armv7e-m/fpu\libgcc.a(_arm_addsubdf3.o)
__floatundidf                                     c:/program files (x86)/gnu tools arm embedded/4.9 2015q2/bin/../lib/gcc/arm-none-eabi/4.9.3/armv7e-m/fpu\libgcc.a(_arm_addsubdf3.o)
__floatunsidf                                     c:/program files (x86)/gnu tools arm embedded/4.9 2015q2/bin/../lib/gcc/arm-none-eabi/4.9.3/armv7e-m/fpu\libgcc.a(_arm_addsubdf3.o)
__gedf2                                           c:/program files (x86)/gnu tools arm embedded/4.9 2015q2/bin/../lib/gcc/arm-none-eabi/4.9.3/armv7e-m/fpu\libgcc.a(_arm_cmpdf2.o)
__gtdf2                                           c:/program files (x86)/gnu tools arm embedded/4.9 2015q2/bin/../lib/gcc/arm-none-eabi/4.9.3/armv7e-m/fpu\libgcc.a(_arm_cmpdf2.o)
__init_array_end                                  c:/program files (x86)/gnu tools arm embedded/4.9 2015q2/bin/../lib/gcc/arm-none-eabi/4.9.3/../../../../arm-none-eabi/lib/armv7e-m/fpu\libc_nano.a(lib_a-init.o)
__init_array_start                                c:/program files (x86)/gnu tools arm embedded/4.9 2015q2/bin/../lib/gcc/arm-none-eabi/4.9.3/../../../../arm-none-eabi/lib/armv7e-m/fpu\libc_nano.a(lib_a-init.o)
__ledf2                                           c:/program files (x86)/gnu tools arm embedded/4.9 2015q2/bin/../lib/gcc/arm-none-eabi/4.9.3/armv7e-m/fpu\libgcc.a(_arm_cmpdf2.o)
__libc_fini_array                                 c:/program files (x86)/gnu tools arm embedded/4.9 2015q2/bin/../lib/gcc/arm-none-eabi/4.9.3/../../../../arm-none-eabi/lib/armv7e-m/fpu/crt0.o
__libc_init_array                                 c:/program files (x86)/gnu tools arm embedded/4.9 2015q2/bin/../lib/gcc/arm-none-eabi/4.9.3/../../../../arm-none-eabi/lib/armv7e-m/fpu\libc_nano.a(lib_a-init.o)
                                                  build/startup_stm32f302x8.o
                                                  c:/program files (x86)/gnu tools arm embedded/4.9 2015q2/bin/../lib/gcc/arm-none-eabi/4.9.3/../../../../arm-none-eabi/lib/armv7e-m/fpu/crt0.o
__ltdf2                                           c:/program files (x86)/gnu tools arm embedded/4.9 2015q2/bin/../lib/gcc/arm-none-eabi/4.9.3/armv7e-m/fpu\libgcc.a(_arm_cmpdf2.o)
__malloc_free_list                                c:/program files (x86)/gnu tools arm embedded/4.9 2015q2/bin/../lib/gcc/arm-none-eabi/4.9.3/../../../../arm-none-eabi/lib/armv7e-m/fpu\libc_nano.a(lib_a-nano-mallocr.o)
                                                  c:/program files (x86)/gnu tools arm embedded/4.9 2015q2/bin/../lib/gcc/arm-none-eabi/4.9.3/../../../../arm-none-eabi/lib/armv7e-m/fpu\libc_nano.a(lib_a-nano-freer.o)
__malloc_sbrk_start                               c:/program files (x86)/gnu tools arm embedded/4.9 2015q2/bin/../lib/gcc/arm-none-eabi/4.9.3/../../../../arm-none-eabi/lib/armv7e-m/fpu\libc_nano.a(lib_a-nano-mallocr.o)
__muldf3                                          c:/program files (x86)/gnu tools arm embedded/4.9 2015q2/bin/../lib/gcc/arm-none-eabi/4.9.3/armv7e-m/fpu\libgcc.a(_arm_muldivdf3.o)
__nedf2                                           c:/program files (x86)/gnu tools arm embedded/4.9 2015q2/bin/../lib/gcc/arm-none-eabi/4.9.3/armv7e-m/fpu\libgcc.a(_arm_cmpdf2.o)
__preinit_array_end                               c:/program files (x86)/gnu tools arm embedded/4.9 2015q2/bin/../lib/gcc/arm-none-eabi/4.9.3/../../../../arm-none-eabi/lib/armv7e-m/fpu\libc_nano.a(lib_a-init.o)
__preinit_array_start                             c:/program files (x86)/gnu tools arm embedded/4.9 2015q2/bin/../lib/gcc/arm-none-eabi/4.9.3/../../../../arm-none-eabi/lib/armv7e-m/fpu\libc_nano.a(lib_a-init.o)
__register_frame_info                             c:/program files (x86)/gnu tools arm embedded/4.9 2015q2/bin/../lib/gcc/arm-none-eabi/4.9.3/armv7e-m/fpu/crtbegin.o
__sf_fake_stderr                                  c:/program files (x86)/gnu tools arm embedded/4.9 2015q2/bin/../lib/gcc/arm-none-eabi/4.9.3/../../../../arm-none-eabi/lib/armv7e-m/fpu\libc_nano.a(lib_a-impure.o)
__sf_fake_stdin                                   c:/program files (x86)/gnu tools arm embedded/4.9 2015q2/bin/../lib/gcc/arm-none-eabi/4.9.3/../../../../arm-none-eabi/lib/armv7e-m/fpu\libc_nano.a(lib_a-impure.o)
__sf_fake_stdout                                  c:/program files (x86)/gnu tools arm embedded/4.9 2015q2/bin/../lib/gcc/arm-none-eabi/4.9.3/../../../../arm-none-eabi/lib/armv7e-m/fpu\libc_nano.a(lib_a-impure.o)
__stack                                           c:/program files (x86)/gnu tools arm embedded/4.9 2015q2/bin/../lib/gcc/arm-none-eabi/4.9.3/../../../../arm-none-eabi/lib/armv7e-m/fpu/crt0.o
__subdf3                                          c:/program files (x86)/gnu tools arm embedded/4.9 2015q2/bin/../lib/gcc/arm-none-eabi/4.9.3/armv7e-m/fpu\libgcc.a(_arm_addsubdf3.o)
_ebss                                             build/startup_stm32f302x8.o
_edata                                            build/startup_stm32f302x8.o
_estack                                           build/startup_stm32f302x8.o
_exit                                             c:/program files (x86)/gnu tools arm embedded/4.9 2015q2/bin/../lib/gcc/arm-none-eabi/4.9.3/../../../../arm-none-eabi/lib/armv7e-m/fpu\libnosys.a(_exit.o)
                                                  c:/program files (x86)/gnu tools arm embedded/4.9 2015q2/bin/../lib/gcc/arm-none-eabi/4.9.3/../../../../arm-none-eabi/lib/armv7e-m/fpu\libc_nano.a(lib_a-exit.o)
_fini                                             c:/program files (x86)/gnu tools arm embedded/4.9 2015q2/bin/../lib/gcc/arm-none-eabi/4.9.3/armv7e-m/fpu/crti.o
_free_r                                           c:/program files (x86)/gnu tools arm embedded/4.9 2015q2/bin/../lib/gcc/arm-none-eabi/4.9.3/../../../../arm-none-eabi/lib/armv7e-m/fpu\libc_nano.a(lib_a-nano-freer.o)
                                                  c:/program files (x86)/gnu tools arm embedded/4.9 2015q2/bin/../lib/gcc/arm-none-eabi/4.9.3/../../../../arm-none-eabi/lib/armv7e-m/fpu\libc_nano.a(lib_a-reent.o)
                                                  c:/program files (x86)/gnu tools arm embedded/4.9 2015q2/bin/../lib/gcc/arm-none-eabi/4.9.3/../../../../arm-none-eabi/lib/armv7e-m/fpu\libc_nano.a(lib_a-malloc.o)
_global_impure_ptr                                c:/program files (x86)/gnu tools arm embedded/4.9 2015q2/bin/../lib/gcc/arm-none-eabi/4.9.3/../../../../arm-none-eabi/lib/armv7e-m/fpu\libc_nano.a(lib_a-impure.o)
                                                  c:/program files (x86)/gnu tools arm embedded/4.9 2015q2/bin/../lib/gcc/arm-none-eabi/4.9.3/../../../../arm-none-eabi/lib/armv7e-m/fpu\libc_nano.a(lib_a-exit.o)
_impure_ptr                                       c:/program files (x86)/gnu tools arm embedded/4.9 2015q2/bin/../lib/gcc/arm-none-eabi/4.9.3/../../../../arm-none-eabi/lib/armv7e-m/fpu\libc_nano.a(lib_a-impure.o)
                                                  c:/program files (x86)/gnu tools arm embedded/4.9 2015q2/bin/../lib/gcc/arm-none-eabi/4.9.3/../../../../arm-none-eabi/lib/armv7e-m/fpu\libc_nano.a(lib_a-reent.o)
                                                  c:/program files (x86)/gnu tools arm embedded/4.9 2015q2/bin/../lib/gcc/arm-none-eabi/4.9.3/../../../../arm-none-eabi/lib/armv7e-m/fpu\libc_nano.a(lib_a-malloc.o)
_init                                             c:/program files (x86)/gnu tools arm embedded/4.9 2015q2/bin/../lib/gcc/arm-none-eabi/4.9.3/armv7e-m/fpu/crti.o
                                                  c:/program files (x86)/gnu tools arm embedded/4.9 2015q2/bin/../lib/gcc/arm-none-eabi/4.9.3/../../../../arm-none-eabi/lib/armv7e-m/fpu\libc_nano.a(lib_a-init.o)
_mainCRTStartup                                   c:/program files (x86)/gnu tools arm embedded/4.9 2015q2/bin/../lib/gcc/arm-none-eabi/4.9.3/../../../../arm-none-eabi/lib/armv7e-m/fpu/crt0.o
_malloc_r                                         c:/program files (x86)/gnu tools arm embedded/4.9 2015q2/bin/../lib/gcc/arm-none-eabi/4.9.3/../../../../arm-none-eabi/lib/armv7e-m/fpu\libc_nano.a(lib_a-nano-mallocr.o)
                                                  c:/program files (x86)/gnu tools arm embedded/4.9 2015q2/bin/../lib/gcc/arm-none-eabi/4.9.3/../../../../arm-none-eabi/lib/armv7e-m/fpu\libc_nano.a(lib_a-malloc.o)
_reclaim_reent                                    c:/program files (x86)/gnu tools arm embedded/4.9 2015q2/bin/../lib/gcc/arm-none-eabi/4.9.3/../../../../arm-none-eabi/lib/armv7e-m/fpu\libc_nano.a(lib_a-reent.o)
_sbrk                                             c:/program files (x86)/gnu tools arm embedded/4.9 2015q2/bin/../lib/gcc/arm-none-eabi/4.9.3/../../../../arm-none-eabi/lib/armv7e-m/fpu\libnosys.a(sbrk.o)
                                                  c:/program files (x86)/gnu tools arm embedded/4.9 2015q2/bin/../lib/gcc/arm-none-eabi/4.9.3/../../../../arm-none-eabi/lib/armv7e-m/fpu\libc_nano.a(lib_a-sbrkr.o)
_sbrk_r                                           c:/program files (x86)/gnu tools arm embedded/4.9 2015q2/bin/../lib/gcc/arm-none-eabi/4.9.3/../../../../arm-none-eabi/lib/armv7e-m/fpu\libc_nano.a(lib_a-sbrkr.o)
                                                  c:/program files (x86)/gnu tools arm embedded/4.9 2015q2/bin/../lib/gcc/arm-none-eabi/4.9.3/../../../../arm-none-eabi/lib/armv7e-m/fpu\libc_nano.a(lib_a-nano-mallocr.o)
_sbss                                             build/startup_stm32f302x8.o
_sdata                                            build/startup_stm32f302x8.o
_sidata                                           build/startup_stm32f302x8.o
_start                                            c:/program files (x86)/gnu tools arm embedded/4.9 2015q2/bin/../lib/gcc/arm-none-eabi/4.9.3/../../../../arm-none-eabi/lib/armv7e-m/fpu/crt0.o
aPLLMULFactorTable                                build/stm32f3xx_hal_rcc.o
aPredivFactorTable                                build/stm32f3xx_hal_rcc.o
assert_sci_failed                                 build/USART_IT_F302R8_04.o
atexit                                            c:/program files (x86)/gnu tools arm embedded/4.9 2015q2/bin/../lib/gcc/arm-none-eabi/4.9.3/../../../../arm-none-eabi/lib/armv7e-m/fpu/crt0.o
bidon                                             build/bidon.o
block_USART_IT_F302R8_04                          build/USART_IT_F302R8_04.o
cleanup_glue                                      c:/program files (x86)/gnu tools arm embedded/4.9 2015q2/bin/../lib/gcc/arm-none-eabi/4.9.3/../../../../arm-none-eabi/lib/armv7e-m/fpu\libc_nano.a(lib_a-reent.o)
convert                                           build/convert.o
                                                  build/USART_IT_F302R8_04.o
cstblk4_m                                         build/cstblk4_m.o
                                                  build/USART_IT_F302R8_04.o
do_cold_restart                                   build/USART_IT_F302R8_04.o
end                                               c:/program files (x86)/gnu tools arm embedded/4.9 2015q2/bin/../lib/gcc/arm-none-eabi/4.9.3/../../../../arm-none-eabi/lib/armv7e-m/fpu\libnosys.a(sbrk.o)
errno                                             c:/program files (x86)/gnu tools arm embedded/4.9 2015q2/bin/../lib/gcc/arm-none-eabi/4.9.3/../../../../arm-none-eabi/lib/armv7e-m/fpu\libc_nano.a(lib_a-reent.o)
                                                  c:/program files (x86)/gnu tools arm embedded/4.9 2015q2/bin/../lib/gcc/arm-none-eabi/4.9.3/../../../../arm-none-eabi/lib/armv7e-m/fpu\libc_nano.a(lib_a-sbrkr.o)
evoutptr                                          build/USART_IT_F302R8_04.o
exit                                              c:/program files (x86)/gnu tools arm embedded/4.9 2015q2/bin/../lib/gcc/arm-none-eabi/4.9.3/../../../../arm-none-eabi/lib/armv7e-m/fpu\libc_nano.a(lib_a-exit.o)
                                                  c:/program files (x86)/gnu tools arm embedded/4.9 2015q2/bin/../lib/gcc/arm-none-eabi/4.9.3/../../../../arm-none-eabi/lib/armv7e-m/fpu/crt0.o
free                                              c:/program files (x86)/gnu tools arm embedded/4.9 2015q2/bin/../lib/gcc/arm-none-eabi/4.9.3/../../../../arm-none-eabi/lib/armv7e-m/fpu\libc_nano.a(lib_a-malloc.o)
                                                  build/USART_IT_F302R8_04.o
g_pfnVectors                                      build/startup_stm32f302x8.o
get_phase_simulation                              build/USART_IT_F302R8_04.o
get_scicos_time                                   build/USART_IT_F302R8_04.o
hardware_init_hook                                c:/program files (x86)/gnu tools arm embedded/4.9 2015q2/bin/../lib/gcc/arm-none-eabi/4.9.3/../../../../arm-none-eabi/lib/armv7e-m/fpu/crt0.o
huart2                                            build/main.o
                                                  build/USART_IT_F302R8_04.o
                                                  build/USART_IT_F302R8_04_USART.o
                                                  build/stm32f3xx_it.o
inptr                                             build/USART_IT_F302R8_04.o
inszptr                                           build/USART_IT_F302R8_04.o
local_flag                                        build/USART_IT_F302R8_04.o
main                                              build/main.o
                                                  build/startup_stm32f302x8.o