Archive member included because of file (symbol)

c:/program files (x86)/gnu tools arm embedded/4.9 2015q2/bin/../lib/gcc/arm-none-eabi/4.9.3/../../../../arm-none-eabi/lib/armv7e-m/fpu\libc_nano.a(lib_a-exit.o)
                              c:/program files (x86)/gnu tools arm embedded/4.9 2015q2/bin/../lib/gcc/arm-none-eabi/4.9.3/../../../../arm-none-eabi/lib/armv7e-m/fpu/crt0.o (exit)
c:/program files (x86)/gnu tools arm embedded/4.9 2015q2/bin/../lib/gcc/arm-none-eabi/4.9.3/../../../../arm-none-eabi/lib/armv7e-m/fpu\libc_nano.a(lib_a-impure.o)
                              c:/program files (x86)/gnu tools arm embedded/4.9 2015q2/bin/../lib/gcc/arm-none-eabi/4.9.3/../../../../arm-none-eabi/lib/armv7e-m/fpu\libc_nano.a(lib_a-exit.o) (_global_impure_ptr)
c:/program files (x86)/gnu tools arm embedded/4.9 2015q2/bin/../lib/gcc/arm-none-eabi/4.9.3/../../../../arm-none-eabi/lib/armv7e-m/fpu\libc_nano.a(lib_a-init.o)
                              c:/program files (x86)/gnu tools arm embedded/4.9 2015q2/bin/../lib/gcc/arm-none-eabi/4.9.3/../../../../arm-none-eabi/lib/armv7e-m/fpu/crt0.o (__libc_init_array)
c:/program files (x86)/gnu tools arm embedded/4.9 2015q2/bin/../lib/gcc/arm-none-eabi/4.9.3/../../../../arm-none-eabi/lib/armv7e-m/fpu\libc_nano.a(lib_a-malloc.o)
                              build/USART_DMA_F302R8.o (malloc)
c:/program files (x86)/gnu tools arm embedded/4.9 2015q2/bin/../lib/gcc/arm-none-eabi/4.9.3/../../../../arm-none-eabi/lib/armv7e-m/fpu\libc_nano.a(lib_a-memcpy.o)
                              build/cstblk4_m.o (memcpy)
c:/program files (x86)/gnu tools arm embedded/4.9 2015q2/bin/../lib/gcc/arm-none-eabi/4.9.3/../../../../arm-none-eabi/lib/armv7e-m/fpu\libc_nano.a(lib_a-memset.o)
                              c:/program files (x86)/gnu tools arm embedded/4.9 2015q2/bin/../lib/gcc/arm-none-eabi/4.9.3/../../../../arm-none-eabi/lib/armv7e-m/fpu/crt0.o (memset)
c:/program files (x86)/gnu tools arm embedded/4.9 2015q2/bin/../lib/gcc/arm-none-eabi/4.9.3/../../../../arm-none-eabi/lib/armv7e-m/fpu\libc_nano.a(lib_a-nano-freer.o)
                              c:/program files (x86)/gnu tools arm embedded/4.9 2015q2/bin/../lib/gcc/arm-none-eabi/4.9.3/../../../../arm-none-eabi/lib/armv7e-m/fpu\libc_nano.a(lib_a-malloc.o) (_free_r)
c:/program files (x86)/gnu tools arm embedded/4.9 2015q2/bin/../lib/gcc/arm-none-eabi/4.9.3/../../../../arm-none-eabi/lib/armv7e-m/fpu\libc_nano.a(lib_a-nano-mallocr.o)
                              c:/program files (x86)/gnu tools arm embedded/4.9 2015q2/bin/../lib/gcc/arm-none-eabi/4.9.3/../../../../arm-none-eabi/lib/armv7e-m/fpu\libc_nano.a(lib_a-malloc.o) (_malloc_r)
c:/program files (x86)/gnu tools arm embedded/4.9 2015q2/bin/../lib/gcc/arm-none-eabi/4.9.3/../../../../arm-none-eabi/lib/armv7e-m/fpu\libc_nano.a(lib_a-sbrkr.o)
                              c:/program files (x86)/gnu tools arm embedded/4.9 2015q2/bin/../lib/gcc/arm-none-eabi/4.9.3/../../../../arm-none-eabi/lib/armv7e-m/fpu\libc_nano.a(lib_a-nano-mallocr.o) (_sbrk_r)
c:/program files (x86)/gnu tools arm embedded/4.9 2015q2/bin/../lib/gcc/arm-none-eabi/4.9.3/../../../../arm-none-eabi/lib/armv7e-m/fpu\libc_nano.a(lib_a-reent.o)
                              c:/program files (x86)/gnu tools arm embedded/4.9 2015q2/bin/../lib/gcc/arm-none-eabi/4.9.3/../../../../arm-none-eabi/lib/armv7e-m/fpu\libc_nano.a(lib_a-sbrkr.o) (errno)
c:/program files (x86)/gnu tools arm embedded/4.9 2015q2/bin/../lib/gcc/arm-none-eabi/4.9.3/../../../../arm-none-eabi/lib/armv7e-m/fpu\libnosys.a(sbrk.o)
                              c:/program files (x86)/gnu tools arm embedded/4.9 2015q2/bin/../lib/gcc/arm-none-eabi/4.9.3/../../../../arm-none-eabi/lib/armv7e-m/fpu\libc_nano.a(lib_a-sbrkr.o) (_sbrk)
c:/program files (x86)/gnu tools arm embedded/4.9 2015q2/bin/../lib/gcc/arm-none-eabi/4.9.3/../../../../arm-none-eabi/lib/armv7e-m/fpu\libnosys.a(_exit.o)
                              c:/program files (x86)/gnu tools arm embedded/4.9 2015q2/bin/../lib/gcc/arm-none-eabi/4.9.3/../../../../arm-none-eabi/lib/armv7e-m/fpu\libc_nano.a(lib_a-exit.o) (_exit)
c:/program files (x86)/gnu tools arm embedded/4.9 2015q2/bin/../lib/gcc/arm-none-eabi/4.9.3/armv7e-m/fpu\libgcc.a(_arm_addsubdf3.o)
                              build/convert.o (__aeabi_dsub)
c:/program files (x86)/gnu tools arm embedded/4.9 2015q2/bin/../lib/gcc/arm-none-eabi/4.9.3/armv7e-m/fpu\libgcc.a(_arm_muldivdf3.o)
                              build/main.o (__aeabi_dmul)
c:/program files (x86)/gnu tools arm embedded/4.9 2015q2/bin/../lib/gcc/arm-none-eabi/4.9.3/armv7e-m/fpu\libgcc.a(_arm_cmpdf2.o)
                              build/convert.o (__aeabi_dcmplt)
c:/program files (x86)/gnu tools arm embedded/4.9 2015q2/bin/../lib/gcc/arm-none-eabi/4.9.3/armv7e-m/fpu\libgcc.a(_arm_fixdfsi.o)
                              build/convert.o (__aeabi_d2iz)
c:/program files (x86)/gnu tools arm embedded/4.9 2015q2/bin/../lib/gcc/arm-none-eabi/4.9.3/armv7e-m/fpu\libgcc.a(_arm_fixunsdfsi.o)
[...]
Memory Configuration

Name             Origin             Length             Attributes
RAM              0x20000000         0x00004000         xrw
FLASH            0x08000000         0x00010000         xr
*default*        0x00000000         0xffffffff

Linker script and memory map

LOAD c:/program files (x86)/gnu tools arm embedded/4.9 2015q2/bin/../lib/gcc/arm-none-eabi/4.9.3/armv7e-m/fpu/crti.o
LOAD c:/program files (x86)/gnu tools arm embedded/4.9 2015q2/bin/../lib/gcc/arm-none-eabi/4.9.3/armv7e-m/fpu/crtbegin.o
LOAD c:/program files (x86)/gnu tools arm embedded/4.9 2015q2/bin/../lib/gcc/arm-none-eabi/4.9.3/../../../../arm-none-eabi/lib/armv7e-m/fpu/crt0.o
LOAD build/main.o
LOAD build/stm32f3xx_it.o
LOAD build/stm32f3xx_hal_msp.o
LOAD build/stm32f3xx_hal_tim.o
LOAD build/stm32f3xx_hal_tim_ex.o
LOAD build/stm32f3xx_hal_uart.o
LOAD build/stm32f3xx_hal_uart_ex.o
LOAD build/stm32f3xx_hal.o
LOAD build/stm32f3xx_hal_rcc.o
LOAD build/stm32f3xx_hal_rcc_ex.o
LOAD build/stm32f3xx_hal_gpio.o
LOAD build/stm32f3xx_hal_dma.o
LOAD build/stm32f3xx_hal_cortex.o
LOAD build/stm32f3xx_hal_pwr.o
LOAD build/stm32f3xx_hal_pwr_ex.o
LOAD build/stm32f3xx_hal_flash.o
LOAD build/stm32f3xx_hal_flash_ex.o
LOAD build/stm32f3xx_hal_i2c.o
LOAD build/stm32f3xx_hal_i2c_ex.o
LOAD build/stm32f3xx_hal_usart.o
LOAD build/system_stm32f3xx.o
LOAD build/USART_DMA_F302R8_USART.o
LOAD build/USART_DMA_F302R8_it.o
LOAD build/USART_DMA_F302R8_GPIO.o
LOAD build/USART_DMA_F302R8.o
LOAD build/bidon.o
LOAD build/cstblk4_m.o
LOAD build/convert.o
LOAD build/startup_stm32f302x8.o
LOAD c:/program files (x86)/gnu tools arm embedded/4.9 2015q2/bin/../lib/gcc/arm-none-eabi/4.9.3/../../../../arm-none-eabi/lib/armv7e-m/fpu\libc_nano.a
LOAD c:/program files (x86)/gnu tools arm embedded/4.9 2015q2/bin/../lib/gcc/arm-none-eabi/4.9.3/../../../../arm-none-eabi/lib/armv7e-m/fpu\libm.a
LOAD c:/program files (x86)/gnu tools arm embedded/4.9 2015q2/bin/../lib/gcc/arm-none-eabi/4.9.3/../../../../arm-none-eabi/lib/armv7e-m/fpu\libnosys.a
START GROUP
LOAD c:/program files (x86)/gnu tools arm embedded/4.9 2015q2/bin/../lib/gcc/arm-none-eabi/4.9.3/armv7e-m/fpu\libgcc.a
LOAD c:/program files (x86)/gnu tools arm embedded/4.9 2015q2/bin/../lib/gcc/arm-none-eabi/4.9.3/../../../../arm-none-eabi/lib/armv7e-m/fpu\libc_nano.a
END GROUP
START GROUP
LOAD c:/program files (x86)/gnu tools arm embedded/4.9 2015q2/bin/../lib/gcc/arm-none-eabi/4.9.3/armv7e-m/fpu\libgcc.a
LOAD c:/program files (x86)/gnu tools arm embedded/4.9 2015q2/bin/../lib/gcc/arm-none-eabi/4.9.3/../../../../arm-none-eabi/lib/armv7e-m/fpu\libc_nano.a
END GROUP
LOAD c:/program files (x86)/gnu tools arm embedded/4.9 2015q2/bin/../lib/gcc/arm-none-eabi/4.9.3/armv7e-m/fpu/crtend.o
LOAD c:/program files (x86)/gnu tools arm embedded/4.9 2015q2/bin/../lib/gcc/arm-none-eabi/4.9.3/armv7e-m/fpu/crtn.o
                0x20004000                _estack = 0x20004000
                0x00000200                _Min_Heap_Size = 0x200
                0x00000400                _Min_Stack_Size = 0x400

.isr_vector     0x08000000      0x188
                0x08000000                . = ALIGN (0x4)
 *(.isr_vector)
 .isr_vector    0x08000000      0x188 build/startup_stm32f302x8.o
                0x08000000                g_pfnVectors
                0x08000188                . = ALIGN (0x4)

.text           0x08000188     0x4bf0
                0x08000188                . = ALIGN (0x4)
 *(.text)
 .text          0x08000188       0x5c c:/program files (x86)/gnu tools arm embedded/4.9 2015q2/bin/../lib/gcc/arm-none-eabi/4.9.3/armv7e-m/fpu/crtbegin.o
 .text          0x080001e4      0x370 c:/program files (x86)/gnu tools arm embedded/4.9 2015q2/bin/../lib/gcc/arm-none-eabi/4.9.3/armv7e-m/fpu\libgcc.a(_arm_addsubdf3.o)
                0x080001e4                __aeabi_drsub
                0x080001ec                __aeabi_dsub
                0x080001ec                __subdf3
                0x080001f0                __aeabi_dadd
                0x080001f0                __adddf3
                0x08000468                __floatunsidf
                0x08000468                __aeabi_ui2d
                0x08000488                __floatsidf
                0x08000488                __aeabi_i2d
                0x080004ac                __aeabi_f2d
                0x080004ac                __extendsfdf2
                0x080004e8                __floatundidf
                0x080004e8                __aeabi_ul2d
                0x080004f8                __floatdidf
                0x080004f8                __aeabi_l2d
 .text          0x08000554      0x424 c:/program files (x86)/gnu tools arm embedded/4.9 2015q2/bin/../lib/gcc/arm-none-eabi/4.9.3/armv7e-m/fpu\libgcc.a(_arm_muldivdf3.o)
                0x08000554                __aeabi_dmul
                0x08000554                __muldf3
                0x080007a8                __divdf3
                0x080007a8                __aeabi_ddiv
 .text          0x08000978      0x110 c:/program files (x86)/gnu tools arm embedded/4.9 2015q2/bin/../lib/gcc/arm-none-eabi/4.9.3/armv7e-m/fpu\libgcc.a(_arm_cmpdf2.o)
                0x08000978                __gtdf2
                0x08000978                __gedf2
                0x08000980                __ltdf2
                0x08000980                __ledf2
                0x08000988                __nedf2
                0x08000988                __eqdf2
                0x08000988                __cmpdf2
                0x08000a04                __aeabi_cdrcmple
                0x08000a14                __aeabi_cdcmpeq
                0x08000a14                __aeabi_cdcmple
                0x08000a24                __aeabi_dcmpeq
                0x08000a38                __aeabi_dcmplt
                0x08000a4c                __aeabi_dcmple
                0x08000a60                __aeabi_dcmpge
                0x08000a74                __aeabi_dcmpgt
 .text          0x08000a88       0x50 c:/program files (x86)/gnu tools arm embedded/4.9 2015q2/bin/../lib/gcc/arm-none-eabi/4.9.3/armv7e-m/fpu\libgcc.a(_arm_fixdfsi.o)
                0x08000a88                __aeabi_d2iz
                0x08000a88                __fixdfsi
 .text          0x08000ad8       0x40 c:/program files (x86)/gnu tools arm embedded/4.9 2015q2/bin/../lib/gcc/arm-none-eabi/4.9.3/armv7e-m/fpu\libgcc.a(_arm_fixunsdfsi.o)
                0x08000ad8                __aeabi_d2uiz
                0x08000ad8                __fixunsdfsi
 *(.text*)
 .text.MX_GPIO_Init
                0x08000b18       0xa8 build/main.o
 .text.MX_DMA_Init
                0x08000bc0       0x44 build/main.o
 .text.HAL_SYSTICK_Callback
                0x08000c04       0x34 build/main.o
                0x08000c04                HAL_SYSTICK_Callback
 .text._Error_Handler
                0x08000c38        0x4 build/main.o
                0x08000c38                _Error_Handler
 .text.MX_USART2_UART_Init
                0x08000c3c       0x40 build/main.o
 .text.MX_USART3_Init
                0x08000c7c       0x40 build/main.o
 .text.SystemClock_Config
                0x08000cbc       0x80 build/main.o
                0x08000cbc                SystemClock_Config
 .text.main     0x08000d3c       0xe8 build/main.o
                0x08000d3c                main
 .text.SysTick_Handler
                0x08000e24        0xc build/stm32f3xx_it.o
                0x08000e24                SysTick_Handler
 .text.DMA1_Channel6_IRQHandler
                0x08000e30       0x10 build/stm32f3xx_it.o
                0x08000e30                DMA1_Channel6_IRQHandler
 .text.DMA1_Channel7_IRQHandler
                0x08000e40       0x10 build/stm32f3xx_it.o
                0x08000e40                DMA1_Channel7_IRQHandler
 .text.EXTI15_10_IRQHandler
                0x08000e50        0xc build/stm32f3xx_it.o
                0x08000e50                EXTI15_10_IRQHandler
 .text.HAL_MspInit
                0x08000e5c       0x7c build/stm32f3xx_hal_msp.o
                0x08000e5c                HAL_MspInit
 .text.HAL_UART_MspInit
                0x08000ed8       0xb8 build/stm32f3xx_hal_msp.o
                0x08000ed8                HAL_UART_MspInit
 .text.HAL_USART_MspInit
                0x08000f90       0x50 build/stm32f3xx_hal_msp.o
                0x08000f90                HAL_USART_MspInit
 .text.UART_EndTxTransfer
                0x08000fe0       0x14 build/stm32f3xx_hal_uart.o
 .text.UART_EndRxTransfer
                0x08000ff4       0x1c build/stm32f3xx_hal_uart.o
 .text.HAL_UART_Transmit_DMA
                0x08001010       0x90 build/stm32f3xx_hal_uart.o
                0x08001010                HAL_UART_Transmit_DMA
 .text.HAL_UART_Receive_DMA
                0x080010a0       0x9c build/stm32f3xx_hal_uart.o
                0x080010a0                HAL_UART_Receive_DMA
 .text.UART_DMATransmitCplt
                0x0800113c       0x34 build/stm32f3xx_hal_uart.o
 .text.HAL_UART_TxHalfCpltCallback
                0x08001170        0x4 build/stm32f3xx_hal_uart.o
                0x08001170                HAL_UART_TxHalfCpltCallback
 .text.UART_DMATxHalfCplt
                0x08001174        0xc build/stm32f3xx_hal_uart.o
 .text.UART_DMAReceiveCplt
                0x08001180       0x40 build/stm32f3xx_hal_uart.o
 .text.HAL_UART_RxHalfCpltCallback
                0x080011c0        0x4 build/stm32f3xx_hal_uart.o
                0x080011c0                HAL_UART_RxHalfCpltCallback
 .text.UART_DMARxHalfCplt
                0x080011c4        0xc build/stm32f3xx_hal_uart.o
 .text.HAL_UART_ErrorCallback
                0x080011d0        0x4 build/stm32f3xx_hal_uart.o
                0x080011d0                HAL_UART_ErrorCallback
 .text.UART_DMAError
                0x080011d4       0x54 build/stm32f3xx_hal_uart.o
 .text.UART_SetConfig
                0x08001228      0x1b0 build/stm32f3xx_hal_uart.o
                0x08001228                UART_SetConfig
 .text.UART_AdvFeatureConfig
                0x080013d8       0xc8 build/stm32f3xx_hal_uart.o
                0x080013d8                UART_AdvFeatureConfig
 .text.UART_WaitOnFlagUntilTimeout
                0x080014a0       0x68 build/stm32f3xx_hal_uart.o
                0x080014a0                UART_WaitOnFlagUntilTimeout
 .text.UART_CheckIdleState
                0x08001508       0x6c build/stm32f3xx_hal_uart.o
                0x08001508                UART_CheckIdleState
 .text.HAL_UART_Init
                0x08001574       0x6c build/stm32f3xx_hal_uart.o
                0x08001574                HAL_UART_Init
 .text.HAL_InitTick
                0x080015e0       0x2c build/stm32f3xx_hal.o
                0x080015e0                HAL_InitTick
 .text.HAL_Init
                0x0800160c       0x24 build/stm32f3xx_hal.o
                0x0800160c                HAL_Init
 .text.HAL_IncTick
                0x08001630       0x10 build/stm32f3xx_hal.o
                0x08001630                HAL_IncTick
 .text.HAL_GetTick
                0x08001640        0xc build/stm32f3xx_hal.o
                0x08001640                HAL_GetTick
 .text.HAL_RCC_OscConfig
                0x0800164c      0x61c build/stm32f3xx_hal_rcc.o
                0x0800164c                HAL_RCC_OscConfig
 .text.HAL_RCC_GetSysClockFreq
                0x08001c68       0x70 build/stm32f3xx_hal_rcc.o
                0x08001c68                HAL_RCC_GetSysClockFreq
 .text.HAL_RCC_ClockConfig
                0x08001cd8      0x1e0 build/stm32f3xx_hal_rcc.o
                0x08001cd8                HAL_RCC_ClockConfig
 .text.HAL_RCC_GetHCLKFreq
                0x08001eb8        0xc build/stm32f3xx_hal_rcc.o
                0x08001eb8                HAL_RCC_GetHCLKFreq
 .text.HAL_RCC_GetPCLK1Freq
                0x08001ec4       0x2c build/stm32f3xx_hal_rcc.o
                0x08001ec4                HAL_RCC_GetPCLK1Freq
 .text.HAL_RCC_GetPCLK2Freq
                0x08001ef0       0x2c build/stm32f3xx_hal_rcc.o
                0x08001ef0                HAL_RCC_GetPCLK2Freq
 .text.HAL_GPIO_Init
                0x08001f1c      0x1a0 build/stm32f3xx_hal_gpio.o
                0x08001f1c                HAL_GPIO_Init
 .text.HAL_GPIO_WritePin
                0x080020bc        0xc build/stm32f3xx_hal_gpio.o
                0x080020bc                HAL_GPIO_WritePin
 .text.HAL_GPIO_EXTI_IRQHandler
                0x080020c8       0x18 build/stm32f3xx_hal_gpio.o
                0x080020c8                HAL_GPIO_EXTI_IRQHandler
 .text.DMA_SetConfig
                0x080020e0       0x2c build/stm32f3xx_hal_dma.o
 .text.DMA_CalcBaseAndBitshift
                0x0800210c       0x24 build/stm32f3xx_hal_dma.o
 .text.HAL_DMA_Init
                0x08002130       0x58 build/stm32f3xx_hal_dma.o
                0x08002130                HAL_DMA_Init
 .text.HAL_DMA_Start_IT
                0x08002188       0x74 build/stm32f3xx_hal_dma.o
                0x08002188                HAL_DMA_Start_IT
 .text.HAL_DMA_IRQHandler
                0x080021fc       0xb0 build/stm32f3xx_hal_dma.o
                0x080021fc                HAL_DMA_IRQHandler
 .text.HAL_NVIC_SetPriorityGrouping
                0x080022ac       0x24 build/stm32f3xx_hal_cortex.o
                0x080022ac                HAL_NVIC_SetPriorityGrouping
 .text.HAL_NVIC_SetPriority
                0x080022d0       0x64 build/stm32f3xx_hal_cortex.o
                0x080022d0                HAL_NVIC_SetPriority
 .text.HAL_NVIC_EnableIRQ
                0x08002334       0x18 build/stm32f3xx_hal_cortex.o
                0x08002334                HAL_NVIC_EnableIRQ
 .text.HAL_SYSTICK_Config
                0x0800234c       0x2c build/stm32f3xx_hal_cortex.o
                0x0800234c                HAL_SYSTICK_Config
 .text.HAL_SYSTICK_CLKSourceConfig
                0x08002378       0x20 build/stm32f3xx_hal_cortex.o
                0x08002378                HAL_SYSTICK_CLKSourceConfig
 .text.HAL_SYSTICK_IRQHandler
                0x08002398        0x8 build/stm32f3xx_hal_cortex.o
                0x08002398                HAL_SYSTICK_IRQHandler
 .text.USART_SetConfig
                0x080023a0      0x128 build/stm32f3xx_hal_usart.o
 .text.USART_WaitOnFlagUntilTimeout
                0x080024c8       0x64 build/stm32f3xx_hal_usart.o
 .text.USART_CheckIdleState
                0x0800252c       0x74 build/stm32f3xx_hal_usart.o
 .text.HAL_USART_Init
                0x080025a0       0x60 build/stm32f3xx_hal_usart.o
                0x080025a0                HAL_USART_Init
 .text.SystemInit
                0x08002600       0x68 build/system_stm32f3xx.o
                0x08002600                SystemInit
 .text.USART2_CopyDataFcn
                0x08002668       0x58 build/USART_DMA_F302R8_USART.o
                0x08002668                USART2_CopyDataFcn
 .text.USART2_SendDataFcn
                0x080026c0       0x40 build/USART_DMA_F302R8_USART.o
                0x080026c0                USART2_SendDataFcn
 .text.HAL_UART_RxCpltCallback
                0x08002700       0x1c build/USART_DMA_F302R8_USART.o
                0x08002700                HAL_UART_RxCpltCallback
 .text.USART2_Rx_Initialization
                0x0800271c       0x38 build/USART_DMA_F302R8_USART.o
                0x0800271c                USART2_Rx_Initialization
 .text.HAL_UART_TxCpltCallback
                0x08002754       0x44 build/USART_DMA_F302R8_USART.o
                0x08002754                HAL_UART_TxCpltCallback
 .text.USART2_Tx_Initialization
                0x08002798       0x58 build/USART_DMA_F302R8_USART.o
                0x08002798                USART2_Tx_Initialization
 .text.USART_Initialize
                0x080027f0       0x2c build/USART_DMA_F302R8_USART.o
                0x080027f0                USART_Initialize
 .text.EXTI13_Callback
                0x0800281c       0x38 build/USART_DMA_F302R8_it.o
                0x0800281c                EXTI13_Callback
 .text.HAL_GPIO_EXTI_Callback
                0x08002854       0xac build/USART_DMA_F302R8_GPIO.o
                0x08002854                HAL_GPIO_EXTI_Callback
 .text.GPIO_Initialize
                0x08002900       0x10 build/USART_DMA_F302R8_GPIO.o
                0x08002900                GPIO_Initialize
 .text.USART_DMA_F302R8_Initialize
                0x08002910      0x2c8 build/USART_DMA_F302R8.o
                0x08002910                USART_DMA_F302R8_Initialize
 .text.USART_DMA_F302R8_Step1
                0x08002bd8       0x60 build/USART_DMA_F302R8.o
                0x08002bd8                USART_DMA_F302R8_Step1
 .text.cstblk4_m
                0x08002c38       0x68 build/cstblk4_m.o
                0x08002c38                cstblk4_m
 .text.convert  0x08002ca0     0x1e78 build/convert.o
                0x08002ca0                convert
 .text.Reset_Handler
                0x08004b18       0x50 build/startup_stm32f302x8.o
                0x08004b18                Reset_Handler
 .text.Default_Handler
                0x08004b68        0x2 build/startup_stm32f302x8.o
                0x08004b68                RTC_Alarm_IRQHandler
                0x08004b68                DebugMon_Handler
                0x08004b68                TIM1_CC_IRQHandler
                0x08004b68                HardFault_Handler
                0x08004b68                USB_HP_IRQHandler
                0x08004b68                PVD_IRQHandler
                0x08004b68                TAMP_STAMP_IRQHandler
                0x08004b68                PendSV_Handler
                0x08004b68                NMI_Handler
                0x08004b68                EXTI3_IRQHandler
                0x08004b68                I2C3_ER_IRQHandler
                0x08004b68                USB_HP_CAN_TX_IRQHandler
                0x08004b68                EXTI0_IRQHandler
                0x08004b68                I2C2_EV_IRQHandler
                0x08004b68                FPU_IRQHandler
                0x08004b68                TIM1_UP_TIM16_IRQHandler
                0x08004b68                UsageFault_Handler
                0x08004b68                CAN_SCE_IRQHandler
                0x08004b68                TIM6_DAC_IRQHandler
                0x08004b68                DMA1_Channel4_IRQHandler
                0x08004b68                ADC1_IRQHandler
                0x08004b68                USART3_IRQHandler
                0x08004b68                CAN_RX1_IRQHandler
                0x08004b68                I2C1_EV_IRQHandler
                0x08004b68                RCC_IRQHandler
                0x08004b68                DMA1_Channel1_IRQHandler
                0x08004b68                Default_Handler
                0x08004b68                USBWakeUp_RMP_IRQHandler
                0x08004b68                COMP2_IRQHandler
                0x08004b68                I2C3_EV_IRQHandler
                0x08004b68                EXTI9_5_IRQHandler
                0x08004b68                RTC_WKUP_IRQHandler
                0x08004b68                SPI2_IRQHandler
                0x08004b68                USB_LP_CAN_RX0_IRQHandler
                0x08004b68                MemManage_Handler
                0x08004b68                SVC_Handler
                0x08004b68                DMA1_Channel5_IRQHandler
                0x08004b68                USB_LP_IRQHandler
                0x08004b68                EXTI4_IRQHandler
                0x08004b68                TIM1_TRG_COM_TIM17_IRQHandler
                0x08004b68                DMA1_Channel3_IRQHandler
                0x08004b68                WWDG_IRQHandler
                0x08004b68                TIM2_IRQHandler
                0x08004b68                EXTI1_IRQHandler
                0x08004b68                COMP4_6_IRQHandler
                0x08004b68                USART2_IRQHandler
                0x08004b68                I2C2_ER_IRQHandler
                0x08004b68                DMA1_Channel2_IRQHandler
                0x08004b68                FLASH_IRQHandler
                0x08004b68                BusFault_Handler
                0x08004b68                USART1_IRQHandler
                0x08004b68                SPI3_IRQHandler
                0x08004b68                I2C1_ER_IRQHandler
                0x08004b68                USBWakeUp_IRQHandler
                0x08004b68                EXTI2_TSC_IRQHandler
                0x08004b68                TIM1_BRK_TIM15_IRQHandler
 *fill*         0x08004b6a        0x2 
 .text.__libc_init_array
                0x08004b6c       0x4c c:/program files (x86)/gnu tools arm embedded/4.9 2015q2/bin/../lib/gcc/arm-none-eabi/4.9.3/../../../../arm-none-eabi/lib/armv7e-m/fpu\libc_nano.a(lib_a-init.o)
                0x08004b6c                __libc_init_array
 .text.malloc   0x08004bb8       0x10 c:/program files (x86)/gnu tools arm embedded/4.9 2015q2/bin/../lib/gcc/arm-none-eabi/4.9.3/../../../../arm-none-eabi/lib/armv7e-m/fpu\libc_nano.a(lib_a-malloc.o)
                0x08004bb8                malloc
 .text.free     0x08004bc8       0x10 c:/program files (x86)/gnu tools arm embedded/4.9 2015q2/bin/../lib/gcc/arm-none-eabi/4.9.3/../../../../arm-none-eabi/lib/armv7e-m/fpu\libc_nano.a(lib_a-malloc.o)
                0x08004bc8                free
 .text.memcpy   0x08004bd8       0x16 c:/program files (x86)/gnu tools arm embedded/4.9 2015q2/bin/../lib/gcc/arm-none-eabi/4.9.3/../../../../arm-none-eabi/lib/armv7e-m/fpu\libc_nano.a(lib_a-memcpy.o)
                0x08004bd8                memcpy
 *fill*         0x08004bee        0x2 
 .text._free_r  0x08004bf0       0x88 c:/program files (x86)/gnu tools arm embedded/4.9 2015q2/bin/../lib/gcc/arm-none-eabi/4.9.3/../../../../arm-none-eabi/lib/armv7e-m/fpu\libc_nano.a(lib_a-nano-freer.o)
                0x08004bf0                _free_r
 .text._malloc_r
                0x08004c78       0xac c:/program files (x86)/gnu tools arm embedded/4.9 2015q2/bin/../lib/gcc/arm-none-eabi/4.9.3/../../../../arm-none-eabi/lib/armv7e-m/fpu\libc_nano.a(lib_a-nano-mallocr.o)
                0x08004c78                _malloc_r
 .text._sbrk_r  0x08004d24       0x20 c:/program files (x86)/gnu tools arm embedded/4.9 2015q2/bin/../lib/gcc/arm-none-eabi/4.9.3/../../../../arm-none-eabi/lib/armv7e-m/fpu\libc_nano.a(lib_a-sbrkr.o)
                0x08004d24                _sbrk_r
 .text._sbrk    0x08004d44       0x1c c:/program files (x86)/gnu tools arm embedded/4.9 2015q2/bin/../lib/gcc/arm-none-eabi/4.9.3/../../../../arm-none-eabi/lib/armv7e-m/fpu\libnosys.a(sbrk.o)
                0x08004d44                _sbrk
 *(.glue_7)
 .glue_7        0x00000000        0x0 linker stubs
 *(.glue_7t)
 .glue_7t       0x00000000        0x0 linker stubs
 *(.eh_frame)
 .eh_frame      0x08004d60        0x0 c:/program files (x86)/gnu tools arm embedded/4.9 2015q2/bin/../lib/gcc/arm-none-eabi/4.9.3/armv7e-m/fpu/crtbegin.o
 *(.init)
 .init          0x08004d60        0x4 c:/program files (x86)/gnu tools arm embedded/4.9 2015q2/bin/../lib/gcc/arm-none-eabi/4.9.3/armv7e-m/fpu/crti.o
                0x08004d60                _init
 .init          0x08004d64        0x8 c:/program files (x86)/gnu tools arm embedded/4.9 2015q2/bin/../lib/gcc/arm-none-eabi/4.9.3/armv7e-m/fpu/crtn.o
 *(.fini)
 .fini          0x08004d6c        0x4 c:/program files (x86)/gnu tools arm embedded/4.9 2015q2/bin/../lib/gcc/arm-none-eabi/4.9.3/armv7e-m/fpu/crti.o
                0x08004d6c                _fini
 .fini          0x08004d70        0x8 c:/program files (x86)/gnu tools arm embedded/4.9 2015q2/bin/../lib/gcc/arm-none-eabi/4.9.3/armv7e-m/fpu/crtn.o
                0x08004d78                . = ALIGN (0x4)
                0x08004d78                _etext = .

.vfp11_veneer   0x08004d78        0x0
 .vfp11_veneer  0x00000000        0x0 linker stubs

.v4_bx          0x08004d78        0x0
 .v4_bx         0x00000000        0x0 linker stubs

.iplt           0x08004d78        0x0
 .iplt          0x00000000        0x0 c:/program files (x86)/gnu tools arm embedded/4.9 2015q2/bin/../lib/gcc/arm-none-eabi/4.9.3/armv7e-m/fpu/crtbegin.o

.rodata         0x08004d78       0x64
                0x08004d78                . = ALIGN (0x4)
 *(.rodata)
 *(.rodata*)
 .rodata.str1.4
                0x08004d78        0xb build/main.o
 *fill*         0x08004d83        0x1 
 .rodata.str1.4
                0x08004d84       0x18 build/stm32f3xx_hal_msp.o
 .rodata.aPredivFactorTable
                0x08004d9c       0x10 build/stm32f3xx_hal_rcc.o
                0x08004d9c                aPredivFactorTable
 .rodata.aPLLMULFactorTable
                0x08004dac       0x10 build/stm32f3xx_hal_rcc.o
                0x08004dac                aPLLMULFactorTable
 .rodata.AHBPrescTable
                0x08004dbc       0x10 build/system_stm32f3xx.o
                0x08004dbc                AHBPrescTable
 .rodata.APBPrescTable
                0x08004dcc        0x8 build/system_stm32f3xx.o
                0x08004dcc                APBPrescTable
 .rodata.IPAR1  0x08004dd4        0x4 build/USART_DMA_F302R8.o
                0x08004dd4                IPAR1
 .rodata.str1.1
                0x08004dd8        0x2 c:/program files (x86)/gnu tools arm embedded/4.9 2015q2/bin/../lib/gcc/arm-none-eabi/4.9.3/../../../../arm-none-eabi/lib/armv7e-m/fpu\libc_nano.a(lib_a-impure.o)
                0x08004ddc                . = ALIGN (0x4)
 *fill*         0x08004dda        0x2 

.rel.dyn        0x08004ddc        0x0
 .rel.iplt      0x00000000        0x0 c:/program files (x86)/gnu tools arm embedded/4.9 2015q2/bin/../lib/gcc/arm-none-eabi/4.9.3/armv7e-m/fpu/crtbegin.o

.ARM.extab
 *(.ARM.extab* .gnu.linkonce.armextab.*)

.ARM            0x08004ddc        0x0
                0x08004ddc                __exidx_start = .
 *(.ARM.exidx*)
                0x08004ddc                __exidx_end = .

.preinit_array  0x08004ddc        0x0
                0x08004ddc                PROVIDE (__preinit_array_start, .)
 *(.preinit_array*)
                0x08004ddc                PROVIDE (__preinit_array_end, .)

.init_array     0x08004ddc        0x4
                0x08004ddc                PROVIDE (__init_array_start, .)
 *(SORT(.init_array.*))
 *(.init_array*)
 .init_array    0x08004ddc        0x4 c:/program files (x86)/gnu tools arm embedded/4.9 2015q2/bin/../lib/gcc/arm-none-eabi/4.9.3/armv7e-m/fpu/crtbegin.o
                0x08004de0                PROVIDE (__init_array_end, .)

.fini_array     0x08004de0        0x4
                0x08004de0                PROVIDE (__fini_array_start, .)
 *(SORT(.fini_array.*))
 *(.fini_array*)
 .fini_array    0x08004de0        0x4 c:/program files (x86)/gnu tools arm embedded/4.9 2015q2/bin/../lib/gcc/arm-none-eabi/4.9.3/armv7e-m/fpu/crtbegin.o
                0x08004de4                PROVIDE (__fini_array_end, .)
                0x08004de4                _sidata = LOADADDR (.data)

.data           0x20000000       0x84 load address 0x08004de4
                0x20000000                . = ALIGN (0x4)
                0x20000000                _sdata = .
 *(.data)
 *(.data*)
 .data.remainAutoReloadTimerLoopVal_S
                0x20000000        0x4 build/main.o
 .data.autoReloadTimerLoopVal_S
                0x20000004        0x4 build/main.o
 .data.autoReloadTimerLoopStep1_S
                0x20000008        0x4 build/main.o
 .data.SystemCoreClock
                0x2000000c        0x4 build/system_stm32f3xx.o
                0x2000000c                SystemCoreClock
 .data.local_flag
                0x20000010        0x4 build/USART_DMA_F302R8.o
                0x20000010                local_flag
 *fill*         0x20000014        0x4 
 .data.OPAR_17  0x20000018        0x8 build/USART_DMA_F302R8.o
 .data.impure_data
                0x20000020       0x60 c:/program files (x86)/gnu tools arm embedded/4.9 2015q2/bin/../lib/gcc/arm-none-eabi/4.9.3/../../../../arm-none-eabi/lib/armv7e-m/fpu\libc_nano.a(lib_a-impure.o)
 .data._impure_ptr
                0x20000080        0x4 c:/program files (x86)/gnu tools arm embedded/4.9 2015q2/bin/../lib/gcc/arm-none-eabi/4.9.3/../../../../arm-none-eabi/lib/armv7e-m/fpu\libc_nano.a(lib_a-impure.o)
                0x20000080                _impure_ptr
                0x20000084                . = ALIGN (0x4)
                0x20000084                _edata = .

.jcr            0x20000084        0x0 load address 0x08004e68
 .jcr           0x20000084        0x0 c:/program files (x86)/gnu tools arm embedded/4.9 2015q2/bin/../lib/gcc/arm-none-eabi/4.9.3/armv7e-m/fpu/crtbegin.o

.igot.plt       0x20000084        0x0 load address 0x08004e68
 .igot.plt      0x00000000        0x0 c:/program files (x86)/gnu tools arm embedded/4.9 2015q2/bin/../lib/gcc/arm-none-eabi/4.9.3/armv7e-m/fpu/crtbegin.o
                0x20000084                . = ALIGN (0x4)

.bss            0x20000088      0x3bc load address 0x08004e68
                0x20000088                _sbss = .
                0x20000088                __bss_start__ = _sbss
 *(.bss)
 .bss           0x20000088       0x1c c:/program files (x86)/gnu tools arm embedded/4.9 2015q2/bin/../lib/gcc/arm-none-eabi/4.9.3/armv7e-m/fpu/crtbegin.o
 *(.bss*)
 .bss.EXTI_Callback
                0x200000a4       0x40 build/USART_DMA_F302R8_GPIO.o
                0x200000a4                EXTI_Callback
 *fill*         0x200000e4        0x4 
 .bss.z         0x200000e8       0x68 build/USART_DMA_F302R8.o
                0x200000e8                z
 .bss.outtb_3   0x20000150        0x2 build/USART_DMA_F302R8.o
                0x20000150                outtb_3
 *fill*         0x20000152        0x6 
 .bss.outtb_4   0x20000158        0x8 build/USART_DMA_F302R8.o
                0x20000158                outtb_4
 .bss.__malloc_sbrk_start
                0x20000160        0x4 c:/program files (x86)/gnu tools arm embedded/4.9 2015q2/bin/../lib/gcc/arm-none-eabi/4.9.3/../../../../arm-none-eabi/lib/armv7e-m/fpu\libc_nano.a(lib_a-nano-mallocr.o)
                0x20000160                __malloc_sbrk_start
 .bss.__malloc_free_list
                0x20000164        0x4 c:/program files (x86)/gnu tools arm embedded/4.9 2015q2/bin/../lib/gcc/arm-none-eabi/4.9.3/../../../../arm-none-eabi/lib/armv7e-m/fpu\libc_nano.a(lib_a-nano-mallocr.o)
                0x20000164                __malloc_free_list
 .bss.heap_end.4079
                0x20000168        0x4 c:/program files (x86)/gnu tools arm embedded/4.9 2015q2/bin/../lib/gcc/arm-none-eabi/4.9.3/../../../../arm-none-eabi/lib/armv7e-m/fpu\libnosys.a(sbrk.o)
 *(COMMON)
 COMMON         0x2000016c      0x140 build/main.o
                0x2000016c                hdma_usart2_rx
                0x200001b0                hdma_usart2_tx
                0x200001f4                husart3
                0x2000023c                huart2
 COMMON         0x200002ac        0x4 build/stm32f3xx_hal.o
                0x200002ac                uwTick
 COMMON         0x200002b0       0x7c build/USART_DMA_F302R8_USART.o
                0x200002b0                G_USART2_TxDataBuffer
                0x200002d0                USART2_RxDataLink
                0x200002d8                G_Usart_TxData
                0x200002dc                G_USART2_RxDataBuffer
                0x200002fc                USART2_TxDataLink
                0x20000320                G_Usart_TxHandler
                0x20000324                G_Usart_RxHandler
                0x20000328                G_Usart_RxData
 *fill*         0x2000032c        0x4 
 COMMON         0x20000330      0x110 build/USART_DMA_F302R8.o
                0x20000330                inszptr
                0x20000348                t
                0x20000350                outszptr
                0x20000374                evoutptr
                0x20000378                block_USART_DMA_F302R8
                0x20000418                outptr
                0x20000428                sci_time
                0x20000430                USART_DMA_F302R8_block_outtbptr
                0x20000434                inptr
                0x2000043c                work
 COMMON         0x20000440        0x4 c:/program files (x86)/gnu tools arm embedded/4.9 2015q2/bin/../lib/gcc/arm-none-eabi/4.9.3/../../../../arm-none-eabi/lib/armv7e-m/fpu\libc_nano.a(lib_a-reent.o)
                0x20000440                errno
                0x20000444                . = ALIGN (0x4)
                0x20000444                _ebss = .
                0x20000444                __bss_end__ = _ebss

._user_heap_stack
                0x20000444      0x604 load address 0x08004e68
                0x20000448                . = ALIGN (0x8)
 *fill*         0x20000444        0x4 
                0x20000448                PROVIDE (end, .)
                0x20000448                PROVIDE (_end, .)
                0x20000648                . = (. + _Min_Heap_Size)
 *fill*         0x20000448      0x200 
                0x20000a48                . = (. + _Min_Stack_Size)
 *fill*         0x20000648      0x400 
                0x20000a48                . = ALIGN (0x8)

/DISCARD/
 libc.a(*)
 libm.a(*)
 libgcc.a(*)

.ARM.attributes
                0x00000000       0x30
 *(.ARM.attributes)
 .ARM.attributes
                0x00000000       0x22 c:/program files (x86)/gnu tools arm embedded/4.9 2015q2/bin/../lib/gcc/arm-none-eabi/4.9.3/armv7e-m/fpu/crti.o
 .ARM.attributes
                0x00000022       0x34 c:/program files (x86)/gnu tools arm embedded/4.9 2015q2/bin/../lib/gcc/arm-none-eabi/4.9.3/armv7e-m/fpu/crtbegin.o
 .ARM.attributes
                0x00000056       0x39 build/main.o
 .ARM.attributes
                0x0000008f       0x39 build/stm32f3xx_it.o
 .ARM.attributes
                0x000000c8       0x39 build/stm32f3xx_hal_msp.o
 .ARM.attributes
                0x00000101       0x39 build/stm32f3xx_hal_uart.o
 .ARM.attributes
                0x0000013a       0x39 build/stm32f3xx_hal.o
 .ARM.attributes
                0x00000173       0x39 build/stm32f3xx_hal_rcc.o
 .ARM.attributes
                0x000001ac       0x39 build/stm32f3xx_hal_gpio.o
 .ARM.attributes
                0x000001e5       0x39 build/stm32f3xx_hal_dma.o
 .ARM.attributes
                0x0000021e       0x39 build/stm32f3xx_hal_cortex.o
 .ARM.attributes
                0x00000257       0x39 build/stm32f3xx_hal_usart.o
 .ARM.attributes
                0x00000290       0x39 build/system_stm32f3xx.o
 .ARM.attributes
                0x000002c9       0x39 build/USART_DMA_F302R8_USART.o
 .ARM.attributes
                0x00000302       0x39 build/USART_DMA_F302R8_it.o
 .ARM.attributes
                0x0000033b       0x39 build/USART_DMA_F302R8_GPIO.o
 .ARM.attributes
                0x00000374       0x39 build/USART_DMA_F302R8.o
 .ARM.attributes
                0x000003ad       0x39 build/cstblk4_m.o
 .ARM.attributes
                0x000003e6       0x39 build/convert.o
 .ARM.attributes
                0x0000041f       0x21 build/startup_stm32f302x8.o
 .ARM.attributes
                0x00000440       0x34 c:/program files (x86)/gnu tools arm embedded/4.9 2015q2/bin/../lib/gcc/arm-none-eabi/4.9.3/../../../../arm-none-eabi/lib/armv7e-m/fpu\libc_nano.a(lib_a-impure.o)
 .ARM.attributes
                0x00000474       0x34 c:/program files (x86)/gnu tools arm embedded/4.9 2015q2/bin/../lib/gcc/arm-none-eabi/4.9.3/../../../../arm-none-eabi/lib/armv7e-m/fpu\libc_nano.a(lib_a-init.o)
 .ARM.attributes
                0x000004a8       0x34 c:/program files (x86)/gnu tools arm embedded/4.9 2015q2/bin/../lib/gcc/arm-none-eabi/4.9.3/../../../../arm-none-eabi/lib/armv7e-m/fpu\libc_nano.a(lib_a-malloc.o)
 .ARM.attributes
                0x000004dc       0x34 c:/program files (x86)/gnu tools arm embedded/4.9 2015q2/bin/../lib/gcc/arm-none-eabi/4.9.3/../../../../arm-none-eabi/lib/armv7e-m/fpu\libc_nano.a(lib_a-memcpy.o)
 .ARM.attributes
                0x00000510       0x34 c:/program files (x86)/gnu tools arm embedded/4.9 2015q2/bin/../lib/gcc/arm-none-eabi/4.9.3/../../../../arm-none-eabi/lib/armv7e-m/fpu\libc_nano.a(lib_a-nano-freer.o)
 .ARM.attributes
                0x00000544       0x34 c:/program files (x86)/gnu tools arm embedded/4.9 2015q2/bin/../lib/gcc/arm-none-eabi/4.9.3/../../../../arm-none-eabi/lib/armv7e-m/fpu\libc_nano.a(lib_a-nano-mallocr.o)
 .ARM.attributes
                0x00000578       0x34 c:/program files (x86)/gnu tools arm embedded/4.9 2015q2/bin/../lib/gcc/arm-none-eabi/4.9.3/../../../../arm-none-eabi/lib/armv7e-m/fpu\libc_nano.a(lib_a-sbrkr.o)
 .ARM.attributes
                0x000005ac       0x34 c:/program files (x86)/gnu tools arm embedded/4.9 2015q2/bin/../lib/gcc/arm-none-eabi/4.9.3/../../../../arm-none-eabi/lib/armv7e-m/fpu\libc_nano.a(lib_a-reent.o)
 .ARM.attributes
                0x000005e0       0x34 c:/program files (x86)/gnu tools arm embedded/4.9 2015q2/bin/../lib/gcc/arm-none-eabi/4.9.3/../../../../arm-none-eabi/lib/armv7e-m/fpu\libnosys.a(sbrk.o)
 .ARM.attributes
                0x00000614       0x22 c:/program files (x86)/gnu tools arm embedded/4.9 2015q2/bin/../lib/gcc/arm-none-eabi/4.9.3/armv7e-m/fpu\libgcc.a(_arm_addsubdf3.o)
 .ARM.attributes
                0x00000636       0x22 c:/program files (x86)/gnu tools arm embedded/4.9 2015q2/bin/../lib/gcc/arm-none-eabi/4.9.3/armv7e-m/fpu\libgcc.a(_arm_muldivdf3.o)
 .ARM.attributes
                0x00000658       0x22 c:/program files (x86)/gnu tools arm embedded/4.9 2015q2/bin/../lib/gcc/arm-none-eabi/4.9.3/armv7e-m/fpu\libgcc.a(_arm_cmpdf2.o)
 .ARM.attributes
                0x0000067a       0x22 c:/program files (x86)/gnu tools arm embedded/4.9 2015q2/bin/../lib/gcc/arm-none-eabi/4.9.3/armv7e-m/fpu\libgcc.a(_arm_fixdfsi.o)
 .ARM.attributes
                0x0000069c       0x22 c:/program files (x86)/gnu tools arm embedded/4.9 2015q2/bin/../lib/gcc/arm-none-eabi/4.9.3/armv7e-m/fpu\libgcc.a(_arm_fixunsdfsi.o)
 .ARM.attributes
                0x000006be       0x22 c:/program files (x86)/gnu tools arm embedded/4.9 2015q2/bin/../lib/gcc/arm-none-eabi/4.9.3/armv7e-m/fpu/crtn.o
OUTPUT(build/USART_DMA_F302R8.elf elf32-littlearm)

.debug_info     0x00000000     0xd334
 .debug_info    0x00000000     0x1725 build/main.o
 .debug_info    0x00001725      0x403 build/stm32f3xx_it.o
 .debug_info    0x00001b28      0xf75 build/stm32f3xx_hal_msp.o
 .debug_info    0x00002a9d     0x1b65 build/stm32f3xx_hal_uart.o
 .debug_info    0x00004602      0x75a build/stm32f3xx_hal.o
 .debug_info    0x00004d5c     0x14ec build/stm32f3xx_hal_rcc.o
 .debug_info    0x00006248      0x6dd build/stm32f3xx_hal_gpio.o
 .debug_info    0x00006925      0x850 build/stm32f3xx_hal_dma.o
 .debug_info    0x00007175      0xceb build/stm32f3xx_hal_cortex.o
 .debug_info    0x00007e60     0x17bf build/stm32f3xx_hal_usart.o
 .debug_info    0x0000961f      0x435 build/system_stm32f3xx.o
 .debug_info    0x00009a54      0xb96 build/USART_DMA_F302R8_USART.o
 .debug_info    0x0000a5ea      0x27f build/USART_DMA_F302R8_it.o
 .debug_info    0x0000a869      0x14a build/USART_DMA_F302R8_GPIO.o
 .debug_info    0x0000a9b3     0x119b build/USART_DMA_F302R8.o
 .debug_info    0x0000bb4e      0x430 build/cstblk4_m.o
 .debug_info    0x0000bf7e     0x1341 build/convert.o
 .debug_info    0x0000d2bf       0x75 build/startup_stm32f302x8.o

.debug_abbrev   0x00000000     0x2182
 .debug_abbrev  0x00000000      0x315 build/main.o
 .debug_abbrev  0x00000315      0x16c build/stm32f3xx_it.o
 .debug_abbrev  0x00000481      0x1dc build/stm32f3xx_hal_msp.o
 .debug_abbrev  0x0000065d      0x278 build/stm32f3xx_hal_uart.o
 .debug_abbrev  0x000008d5      0x1e4 build/stm32f3xx_hal.o
 .debug_abbrev  0x00000ab9      0x309 build/stm32f3xx_hal_rcc.o
 .debug_abbrev  0x00000dc2      0x200 build/stm32f3xx_hal_gpio.o
 .debug_abbrev  0x00000fc2      0x234 build/stm32f3xx_hal_dma.o
 .debug_abbrev  0x000011f6      0x2a3 build/stm32f3xx_hal_cortex.o
 .debug_abbrev  0x00001499      0x278 build/stm32f3xx_hal_usart.o
 .debug_abbrev  0x00001711      0x103 build/system_stm32f3xx.o
 .debug_abbrev  0x00001814      0x1dd build/USART_DMA_F302R8_USART.o
 .debug_abbrev  0x000019f1       0xff build/USART_DMA_F302R8_it.o
 .debug_abbrev  0x00001af0       0xd4 build/USART_DMA_F302R8_GPIO.o
 .debug_abbrev  0x00001bc4      0x359 build/USART_DMA_F302R8.o
 .debug_abbrev  0x00001f1d      0x118 build/cstblk4_m.o
 .debug_abbrev  0x00002035      0x13b build/convert.o
 .debug_abbrev  0x00002170       0x12 build/startup_stm32f302x8.o

.debug_loc      0x00000000     0x9ffa
 .debug_loc     0x00000000      0x1ae build/main.o
 .debug_loc     0x000001ae       0x80 build/stm32f3xx_it.o
 .debug_loc     0x0000022e      0x1ab build/stm32f3xx_hal_msp.o
 .debug_loc     0x000003d9     0x1992 build/stm32f3xx_hal_uart.o
 .debug_loc     0x00001d6b       0xe3 build/stm32f3xx_hal.o
 .debug_loc     0x00001e4e      0xff5 build/stm32f3xx_hal_rcc.o
 .debug_loc     0x00002e43      0x398 build/stm32f3xx_hal_gpio.o
 .debug_loc     0x000031db      0x787 build/stm32f3xx_hal_dma.o
 .debug_loc     0x00003962      0x545 build/stm32f3xx_hal_cortex.o
 .debug_loc     0x00003ea7     0x199f build/stm32f3xx_hal_usart.o
 .debug_loc     0x00005846      0x104 build/system_stm32f3xx.o
 .debug_loc     0x0000594a      0x1d7 build/USART_DMA_F302R8_USART.o
 .debug_loc     0x00005b21       0x20 build/USART_DMA_F302R8_it.o
 .debug_loc     0x00005b41       0xfc build/USART_DMA_F302R8_GPIO.o
 .debug_loc     0x00005c3d       0xc2 build/USART_DMA_F302R8.o
 .debug_loc     0x00005cff      0x108 build/cstblk4_m.o
 .debug_loc     0x00005e07     0x41f3 build/convert.o

.debug_aranges  0x00000000      0x878
 .debug_aranges
                0x00000000       0x58 build/main.o
 .debug_aranges
                0x00000058       0x38 build/stm32f3xx_it.o
 .debug_aranges
                0x00000090       0x40 build/stm32f3xx_hal_msp.o
 .debug_aranges
                0x000000d0      0x1f0 build/stm32f3xx_hal_uart.o
 .debug_aranges
                0x000002c0       0xb0 build/stm32f3xx_hal.o
 .debug_aranges
                0x00000370       0x88 build/stm32f3xx_hal_rcc.o
 .debug_aranges
                0x000003f8       0x58 build/stm32f3xx_hal_gpio.o
 .debug_aranges
                0x00000450       0x88 build/stm32f3xx_hal_dma.o
 .debug_aranges
                0x000004d8       0x90 build/stm32f3xx_hal_cortex.o
 .debug_aranges
                0x00000568      0x178 build/stm32f3xx_hal_usart.o
 .debug_aranges
                0x000006e0       0x28 build/system_stm32f3xx.o
 .debug_aranges
                0x00000708       0x50 build/USART_DMA_F302R8_USART.o
 .debug_aranges
                0x00000758       0x20 build/USART_DMA_F302R8_it.o
 .debug_aranges
                0x00000778       0x28 build/USART_DMA_F302R8_GPIO.o
 .debug_aranges
                0x000007a0       0x70 build/USART_DMA_F302R8.o
 .debug_aranges
                0x00000810       0x20 build/cstblk4_m.o
 .debug_aranges
                0x00000830       0x20 build/convert.o
 .debug_aranges
                0x00000850       0x28 build/startup_stm32f302x8.o

.debug_ranges   0x00000000      0x778
 .debug_ranges  0x00000000       0x48 build/main.o
 .debug_ranges  0x00000048       0x28 build/stm32f3xx_it.o
 .debug_ranges  0x00000070       0x30 build/stm32f3xx_hal_msp.o
 .debug_ranges  0x000000a0      0x1e0 build/stm32f3xx_hal_uart.o
 .debug_ranges  0x00000280       0xa0 build/stm32f3xx_hal.o
 .debug_ranges  0x00000320       0x90 build/stm32f3xx_hal_rcc.o
 .debug_ranges  0x000003b0       0x48 build/stm32f3xx_hal_gpio.o
 .debug_ranges  0x000003f8       0x78 build/stm32f3xx_hal_dma.o
 .debug_ranges  0x00000470       0x80 build/stm32f3xx_hal_cortex.o
 .debug_ranges  0x000004f0      0x168 build/stm32f3xx_hal_usart.o
 .debug_ranges  0x00000658       0x18 build/system_stm32f3xx.o
 .debug_ranges  0x00000670       0x40 build/USART_DMA_F302R8_USART.o
 .debug_ranges  0x000006b0       0x10 build/USART_DMA_F302R8_it.o
 .debug_ranges  0x000006c0       0x18 build/USART_DMA_F302R8_GPIO.o
 .debug_ranges  0x000006d8       0x60 build/USART_DMA_F302R8.o
 .debug_ranges  0x00000738       0x10 build/cstblk4_m.o
 .debug_ranges  0x00000748       0x10 build/convert.o
 .debug_ranges  0x00000758       0x20 build/startup_stm32f302x8.o

.debug_line     0x00000000     0x4e97
 .debug_line    0x00000000      0x3a1 build/main.o
 .debug_line    0x000003a1      0x235 build/stm32f3xx_it.o
 .debug_line    0x000005d6      0x2a4 build/stm32f3xx_hal_msp.o
 .debug_line    0x0000087a      0xc0a build/stm32f3xx_hal_uart.o
 .debug_line    0x00001484      0x33b build/stm32f3xx_hal.o
 .debug_line    0x000017bf      0x6ea build/stm32f3xx_hal_rcc.o
 .debug_line    0x00001ea9      0x31b build/stm32f3xx_hal_gpio.o
 .debug_line    0x000021c4      0x426 build/stm32f3xx_hal_dma.o
 .debug_line    0x000025ea      0x32b build/stm32f3xx_hal_cortex.o
 .debug_line    0x00002915      0xb56 build/stm32f3xx_hal_usart.o
 .debug_line    0x0000346b      0x19d build/system_stm32f3xx.o
 .debug_line    0x00003608      0x319 build/USART_DMA_F302R8_USART.o
 .debug_line    0x00003921      0x1d9 build/USART_DMA_F302R8_it.o
 .debug_line    0x00003afa      0x1be build/USART_DMA_F302R8_GPIO.o
 .debug_line    0x00003cb8      0x4c8 build/USART_DMA_F302R8.o
 .debug_line    0x00004180      0x1e7 build/cstblk4_m.o
 .debug_line    0x00004367      0xabc build/convert.o
 .debug_line    0x00004e23       0x74 build/startup_stm32f302x8.o

.debug_str      0x00000000     0x2c1a
 .debug_str     0x00000000      0xf80 build/main.o
                               0x102d (size before relaxing)
 .debug_str     0x00000f80       0xad build/stm32f3xx_it.o
                                0x47b (size before relaxing)
 .debug_str     0x0000102d       0xc4 build/stm32f3xx_hal_msp.o
                                0xcb4 (size before relaxing)
 .debug_str     0x000010f1      0x727 build/stm32f3xx_hal_uart.o
                                0xe6b (size before relaxing)
 .debug_str     0x00001818      0x1c1 build/stm32f3xx_hal.o
                                0x811 (size before relaxing)
 .debug_str     0x000019d9      0x19e build/stm32f3xx_hal_rcc.o
                                0x682 (size before relaxing)
 .debug_str     0x00001b77      0x104 build/stm32f3xx_hal_gpio.o
                                0x46e (size before relaxing)
 .debug_str     0x00001c7b      0x1e6 build/stm32f3xx_hal_dma.o
                                0x64c (size before relaxing)
 .debug_str     0x00001e61      0x1a4 build/stm32f3xx_hal_cortex.o
                                0x95b (size before relaxing)
 .debug_str     0x00002005      0x439 build/stm32f3xx_hal_usart.o
                                0xbc8 (size before relaxing)
 .debug_str     0x0000243e       0x57 build/system_stm32f3xx.o
                                0x2ff (size before relaxing)
 .debug_str     0x00002495      0x2ea build/USART_DMA_F302R8_USART.o
                                0xa22 (size before relaxing)
 .debug_str     0x0000277f       0x76 build/USART_DMA_F302R8_it.o
                                0x37d (size before relaxing)
 .debug_str     0x000027f5       0x81 build/USART_DMA_F302R8_GPIO.o
                                0x281 (size before relaxing)
 .debug_str     0x00002876      0x2eb build/USART_DMA_F302R8.o
                                0xb12 (size before relaxing)
 .debug_str     0x00002b61       0x61 build/cstblk4_m.o
                                0x373 (size before relaxing)
 .debug_str     0x00002bc2       0x58 build/convert.o
                                0x36a (size before relaxing)

.comment        0x00000000       0x70
 .comment       0x00000000       0x70 build/main.o
                                 0x71 (size before relaxing)
 .comment       0x00000000       0x71 build/stm32f3xx_it.o
 .comment       0x00000000       0x71 build/stm32f3xx_hal_msp.o
 .comment       0x00000000       0x71 build/stm32f3xx_hal_uart.o
 .comment       0x00000000       0x71 build/stm32f3xx_hal.o
 .comment       0x00000000       0x71 build/stm32f3xx_hal_rcc.o
 .comment       0x00000000       0x71 build/stm32f3xx_hal_gpio.o
 .comment       0x00000000       0x71 build/stm32f3xx_hal_dma.o
 .comment       0x00000000       0x71 build/stm32f3xx_hal_cortex.o
 .comment       0x00000000       0x71 build/stm32f3xx_hal_usart.o
 .comment       0x00000000       0x71 build/system_stm32f3xx.o
 .comment       0x00000000       0x71 build/USART_DMA_F302R8_USART.o
 .comment       0x00000000       0x71 build/USART_DMA_F302R8_it.o
 .comment       0x00000000       0x71 build/USART_DMA_F302R8_GPIO.o
 .comment       0x00000000       0x71 build/USART_DMA_F302R8.o
 .comment       0x00000000       0x71 build/cstblk4_m.o
 .comment       0x00000000       0x71 build/convert.o

.debug_frame    0x00000000     0x17b8
 .debug_frame   0x00000000       0xf0 build/main.o
 .debug_frame   0x000000f0       0x80 build/stm32f3xx_it.o
 .debug_frame   0x00000170       0xb8 build/stm32f3xx_hal_msp.o
 .debug_frame   0x00000228      0x624 build/stm32f3xx_hal_uart.o
 .debug_frame   0x0000084c      0x174 build/stm32f3xx_hal.o
 .debug_frame   0x000009c0      0x154 build/stm32f3xx_hal_rcc.o
 .debug_frame   0x00000b14       0xd4 build/stm32f3xx_hal_gpio.o
 .debug_frame   0x00000be8      0x18c build/stm32f3xx_hal_dma.o
 .debug_frame   0x00000d74      0x138 build/stm32f3xx_hal_cortex.o
 .debug_frame   0x00000eac      0x4a8 build/stm32f3xx_hal_usart.o
 .debug_frame   0x00001354       0x30 build/system_stm32f3xx.o
 .debug_frame   0x00001384       0xb4 build/USART_DMA_F302R8_USART.o
 .debug_frame   0x00001438       0x2c build/USART_DMA_F302R8_it.o
 .debug_frame   0x00001464       0x3c build/USART_DMA_F302R8_GPIO.o
 .debug_frame   0x000014a0      0x108 build/USART_DMA_F302R8.o
 .debug_frame   0x000015a8       0x30 build/cstblk4_m.o
 .debug_frame   0x000015d8       0x5c build/convert.o
 .debug_frame   0x00001634       0x2c c:/program files (x86)/gnu tools arm embedded/4.9 2015q2/bin/../lib/gcc/arm-none-eabi/4.9.3/../../../../arm-none-eabi/lib/armv7e-m/fpu\libc_nano.a(lib_a-init.o)
 .debug_frame   0x00001660       0x30 c:/program files (x86)/gnu tools arm embedded/4.9 2015q2/bin/../lib/gcc/arm-none-eabi/4.9.3/../../../../arm-none-eabi/lib/armv7e-m/fpu\libc_nano.a(lib_a-malloc.o)
 .debug_frame   0x00001690       0x28 c:/program files (x86)/gnu tools arm embedded/4.9 2015q2/bin/../lib/gcc/arm-none-eabi/4.9.3/../../../../arm-none-eabi/lib/armv7e-m/fpu\libc_nano.a(lib_a-memcpy.o)
 .debug_frame   0x000016b8       0x2c c:/program files (x86)/gnu tools arm embedded/4.9 2015q2/bin/../lib/gcc/arm-none-eabi/4.9.3/../../../../arm-none-eabi/lib/armv7e-m/fpu\libc_nano.a(lib_a-nano-freer.o)
 .debug_frame   0x000016e4       0x2c c:/program files (x86)/gnu tools arm embedded/4.9 2015q2/bin/../lib/gcc/arm-none-eabi/4.9.3/../../../../arm-none-eabi/lib/armv7e-m/fpu\libc_nano.a(lib_a-nano-mallocr.o)
 .debug_frame   0x00001710       0x2c c:/program files (x86)/gnu tools arm embedded/4.9 2015q2/bin/../lib/gcc/arm-none-eabi/4.9.3/../../../../arm-none-eabi/lib/armv7e-m/fpu\libc_nano.a(lib_a-sbrkr.o)
 .debug_frame   0x0000173c       0x5c c:/program files (x86)/gnu tools arm embedded/4.9 2015q2/bin/../lib/gcc/arm-none-eabi/4.9.3/../../../../arm-none-eabi/lib/armv7e-m/fpu\libc_nano.a(lib_a-reent.o)
 .debug_frame   0x00001798       0x20 c:/program files (x86)/gnu tools arm embedded/4.9 2015q2/bin/../lib/gcc/arm-none-eabi/4.9.3/../../../../arm-none-eabi/lib/armv7e-m/fpu\libnosys.a(sbrk.o)

Cross Reference Table

Symbol                                            File
ADC1_IRQHandler                                   build/startup_stm32f302x8.o
AHBPrescTable                                     build/system_stm32f3xx.o
                                                  build/stm32f3xx_hal_rcc.o
APBPrescTable                                     build/system_stm32f3xx.o
                                                  build/stm32f3xx_hal_rcc.o
BusFault_Handler                                  build/startup_stm32f302x8.o
CAN_RX1_IRQHandler                                build/startup_stm32f302x8.o
CAN_SCE_IRQHandler                                build/startup_stm32f302x8.o
COMP2_IRQHandler                                  build/startup_stm32f302x8.o
COMP4_6_IRQHandler                                build/startup_stm32f302x8.o
DMA1_Channel1_IRQHandler                          build/startup_stm32f302x8.o
DMA1_Channel2_IRQHandler                          build/startup_stm32f302x8.o
DMA1_Channel3_IRQHandler                          build/startup_stm32f302x8.o
DMA1_Channel4_IRQHandler                          build/startup_stm32f302x8.o
DMA1_Channel5_IRQHandler                          build/startup_stm32f302x8.o
DMA1_Channel6_IRQHandler                          build/stm32f3xx_it.o
DMA1_Channel7_IRQHandler                          build/stm32f3xx_it.o
DebugMon_Handler                                  build/startup_stm32f302x8.o
Default_Handler                                   build/startup_stm32f302x8.o
EXTI0_IRQHandler                                  build/startup_stm32f302x8.o
EXTI13_Callback                                   build/USART_DMA_F302R8_it.o
                                                  build/USART_DMA_F302R8_GPIO.o
EXTI15_10_IRQHandler                              build/stm32f3xx_it.o
EXTI1_IRQHandler                                  build/startup_stm32f302x8.o
EXTI2_TSC_IRQHandler                              build/startup_stm32f302x8.o
EXTI3_IRQHandler                                  build/startup_stm32f302x8.o
EXTI4_IRQHandler                                  build/startup_stm32f302x8.o
EXTI9_5_IRQHandler                                build/startup_stm32f302x8.o
EXTI_Callback                                     build/USART_DMA_F302R8_GPIO.o
FLASH_IRQHandler                                  build/startup_stm32f302x8.o
FLASH_PageErase                                   build/stm32f3xx_hal_flash_ex.o
                                                  build/stm32f3xx_hal_flash.o
FLASH_WaitForLastOperation                        build/stm32f3xx_hal_flash.o
                                                  build/stm32f3xx_hal_flash_ex.o
FPU_IRQHandler                                    build/startup_stm32f302x8.o
GPIO_Initialize                                   build/USART_DMA_F302R8_GPIO.o
                                                  build/USART_DMA_F302R8.o
G_USART2_RxDataBuffer                             build/USART_DMA_F302R8_USART.o
                                                  build/USART_DMA_F302R8.o
G_USART2_TxDataBuffer                             build/USART_DMA_F302R8_USART.o
G_Usart_RxData                                    build/USART_DMA_F302R8_USART.o
G_Usart_RxHandler                                 build/USART_DMA_F302R8_USART.o
G_Usart_TxData                                    build/USART_DMA_F302R8_USART.o
G_Usart_TxHandler                                 build/USART_DMA_F302R8_USART.o
HAL_DBGMCU_DisableDBGSleepMode                    build/stm32f3xx_hal.o
HAL_DBGMCU_DisableDBGStandbyMode                  build/stm32f3xx_hal.o
HAL_DBGMCU_DisableDBGStopMode                     build/stm32f3xx_hal.o
HAL_DBGMCU_EnableDBGSleepMode                     build/stm32f3xx_hal.o
HAL_DBGMCU_EnableDBGStandbyMode                   build/stm32f3xx_hal.o
HAL_DBGMCU_EnableDBGStopMode                      build/stm32f3xx_hal.o
HAL_DMA_Abort                                     build/stm32f3xx_hal_dma.o
                                                  build/stm32f3xx_hal_usart.o
                                                  build/stm32f3xx_hal_uart.o
HAL_DMA_Abort_IT                                  build/stm32f3xx_hal_dma.o
                                                  build/stm32f3xx_hal_usart.o
                                                  build/stm32f3xx_hal_i2c.o
                                                  build/stm32f3xx_hal_uart.o
HAL_DMA_DeInit                                    build/stm32f3xx_hal_dma.o
                                                  build/stm32f3xx_hal_msp.o
HAL_DMA_GetError                                  build/stm32f3xx_hal_dma.o
HAL_DMA_GetState                                  build/stm32f3xx_hal_dma.o
HAL_DMA_IRQHandler                                build/stm32f3xx_hal_dma.o
                                                  build/stm32f3xx_it.o
HAL_DMA_Init                                      build/stm32f3xx_hal_dma.o
                                                  build/stm32f3xx_hal_msp.o
HAL_DMA_PollForTransfer                           build/stm32f3xx_hal_dma.o
HAL_DMA_RegisterCallback                          build/stm32f3xx_hal_dma.o
HAL_DMA_Start                                     build/stm32f3xx_hal_dma.o
HAL_DMA_Start_IT                                  build/stm32f3xx_hal_dma.o
                                                  build/stm32f3xx_hal_usart.o
                                                  build/stm32f3xx_hal_i2c.o
                                                  build/stm32f3xx_hal_uart.o
HAL_DMA_UnRegisterCallback                        build/stm32f3xx_hal_dma.o
HAL_DeInit                                        build/stm32f3xx_hal.o
HAL_Delay                                         build/stm32f3xx_hal.o
HAL_FLASHEx_Erase                                 build/stm32f3xx_hal_flash_ex.o
HAL_FLASHEx_Erase_IT                              build/stm32f3xx_hal_flash_ex.o
HAL_FLASHEx_OBErase                               build/stm32f3xx_hal_flash_ex.o
HAL_FLASHEx_OBGetConfig                           build/stm32f3xx_hal_flash_ex.o
HAL_FLASHEx_OBGetUserData                         build/stm32f3xx_hal_flash_ex.o
HAL_FLASHEx_OBProgram                             build/stm32f3xx_hal_flash_ex.o
HAL_FLASH_EndOfOperationCallback                  build/stm32f3xx_hal_flash.o
HAL_FLASH_GetError                                build/stm32f3xx_hal_flash.o
HAL_FLASH_IRQHandler                              build/stm32f3xx_hal_flash.o
HAL_FLASH_Lock                                    build/stm32f3xx_hal_flash.o
HAL_FLASH_OB_Launch                               build/stm32f3xx_hal_flash.o
HAL_FLASH_OB_Lock                                 build/stm32f3xx_hal_flash.o
HAL_FLASH_OB_Unlock                               build/stm32f3xx_hal_flash.o
HAL_FLASH_OperationErrorCallback                  build/stm32f3xx_hal_flash.o
HAL_FLASH_Program                                 build/stm32f3xx_hal_flash.o
HAL_FLASH_Program_IT                              build/stm32f3xx_hal_flash.o
HAL_FLASH_Unlock                                  build/stm32f3xx_hal_flash.o
HAL_GPIO_DeInit                                   build/stm32f3xx_hal_gpio.o
                                                  build/stm32f3xx_hal_msp.o
HAL_GPIO_EXTI_Callback                            build/USART_DMA_F302R8_GPIO.o
                                                  build/stm32f3xx_hal_gpio.o
HAL_GPIO_EXTI_IRQHandler                          build/stm32f3xx_hal_gpio.o
                                                  build/stm32f3xx_it.o
HAL_GPIO_Init                                     build/stm32f3xx_hal_gpio.o
                                                  build/stm32f3xx_hal_rcc.o
                                                  build/stm32f3xx_hal_msp.o
                                                  build/main.o
HAL_GPIO_LockPin                                  build/stm32f3xx_hal_gpio.o
HAL_GPIO_ReadPin                                  build/stm32f3xx_hal_gpio.o
HAL_GPIO_TogglePin                                build/stm32f3xx_hal_gpio.o
HAL_GPIO_WritePin                                 build/stm32f3xx_hal_gpio.o
                                                  build/main.o
HAL_GetDEVID                                      build/stm32f3xx_hal.o
HAL_GetHalVersion                                 build/stm32f3xx_hal.o
HAL_GetREVID                                      build/stm32f3xx_hal.o
HAL_GetTick                                       build/stm32f3xx_hal.o
                                                  build/stm32f3xx_hal_usart.o
                                                  build/stm32f3xx_hal_i2c.o
                                                  build/stm32f3xx_hal_flash.o
                                                  build/stm32f3xx_hal_dma.o
                                                  build/stm32f3xx_hal_rcc_ex.o
                                                  build/stm32f3xx_hal_rcc.o
                                                  build/stm32f3xx_hal_uart_ex.o
                                                  build/stm32f3xx_hal_uart.o
HAL_HalfDuplex_EnableReceiver                     build/stm32f3xx_hal_uart.o
HAL_HalfDuplex_EnableTransmitter                  build/stm32f3xx_hal_uart.o
HAL_HalfDuplex_Init                               build/stm32f3xx_hal_uart.o
HAL_I2CEx_ConfigAnalogFilter                      build/stm32f3xx_hal_i2c_ex.o
HAL_I2CEx_ConfigDigitalFilter                     build/stm32f3xx_hal_i2c_ex.o
HAL_I2CEx_DisableFastModePlus                     build/stm32f3xx_hal_i2c_ex.o
HAL_I2CEx_DisableWakeUp                           build/stm32f3xx_hal_i2c_ex.o
HAL_I2CEx_EnableFastModePlus                      build/stm32f3xx_hal_i2c_ex.o
HAL_I2CEx_EnableWakeUp                            build/stm32f3xx_hal_i2c_ex.o
HAL_I2C_AbortCpltCallback                         build/stm32f3xx_hal_i2c.o
HAL_I2C_AddrCallback                              build/stm32f3xx_hal_i2c.o
HAL_I2C_DeInit                                    build/stm32f3xx_hal_i2c.o
HAL_I2C_DisableListen_IT                          build/stm32f3xx_hal_i2c.o
HAL_I2C_ER_IRQHandler                             build/stm32f3xx_hal_i2c.o
HAL_I2C_EV_IRQHandler                             build/stm32f3xx_hal_i2c.o
HAL_I2C_EnableListen_IT                           build/stm32f3xx_hal_i2c.o
HAL_I2C_ErrorCallback                             build/stm32f3xx_hal_i2c.o
HAL_I2C_GetError                                  build/stm32f3xx_hal_i2c.o
HAL_I2C_GetMode                                   build/stm32f3xx_hal_i2c.o
HAL_I2C_GetState                                  build/stm32f3xx_hal_i2c.o
HAL_I2C_Init                                      build/stm32f3xx_hal_i2c.o
HAL_I2C_IsDeviceReady                             build/stm32f3xx_hal_i2c.o
HAL_I2C_ListenCpltCallback                        build/stm32f3xx_hal_i2c.o
HAL_I2C_MasterRxCpltCallback                      build/stm32f3xx_hal_i2c.o
HAL_I2C_MasterTxCpltCallback                      build/stm32f3xx_hal_i2c.o
HAL_I2C_Master_Abort_IT                           build/stm32f3xx_hal_i2c.o
HAL_I2C_Master_Receive                            build/stm32f3xx_hal_i2c.o
HAL_I2C_Master_Receive_DMA                        build/stm32f3xx_hal_i2c.o
HAL_I2C_Master_Receive_IT                         build/stm32f3xx_hal_i2c.o
HAL_I2C_Master_Sequential_Receive_IT              build/stm32f3xx_hal_i2c.o
HAL_I2C_Master_Sequential_Transmit_IT             build/stm32f3xx_hal_i2c.o
HAL_I2C_Master_Transmit                           build/stm32f3xx_hal_i2c.o
HAL_I2C_Master_Transmit_DMA                       build/stm32f3xx_hal_i2c.o
HAL_I2C_Master_Transmit_IT                        build/stm32f3xx_hal_i2c.o
HAL_I2C_MemRxCpltCallback                         build/stm32f3xx_hal_i2c.o
HAL_I2C_MemTxCpltCallback                         build/stm32f3xx_hal_i2c.o
HAL_I2C_Mem_Read                                  build/stm32f3xx_hal_i2c.o
HAL_I2C_Mem_Read_DMA                              build/stm32f3xx_hal_i2c.o
HAL_I2C_Mem_Read_IT                               build/stm32f3xx_hal_i2c.o
HAL_I2C_Mem_Write                                 build/stm32f3xx_hal_i2c.o
HAL_I2C_Mem_Write_DMA                             build/stm32f3xx_hal_i2c.o
HAL_I2C_Mem_Write_IT                              build/stm32f3xx_hal_i2c.o
HAL_I2C_MspDeInit                                 build/stm32f3xx_hal_i2c.o
HAL_I2C_MspInit                                   build/stm32f3xx_hal_i2c.o
HAL_I2C_SlaveRxCpltCallback                       build/stm32f3xx_hal_i2c.o
HAL_I2C_SlaveTxCpltCallback                       build/stm32f3xx_hal_i2c.o
HAL_I2C_Slave_Receive                             build/stm32f3xx_hal_i2c.o
HAL_I2C_Slave_Receive_DMA                         build/stm32f3xx_hal_i2c.o
HAL_I2C_Slave_Receive_IT                          build/stm32f3xx_hal_i2c.o
HAL_I2C_Slave_Sequential_Receive_IT               build/stm32f3xx_hal_i2c.o
HAL_I2C_Slave_Sequential_Transmit_IT              build/stm32f3xx_hal_i2c.o
HAL_I2C_Slave_Transmit                            build/stm32f3xx_hal_i2c.o
HAL_I2C_Slave_Transmit_DMA                        build/stm32f3xx_hal_i2c.o
HAL_I2C_Slave_Transmit_IT                         build/stm32f3xx_hal_i2c.o
HAL_IncTick                                       build/stm32f3xx_hal.o
                                                  build/stm32f3xx_it.o
                                                  build/main.o
HAL_Init                                          build/stm32f3xx_hal.o
                                                  build/main.o
HAL_InitTick                                      build/stm32f3xx_hal.o
                                                  build/stm32f3xx_hal_rcc.o
HAL_LIN_Init                                      build/stm32f3xx_hal_uart.o
HAL_LIN_SendBreak                                 build/stm32f3xx_hal_uart.o
HAL_MspDeInit                                     build/stm32f3xx_hal.o
HAL_MspInit                                       build/stm32f3xx_hal_msp.o
HAL_MultiProcessorEx_AddressLength_Set            build/stm32f3xx_hal_uart_ex.o
HAL_MultiProcessor_DisableMuteMode                build/stm32f3xx_hal_uart.o
HAL_MultiProcessor_EnableMuteMode                 build/stm32f3xx_hal_uart.o
HAL_MultiProcessor_EnterMuteMode                  build/stm32f3xx_hal_uart.o
HAL_MultiProcessor_Init                           build/stm32f3xx_hal_uart.o
HAL_NVIC_ClearPendingIRQ                          build/stm32f3xx_hal_cortex.o
HAL_NVIC_DisableIRQ                               build/stm32f3xx_hal_cortex.o
HAL_NVIC_EnableIRQ                                build/stm32f3xx_hal_cortex.o
                                                  build/main.o
HAL_NVIC_GetActive                                build/stm32f3xx_hal_cortex.o
HAL_NVIC_GetPendingIRQ                            build/stm32f3xx_hal_cortex.o
HAL_NVIC_GetPriority                              build/stm32f3xx_hal_cortex.o
HAL_NVIC_GetPriorityGrouping                      build/stm32f3xx_hal_cortex.o
HAL_NVIC_SetPendingIRQ                            build/stm32f3xx_hal_cortex.o
HAL_NVIC_SetPriority                              build/stm32f3xx_hal_cortex.o
                                                  build/stm32f3xx_hal.o
                                                  build/stm32f3xx_hal_msp.o
                                                  build/main.o
HAL_NVIC_SetPriorityGrouping                      build/stm32f3xx_hal_cortex.o
                                                  build/stm32f3xx_hal.o
                                                  build/stm32f3xx_hal_msp.o
HAL_NVIC_SystemReset                              build/stm32f3xx_hal_cortex.o
HAL_PWR_ConfigPVD                                 build/stm32f3xx_hal_pwr_ex.o
HAL_PWR_DeInit                                    build/stm32f3xx_hal_pwr.o
HAL_PWR_DisableBkUpAccess                         build/stm32f3xx_hal_pwr.o
HAL_PWR_DisablePVD                                build/stm32f3xx_hal_pwr_ex.o
HAL_PWR_DisableSEVOnPend                          build/stm32f3xx_hal_pwr.o
HAL_PWR_DisableSleepOnExit                        build/stm32f3xx_hal_pwr.o
HAL_PWR_DisableWakeUpPin                          build/stm32f3xx_hal_pwr.o
HAL_PWR_EnableBkUpAccess                          build/stm32f3xx_hal_pwr.o
HAL_PWR_EnablePVD                                 build/stm32f3xx_hal_pwr_ex.o
HAL_PWR_EnableSEVOnPend                           build/stm32f3xx_hal_pwr.o
HAL_PWR_EnableSleepOnExit                         build/stm32f3xx_hal_pwr.o
HAL_PWR_EnableWakeUpPin                           build/stm32f3xx_hal_pwr.o
HAL_PWR_EnterSLEEPMode                            build/stm32f3xx_hal_pwr.o
HAL_PWR_EnterSTANDBYMode                          build/stm32f3xx_hal_pwr.o
HAL_PWR_EnterSTOPMode                             build/stm32f3xx_hal_pwr.o
HAL_PWR_PVDCallback                               build/stm32f3xx_hal_pwr_ex.o
HAL_PWR_PVD_IRQHandler                            build/stm32f3xx_hal_pwr_ex.o
HAL_RCCEx_GetPeriphCLKConfig                      build/stm32f3xx_hal_rcc_ex.o
HAL_RCCEx_GetPeriphCLKFreq                        build/stm32f3xx_hal_rcc_ex.o
HAL_RCCEx_PeriphCLKConfig                         build/stm32f3xx_hal_rcc_ex.o
HAL_RCC_CSSCallback                               build/stm32f3xx_hal_rcc.o
HAL_RCC_ClockConfig                               build/stm32f3xx_hal_rcc.o
                                                  build/main.o
HAL_RCC_DeInit                                    build/stm32f3xx_hal_rcc.o
HAL_RCC_DisableCSS                                build/stm32f3xx_hal_rcc.o
HAL_RCC_EnableCSS                                 build/stm32f3xx_hal_rcc.o
HAL_RCC_GetClockConfig                            build/stm32f3xx_hal_rcc.o
HAL_RCC_GetHCLKFreq                               build/stm32f3xx_hal_rcc.o
                                                  build/main.o
HAL_RCC_GetOscConfig                              build/stm32f3xx_hal_rcc.o
HAL_RCC_GetPCLK1Freq                              build/stm32f3xx_hal_rcc.o
                                                  build/stm32f3xx_hal_usart.o
                                                  build/stm32f3xx_hal_rcc_ex.o
                                                  build/stm32f3xx_hal_uart.o
HAL_RCC_GetPCLK2Freq                              build/stm32f3xx_hal_rcc.o
                                                  build/stm32f3xx_hal_usart.o
                                                  build/stm32f3xx_hal_uart.o
HAL_RCC_GetSysClockFreq                           build/stm32f3xx_hal_rcc.o
                                                  build/stm32f3xx_hal_usart.o
                                                  build/stm32f3xx_hal_rcc_ex.o
                                                  build/stm32f3xx_hal_uart.o
HAL_RCC_MCOConfig                                 build/stm32f3xx_hal_rcc.o
HAL_RCC_NMI_IRQHandler                            build/stm32f3xx_hal_rcc.o
HAL_RCC_OscConfig                                 build/stm32f3xx_hal_rcc.o
                                                  build/main.o
HAL_RS485Ex_Init                                  build/stm32f3xx_hal_uart_ex.o
HAL_ResumeTick                                    build/stm32f3xx_hal.o
HAL_SYSTICK_CLKSourceConfig                       build/stm32f3xx_hal_cortex.o
                                                  build/main.o
HAL_SYSTICK_Callback                              build/main.o
HAL_SYSTICK_Config                                build/stm32f3xx_hal_cortex.o
                                                  build/stm32f3xx_hal.o
                                                  build/main.o
HAL_SYSTICK_IRQHandler                            build/stm32f3xx_hal_cortex.o
                                                  build/stm32f3xx_it.o
HAL_SuspendTick                                   build/stm32f3xx_hal.o
HAL_UARTEx_DisableStopMode                        build/stm32f3xx_hal_uart_ex.o
HAL_UARTEx_EnableStopMode                         build/stm32f3xx_hal_uart_ex.o
HAL_UARTEx_StopModeWakeUpSourceConfig             build/stm32f3xx_hal_uart_ex.o
HAL_UARTEx_WakeupCallback                         build/stm32f3xx_hal_uart_ex.o
                                                  build/stm32f3xx_hal_uart.o
HAL_UART_Abort                                    build/stm32f3xx_hal_uart.o
HAL_UART_AbortCpltCallback                        build/stm32f3xx_hal_uart.o
HAL_UART_AbortReceive                             build/stm32f3xx_hal_uart.o
HAL_UART_AbortReceiveCpltCallback                 build/stm32f3xx_hal_uart.o
HAL_UART_AbortReceive_IT                          build/stm32f3xx_hal_uart.o
HAL_UART_AbortTransmit                            build/stm32f3xx_hal_uart.o
HAL_UART_AbortTransmitCpltCallback                build/stm32f3xx_hal_uart.o
HAL_UART_AbortTransmit_IT                         build/stm32f3xx_hal_uart.o
HAL_UART_Abort_IT                                 build/stm32f3xx_hal_uart.o
HAL_UART_DMAPause                                 build/stm32f3xx_hal_uart.o
HAL_UART_DMAResume                                build/stm32f3xx_hal_uart.o
HAL_UART_DMAStop                                  build/stm32f3xx_hal_uart.o
HAL_UART_DeInit                                   build/stm32f3xx_hal_uart.o
HAL_UART_ErrorCallback                            build/stm32f3xx_hal_uart.o
HAL_UART_GetError                                 build/stm32f3xx_hal_uart.o
HAL_UART_GetState                                 build/stm32f3xx_hal_uart.o
HAL_UART_IRQHandler                               build/stm32f3xx_hal_uart.o
HAL_UART_Init                                     build/stm32f3xx_hal_uart.o
                                                  build/main.o
HAL_UART_MspDeInit                                build/stm32f3xx_hal_msp.o
HAL_UART_MspInit                                  build/stm32f3xx_hal_msp.o
                                                  build/stm32f3xx_hal_uart_ex.o
HAL_UART_Receive                                  build/stm32f3xx_hal_uart.o
HAL_UART_Receive_DMA                              build/stm32f3xx_hal_uart.o
                                                  build/USART_DMA_F302R8.o
HAL_UART_Receive_IT                               build/stm32f3xx_hal_uart.o
HAL_UART_RxCpltCallback                           build/USART_DMA_F302R8_USART.o
                                                  build/stm32f3xx_hal_uart.o
HAL_UART_RxHalfCpltCallback                       build/stm32f3xx_hal_uart.o
HAL_UART_Transmit                                 build/stm32f3xx_hal_uart.o
HAL_UART_Transmit_DMA                             build/stm32f3xx_hal_uart.o
                                                  build/USART_DMA_F302R8_USART.o
HAL_UART_Transmit_IT                              build/stm32f3xx_hal_uart.o
HAL_UART_TxCpltCallback                           build/USART_DMA_F302R8_USART.o
                                                  build/stm32f3xx_hal_uart.o
HAL_UART_TxHalfCpltCallback                       build/stm32f3xx_hal_uart.o
HAL_USART_Abort                                   build/stm32f3xx_hal_usart.o
HAL_USART_AbortCpltCallback                       build/stm32f3xx_hal_usart.o
HAL_USART_Abort_IT                                build/stm32f3xx_hal_usart.o
HAL_USART_DMAPause                                build/stm32f3xx_hal_usart.o
HAL_USART_DMAResume                               build/stm32f3xx_hal_usart.o
HAL_USART_DMAStop                                 build/stm32f3xx_hal_usart.o
HAL_USART_DeInit                                  build/stm32f3xx_hal_usart.o
HAL_USART_ErrorCallback                           build/stm32f3xx_hal_usart.o
HAL_USART_GetError                                build/stm32f3xx_hal_usart.o
HAL_USART_GetState                                build/stm32f3xx_hal_usart.o
HAL_USART_IRQHandler                              build/stm32f3xx_hal_usart.o
HAL_USART_Init                                    build/stm32f3xx_hal_usart.o
                                                  build/main.o
HAL_USART_MspDeInit                               build/stm32f3xx_hal_msp.o
HAL_USART_MspInit                                 build/stm32f3xx_hal_msp.o
HAL_USART_Receive                                 build/stm32f3xx_hal_usart.o
HAL_USART_Receive_DMA                             build/stm32f3xx_hal_usart.o
HAL_USART_Receive_IT                              build/stm32f3xx_hal_usart.o
HAL_USART_RxCpltCallback                          build/stm32f3xx_hal_usart.o
HAL_USART_RxHalfCpltCallback                      build/stm32f3xx_hal_usart.o
HAL_USART_Transmit                                build/stm32f3xx_hal_usart.o
HAL_USART_TransmitReceive                         build/stm32f3xx_hal_usart.o
HAL_USART_TransmitReceive_DMA                     build/stm32f3xx_hal_usart.o
HAL_USART_TransmitReceive_IT                      build/stm32f3xx_hal_usart.o
HAL_USART_Transmit_DMA                            build/stm32f3xx_hal_usart.o
HAL_USART_Transmit_IT                             build/stm32f3xx_hal_usart.o
HAL_USART_TxCpltCallback                          build/stm32f3xx_hal_usart.o
HAL_USART_TxHalfCpltCallback                      build/stm32f3xx_hal_usart.o
HAL_USART_TxRxCpltCallback                        build/stm32f3xx_hal_usart.o
HardFault_Handler                                 build/startup_stm32f302x8.o
I2C1_ER_IRQHandler                                build/startup_stm32f302x8.o
I2C1_EV_IRQHandler                                build/startup_stm32f302x8.o
I2C2_ER_IRQHandler                                build/startup_stm32f302x8.o
I2C2_EV_IRQHandler                                build/startup_stm32f302x8.o
I2C3_ER_IRQHandler                                build/startup_stm32f302x8.o
I2C3_EV_IRQHandler                                build/startup_stm32f302x8.o
IPAR1                                             build/USART_DMA_F302R8.o
MemManage_Handler                                 build/startup_stm32f302x8.o
NMI_Handler                                       build/startup_stm32f302x8.o
PVD_IRQHandler                                    build/startup_stm32f302x8.o
PendSV_Handler                                    build/startup_stm32f302x8.o
RCC_IRQHandler                                    build/startup_stm32f302x8.o
RPAR1                                             build/USART_DMA_F302R8.o
RTC_Alarm_IRQHandler                              build/startup_stm32f302x8.o
RTC_WKUP_IRQHandler                               build/startup_stm32f302x8.o
Reset_Handler                                     build/startup_stm32f302x8.o
SPI2_IRQHandler                                   build/startup_stm32f302x8.o
SPI3_IRQHandler                                   build/startup_stm32f302x8.o
SVC_Handler                                       build/startup_stm32f302x8.o
SysTick_Handler                                   build/stm32f3xx_it.o
SystemClock_Config                                build/main.o
SystemCoreClock                                   build/system_stm32f3xx.o
                                                  build/stm32f3xx_hal_rcc_ex.o
                                                  build/stm32f3xx_hal_rcc.o
                                                  build/stm32f3xx_hal.o
                                                  build/main.o
SystemCoreClockUpdate                             build/system_stm32f3xx.o
SystemInit                                        build/system_stm32f3xx.o
                                                  build/startup_stm32f302x8.o
TAMP_STAMP_IRQHandler                             build/startup_stm32f302x8.o
TIM1_BRK_TIM15_IRQHandler                         build/startup_stm32f302x8.o
TIM1_CC_IRQHandler                                build/startup_stm32f302x8.o
TIM1_TRG_COM_TIM17_IRQHandler                     build/startup_stm32f302x8.o
TIM1_UP_TIM16_IRQHandler                          build/startup_stm32f302x8.o
TIM2_IRQHandler                                   build/startup_stm32f302x8.o
TIM6_DAC_IRQHandler                               build/startup_stm32f302x8.o
UART_AdvFeatureConfig                             build/stm32f3xx_hal_uart.o
                                                  build/stm32f3xx_hal_uart_ex.o
UART_CheckIdleState                               build/stm32f3xx_hal_uart.o
                                                  build/stm32f3xx_hal_uart_ex.o
UART_EndTransmit_IT                               build/stm32f3xx_hal_uart.o
UART_Receive_IT                                   build/stm32f3xx_hal_uart.o
UART_SetConfig                                    build/stm32f3xx_hal_uart.o
                                                  build/stm32f3xx_hal_uart_ex.o
UART_Transmit_IT                                  build/stm32f3xx_hal_uart.o
UART_WaitOnFlagUntilTimeout                       build/stm32f3xx_hal_uart.o
                                                  build/stm32f3xx_hal_uart_ex.o
UART_Wakeup_AddressConfig                         build/stm32f3xx_hal_uart.o
                                                  build/stm32f3xx_hal_uart_ex.o
USART1_IRQHandler                                 build/startup_stm32f302x8.o
USART2_CopyDataFcn                                build/USART_DMA_F302R8_USART.o
                                                  build/USART_DMA_F302R8_it.o
USART2_IRQHandler                                 build/startup_stm32f302x8.o
USART2_RxDataLink                                 build/USART_DMA_F302R8_USART.o
                                                  build/USART_DMA_F302R8.o
USART2_Rx_Initialization                          build/USART_DMA_F302R8_USART.o
USART2_SendDataFcn                                build/USART_DMA_F302R8_USART.o
                                                  build/USART_DMA_F302R8_it.o
USART2_TxDataLink                                 build/USART_DMA_F302R8_USART.o
                                                  build/USART_DMA_F302R8_it.o
USART2_Tx_Initialization                          build/USART_DMA_F302R8_USART.o
USART3_IRQHandler                                 build/startup_stm32f302x8.o
USART_DMA_F302R8_Initialize                       build/USART_DMA_F302R8.o
                                                  build/main.o
USART_DMA_F302R8_Step1                            build/USART_DMA_F302R8.o
                                                  build/main.o
USART_DMA_F302R8_block_outtbptr                   build/USART_DMA_F302R8.o
                                                  build/USART_DMA_F302R8_it.o
                                                  build/USART_DMA_F302R8_USART.o
USART_Initialize                                  build/USART_DMA_F302R8_USART.o
                                                  build/USART_DMA_F302R8.o
USBWakeUp_IRQHandler                              build/startup_stm32f302x8.o
USBWakeUp_RMP_IRQHandler                          build/startup_stm32f302x8.o
USB_HP_CAN_TX_IRQHandler                          build/startup_stm32f302x8.o
USB_HP_IRQHandler                                 build/startup_stm32f302x8.o
USB_LP_CAN_RX0_IRQHandler                         build/startup_stm32f302x8.o
USB_LP_IRQHandler                                 build/startup_stm32f302x8.o
UsageFault_Handler                                build/startup_stm32f302x8.o
WWDG_IRQHandler                                   build/startup_stm32f302x8.o
_Error_Handler                                    build/main.o
                                                  build/stm32f3xx_hal_msp.o
_Jv_RegisterClasses                               c:/program files (x86)/gnu tools arm embedded/4.9 2015q2/bin/../lib/gcc/arm-none-eabi/4.9.3/armv7e-m/fpu/crtbegin.o
__adddf3                                          c:/program files (x86)/gnu tools arm embedded/4.9 2015q2/bin/../lib/gcc/arm-none-eabi/4.9.3/armv7e-m/fpu\libgcc.a(_arm_addsubdf3.o)
__aeabi_cdcmpeq                                   c:/program files (x86)/gnu tools arm embedded/4.9 2015q2/bin/../lib/gcc/arm-none-eabi/4.9.3/armv7e-m/fpu\libgcc.a(_arm_cmpdf2.o)
__aeabi_cdcmple                                   c:/program files (x86)/gnu tools arm embedded/4.9 2015q2/bin/../lib/gcc/arm-none-eabi/4.9.3/armv7e-m/fpu\libgcc.a(_arm_cmpdf2.o)
__aeabi_cdrcmple                                  c:/program files (x86)/gnu tools arm embedded/4.9 2015q2/bin/../lib/gcc/arm-none-eabi/4.9.3/armv7e-m/fpu\libgcc.a(_arm_cmpdf2.o)
__aeabi_d2iz                                      c:/program files (x86)/gnu tools arm embedded/4.9 2015q2/bin/../lib/gcc/arm-none-eabi/4.9.3/armv7e-m/fpu\libgcc.a(_arm_fixdfsi.o)
                                                  build/convert.o
__aeabi_d2uiz                                     c:/program files (x86)/gnu tools arm embedded/4.9 2015q2/bin/../lib/gcc/arm-none-eabi/4.9.3/armv7e-m/fpu\libgcc.a(_arm_fixunsdfsi.o)
                                                  build/convert.o
                                                  build/main.o
__aeabi_dadd                                      c:/program files (x86)/gnu tools arm embedded/4.9 2015q2/bin/../lib/gcc/arm-none-eabi/4.9.3/armv7e-m/fpu\libgcc.a(_arm_addsubdf3.o)
                                                  build/main.o
__aeabi_dcmpeq                                    c:/program files (x86)/gnu tools arm embedded/4.9 2015q2/bin/../lib/gcc/arm-none-eabi/4.9.3/armv7e-m/fpu\libgcc.a(_arm_cmpdf2.o)
__aeabi_dcmpge                                    c:/program files (x86)/gnu tools arm embedded/4.9 2015q2/bin/../lib/gcc/arm-none-eabi/4.9.3/armv7e-m/fpu\libgcc.a(_arm_cmpdf2.o)
                                                  build/convert.o
__aeabi_dcmpgt                                    c:/program files (x86)/gnu tools arm embedded/4.9 2015q2/bin/../lib/gcc/arm-none-eabi/4.9.3/armv7e-m/fpu\libgcc.a(_arm_cmpdf2.o)
                                                  build/convert.o
__aeabi_dcmple                                    c:/program files (x86)/gnu tools arm embedded/4.9 2015q2/bin/../lib/gcc/arm-none-eabi/4.9.3/armv7e-m/fpu\libgcc.a(_arm_cmpdf2.o)
__aeabi_dcmplt                                    c:/program files (x86)/gnu tools arm embedded/4.9 2015q2/bin/../lib/gcc/arm-none-eabi/4.9.3/armv7e-m/fpu\libgcc.a(_arm_cmpdf2.o)
                                                  build/convert.o
__aeabi_ddiv                                      c:/program files (x86)/gnu tools arm embedded/4.9 2015q2/bin/../lib/gcc/arm-none-eabi/4.9.3/armv7e-m/fpu\libgcc.a(_arm_muldivdf3.o)
__aeabi_dmul                                      c:/program files (x86)/gnu tools arm embedded/4.9 2015q2/bin/../lib/gcc/arm-none-eabi/4.9.3/armv7e-m/fpu\libgcc.a(_arm_muldivdf3.o)
                                                  build/convert.o
                                                  build/main.o
__aeabi_drsub                                     c:/program files (x86)/gnu tools arm embedded/4.9 2015q2/bin/../lib/gcc/arm-none-eabi/4.9.3/armv7e-m/fpu\libgcc.a(_arm_addsubdf3.o)
__aeabi_dsub                                      c:/program files (x86)/gnu tools arm embedded/4.9 2015q2/bin/../lib/gcc/arm-none-eabi/4.9.3/armv7e-m/fpu\libgcc.a(_arm_addsubdf3.o)
                                                  build/convert.o
__aeabi_f2d                                       c:/program files (x86)/gnu tools arm embedded/4.9 2015q2/bin/../lib/gcc/arm-none-eabi/4.9.3/armv7e-m/fpu\libgcc.a(_arm_addsubdf3.o)
__aeabi_i2d                                       c:/program files (x86)/gnu tools arm embedded/4.9 2015q2/bin/../lib/gcc/arm-none-eabi/4.9.3/armv7e-m/fpu\libgcc.a(_arm_addsubdf3.o)
                                                  build/convert.o
__aeabi_l2d                                       c:/program files (x86)/gnu tools arm embedded/4.9 2015q2/bin/../lib/gcc/arm-none-eabi/4.9.3/armv7e-m/fpu\libgcc.a(_arm_addsubdf3.o)
__aeabi_ui2d                                      c:/program files (x86)/gnu tools arm embedded/4.9 2015q2/bin/../lib/gcc/arm-none-eabi/4.9.3/armv7e-m/fpu\libgcc.a(_arm_addsubdf3.o)
                                                  build/convert.o
                                                  build/main.o
__aeabi_ul2d                                      c:/program files (x86)/gnu tools arm embedded/4.9 2015q2/bin/../lib/gcc/arm-none-eabi/4.9.3/armv7e-m/fpu\libgcc.a(_arm_addsubdf3.o)
__bss_end__                                       c:/program files (x86)/gnu tools arm embedded/4.9 2015q2/bin/../lib/gcc/arm-none-eabi/4.9.3/../../../../arm-none-eabi/lib/armv7e-m/fpu/crt0.o
__bss_start__                                     c:/program files (x86)/gnu tools arm embedded/4.9 2015q2/bin/../lib/gcc/arm-none-eabi/4.9.3/../../../../arm-none-eabi/lib/armv7e-m/fpu/crt0.o
__call_exitprocs                                  c:/program files (x86)/gnu tools arm embedded/4.9 2015q2/bin/../lib/gcc/arm-none-eabi/4.9.3/../../../../arm-none-eabi/lib/armv7e-m/fpu\libc_nano.a(lib_a-exit.o)
__cmpdf2                                          c:/program files (x86)/gnu tools arm embedded/4.9 2015q2/bin/../lib/gcc/arm-none-eabi/4.9.3/armv7e-m/fpu\libgcc.a(_arm_cmpdf2.o)
__deregister_frame_info                           c:/program files (x86)/gnu tools arm embedded/4.9 2015q2/bin/../lib/gcc/arm-none-eabi/4.9.3/armv7e-m/fpu/crtbegin.o
__divdf3                                          c:/program files (x86)/gnu tools arm embedded/4.9 2015q2/bin/../lib/gcc/arm-none-eabi/4.9.3/armv7e-m/fpu\libgcc.a(_arm_muldivdf3.o)
__dso_handle                                      c:/program files (x86)/gnu tools arm embedded/4.9 2015q2/bin/../lib/gcc/arm-none-eabi/4.9.3/armv7e-m/fpu/crtbegin.o
__eqdf2                                           c:/program files (x86)/gnu tools arm embedded/4.9 2015q2/bin/../lib/gcc/arm-none-eabi/4.9.3/armv7e-m/fpu\libgcc.a(_arm_cmpdf2.o)
__extendsfdf2                                     c:/program files (x86)/gnu tools arm embedded/4.9 2015q2/bin/../lib/gcc/arm-none-eabi/4.9.3/armv7e-m/fpu\libgcc.a(_arm_addsubdf3.o)
__fixdfsi                                         c:/program files (x86)/gnu tools arm embedded/4.9 2015q2/bin/../lib/gcc/arm-none-eabi/4.9.3/armv7e-m/fpu\libgcc.a(_arm_fixdfsi.o)
__fixunsdfsi                                      c:/program files (x86)/gnu tools arm embedded/4.9 2015q2/bin/../lib/gcc/arm-none-eabi/4.9.3/armv7e-m/fpu\libgcc.a(_arm_fixunsdfsi.o)
__floatdidf                                       c:/program files (x86)/gnu tools arm embedded/4.9 2015q2/bin/../lib/gcc/arm-none-eabi/4.9.3/armv7e-m/fpu\libgcc.a(_arm_addsubdf3.o)
__floatsidf                                       c:/program files (x86)/gnu tools arm embedded/4.9 2015q2/bin/../lib/gcc/arm-none-eabi/4.9.3/armv7e-m/fpu\libgcc.a(_arm_addsubdf3.o)
__floatundidf                                     c:/program files (x86)/gnu tools arm embedded/4.9 2015q2/bin/../lib/gcc/arm-none-eabi/4.9.3/armv7e-m/fpu\libgcc.a(_arm_addsubdf3.o)
__floatunsidf                                     c:/program files (x86)/gnu tools arm embedded/4.9 2015q2/bin/../lib/gcc/arm-none-eabi/4.9.3/armv7e-m/fpu\libgcc.a(_arm_addsubdf3.o)
__gedf2                                           c:/program files (x86)/gnu tools arm embedded/4.9 2015q2/bin/../lib/gcc/arm-none-eabi/4.9.3/armv7e-m/fpu\libgcc.a(_arm_cmpdf2.o)
__gtdf2                                           c:/program files (x86)/gnu tools arm embedded/4.9 2015q2/bin/../lib/gcc/arm-none-eabi/4.9.3/armv7e-m/fpu\libgcc.a(_arm_cmpdf2.o)
__init_array_end                                  c:/program files (x86)/gnu tools arm embedded/4.9 2015q2/bin/../lib/gcc/arm-none-eabi/4.9.3/../../../../arm-none-eabi/lib/armv7e-m/fpu\libc_nano.a(lib_a-init.o)
__init_array_start                                c:/program files (x86)/gnu tools arm embedded/4.9 2015q2/bin/../lib/gcc/arm-none-eabi/4.9.3/../../../../arm-none-eabi/lib/armv7e-m/fpu\libc_nano.a(lib_a-init.o)
__ledf2                                           c:/program files (x86)/gnu tools arm embedded/4.9 2015q2/bin/../lib/gcc/arm-none-eabi/4.9.3/armv7e-m/fpu\libgcc.a(_arm_cmpdf2.o)
__libc_fini_array                                 c:/program files (x86)/gnu tools arm embedded/4.9 2015q2/bin/../lib/gcc/arm-none-eabi/4.9.3/../../../../arm-none-eabi/lib/armv7e-m/fpu/crt0.o
__libc_init_array                                 c:/program files (x86)/gnu tools arm embedded/4.9 2015q2/bin/../lib/gcc/arm-none-eabi/4.9.3/../../../../arm-none-eabi/lib/armv7e-m/fpu\libc_nano.a(lib_a-init.o)
                                                  build/startup_stm32f302x8.o
                                                  c:/program files (x86)/gnu tools arm embedded/4.9 2015q2/bin/../lib/gcc/arm-none-eabi/4.9.3/../../../../arm-none-eabi/lib/armv7e-m/fpu/crt0.o
__ltdf2                                           c:/program files (x86)/gnu tools arm embedded/4.9 2015q2/bin/../lib/gcc/arm-none-eabi/4.9.3/armv7e-m/fpu\libgcc.a(_arm_cmpdf2.o)
__malloc_free_list                                c:/program files (x86)/gnu tools arm embedded/4.9 2015q2/bin/../lib/gcc/arm-none-eabi/4.9.3/../../../../arm-none-eabi/lib/armv7e-m/fpu\libc_nano.a(lib_a-nano-mallocr.o)
                                                  c:/program files (x86)/gnu tools arm embedded/4.9 2015q2/bin/../lib/gcc/arm-none-eabi/4.9.3/../../../../arm-none-eabi/lib/armv7e-m/fpu\libc_nano.a(lib_a-nano-freer.o)
__malloc_sbrk_start                               c:/program files (x86)/gnu tools arm embedded/4.9 2015q2/bin/../lib/gcc/arm-none-eabi/4.9.3/../../../../arm-none-eabi/lib/armv7e-m/fpu\libc_nano.a(lib_a-nano-mallocr.o)
__muldf3                                          c:/program files (x86)/gnu tools arm embedded/4.9 2015q2/bin/../lib/gcc/arm-none-eabi/4.9.3/armv7e-m/fpu\libgcc.a(_arm_muldivdf3.o)
__nedf2                                           c:/program files (x86)/gnu tools arm embedded/4.9 2015q2/bin/../lib/gcc/arm-none-eabi/4.9.3/armv7e-m/fpu\libgcc.a(_arm_cmpdf2.o)
__preinit_array_end                               c:/program files (x86)/gnu tools arm embedded/4.9 2015q2/bin/../lib/gcc/arm-none-eabi/4.9.3/../../../../arm-none-eabi/lib/armv7e-m/fpu\libc_nano.a(lib_a-init.o)
__preinit_array_start                             c:/program files (x86)/gnu tools arm embedded/4.9 2015q2/bin/../lib/gcc/arm-none-eabi/4.9.3/../../../../arm-none-eabi/lib/armv7e-m/fpu\libc_nano.a(lib_a-init.o)
__register_frame_info                             c:/program files (x86)/gnu tools arm embedded/4.9 2015q2/bin/../lib/gcc/arm-none-eabi/4.9.3/armv7e-m/fpu/crtbegin.o
__sf_fake_stderr                                  c:/program files (x86)/gnu tools arm embedded/4.9 2015q2/bin/../lib/gcc/arm-none-eabi/4.9.3/../../../../arm-none-eabi/lib/armv7e-m/fpu\libc_nano.a(lib_a-impure.o)
__sf_fake_stdin                                   c:/program files (x86)/gnu tools arm embedded/4.9 2015q2/bin/../lib/gcc/arm-none-eabi/4.9.3/../../../../arm-none-eabi/lib/armv7e-m/fpu\libc_nano.a(lib_a-impure.o)
__sf_fake_stdout                                  c:/program files (x86)/gnu tools arm embedded/4.9 2015q2/bin/../lib/gcc/arm-none-eabi/4.9.3/../../../../arm-none-eabi/lib/armv7e-m/fpu\libc_nano.a(lib_a-impure.o)
__stack                                           c:/program files (x86)/gnu tools arm embedded/4.9 2015q2/bin/../lib/gcc/arm-none-eabi/4.9.3/../../../../arm-none-eabi/lib/armv7e-m/fpu/crt0.o
__subdf3                                          c:/program files (x86)/gnu tools arm embedded/4.9 2015q2/bin/../lib/gcc/arm-none-eabi/4.9.3/armv7e-m/fpu\libgcc.a(_arm_addsubdf3.o)